Archive member included because of file (symbol)

c:/altera/12.1sp1/nios2eds/bin/gnu/h-i686-mingw32/bin/../lib/gcc/nios2-elf/4.1.2/../../../../nios2-elf/lib/mhw-mulx\libc.a(lib_a-puts.o)
                              obj/default/main.o (puts)
c:/altera/12.1sp1/nios2eds/bin/gnu/h-i686-mingw32/bin/../lib/gcc/nios2-elf/4.1.2/../../../../nios2-elf/lib/mhw-mulx\libc.a(lib_a-strlen.o)
                              c:/altera/12.1sp1/nios2eds/bin/gnu/h-i686-mingw32/bin/../lib/gcc/nios2-elf/4.1.2/../../../../nios2-elf/lib/mhw-mulx\libc.a(lib_a-puts.o) (strlen)
c:/altera/12.1sp1/nios2eds/bin/gnu/h-i686-mingw32/bin/../lib/gcc/nios2-elf/4.1.2/../../../../nios2-elf/lib/mhw-mulx\libc.a(lib_a-fvwrite.o)
                              c:/altera/12.1sp1/nios2eds/bin/gnu/h-i686-mingw32/bin/../lib/gcc/nios2-elf/4.1.2/../../../../nios2-elf/lib/mhw-mulx\libc.a(lib_a-puts.o) (__sfvwrite_r)
c:/altera/12.1sp1/nios2eds/bin/gnu/h-i686-mingw32/bin/../lib/gcc/nios2-elf/4.1.2/../../../../nios2-elf/lib/mhw-mulx\libc.a(lib_a-impure.o)
                              c:/altera/12.1sp1/nios2eds/bin/gnu/h-i686-mingw32/bin/../lib/gcc/nios2-elf/4.1.2/../../../../nios2-elf/lib/mhw-mulx\libc.a(lib_a-puts.o) (_impure_ptr)
c:/altera/12.1sp1/nios2eds/bin/gnu/h-i686-mingw32/bin/../lib/gcc/nios2-elf/4.1.2/../../../../nios2-elf/lib/mhw-mulx\libc.a(lib_a-mallocr.o)
                              c:/altera/12.1sp1/nios2eds/bin/gnu/h-i686-mingw32/bin/../lib/gcc/nios2-elf/4.1.2/../../../../nios2-elf/lib/mhw-mulx\libc.a(lib_a-fvwrite.o) (_malloc_r)
c:/altera/12.1sp1/nios2eds/bin/gnu/h-i686-mingw32/bin/../lib/gcc/nios2-elf/4.1.2/../../../../nios2-elf/lib/mhw-mulx\libc.a(lib_a-memchr.o)
                              c:/altera/12.1sp1/nios2eds/bin/gnu/h-i686-mingw32/bin/../lib/gcc/nios2-elf/4.1.2/../../../../nios2-elf/lib/mhw-mulx\libc.a(lib_a-fvwrite.o) (memchr)
c:/altera/12.1sp1/nios2eds/bin/gnu/h-i686-mingw32/bin/../lib/gcc/nios2-elf/4.1.2/../../../../nios2-elf/lib/mhw-mulx\libc.a(lib_a-memcpy.o)
                              c:/altera/12.1sp1/nios2eds/bin/gnu/h-i686-mingw32/bin/../lib/gcc/nios2-elf/4.1.2/../../../../nios2-elf/lib/mhw-mulx\libc.a(lib_a-fvwrite.o) (memcpy)
c:/altera/12.1sp1/nios2eds/bin/gnu/h-i686-mingw32/bin/../lib/gcc/nios2-elf/4.1.2/../../../../nios2-elf/lib/mhw-mulx\libc.a(lib_a-memmove.o)
                              c:/altera/12.1sp1/nios2eds/bin/gnu/h-i686-mingw32/bin/../lib/gcc/nios2-elf/4.1.2/../../../../nios2-elf/lib/mhw-mulx\libc.a(lib_a-fvwrite.o) (memmove)
c:/altera/12.1sp1/nios2eds/bin/gnu/h-i686-mingw32/bin/../lib/gcc/nios2-elf/4.1.2/../../../../nios2-elf/lib/mhw-mulx\libc.a(lib_a-reallocr.o)
                              c:/altera/12.1sp1/nios2eds/bin/gnu/h-i686-mingw32/bin/../lib/gcc/nios2-elf/4.1.2/../../../../nios2-elf/lib/mhw-mulx\libc.a(lib_a-fvwrite.o) (_realloc_r)
c:/altera/12.1sp1/nios2eds/bin/gnu/h-i686-mingw32/bin/../lib/gcc/nios2-elf/4.1.2/../../../../nios2-elf/lib/mhw-mulx\libc.a(lib_a-sbrkr.o)
                              c:/altera/12.1sp1/nios2eds/bin/gnu/h-i686-mingw32/bin/../lib/gcc/nios2-elf/4.1.2/../../../../nios2-elf/lib/mhw-mulx\libc.a(lib_a-mallocr.o) (_sbrk_r)
c:/altera/12.1sp1/nios2eds/bin/gnu/h-i686-mingw32/bin/../lib/gcc/nios2-elf/4.1.2/../../../../nios2-elf/lib/mhw-mulx\libc.a(lib_a-wsetup.o)
                              c:/altera/12.1sp1/nios2eds/bin/gnu/h-i686-mingw32/bin/../lib/gcc/nios2-elf/4.1.2/../../../../nios2-elf/lib/mhw-mulx\libc.a(lib_a-fvwrite.o) (__swsetup_r)
c:/altera/12.1sp1/nios2eds/bin/gnu/h-i686-mingw32/bin/../lib/gcc/nios2-elf/4.1.2/../../../../nios2-elf/lib/mhw-mulx\libc.a(lib_a-fflush.o)
                              c:/altera/12.1sp1/nios2eds/bin/gnu/h-i686-mingw32/bin/../lib/gcc/nios2-elf/4.1.2/../../../../nios2-elf/lib/mhw-mulx\libc.a(lib_a-fvwrite.o) (_fflush_r)
c:/altera/12.1sp1/nios2eds/bin/gnu/h-i686-mingw32/bin/../lib/gcc/nios2-elf/4.1.2/../../../../nios2-elf/lib/mhw-mulx\libc.a(lib_a-findfp.o)
                              c:/altera/12.1sp1/nios2eds/bin/gnu/h-i686-mingw32/bin/../lib/gcc/nios2-elf/4.1.2/../../../../nios2-elf/lib/mhw-mulx\libc.a(lib_a-wsetup.o) (__sinit)
c:/altera/12.1sp1/nios2eds/bin/gnu/h-i686-mingw32/bin/../lib/gcc/nios2-elf/4.1.2/../../../../nios2-elf/lib/mhw-mulx\libc.a(lib_a-freer.o)
                              c:/altera/12.1sp1/nios2eds/bin/gnu/h-i686-mingw32/bin/../lib/gcc/nios2-elf/4.1.2/../../../../nios2-elf/lib/mhw-mulx\libc.a(lib_a-fvwrite.o) (_free_r)
c:/altera/12.1sp1/nios2eds/bin/gnu/h-i686-mingw32/bin/../lib/gcc/nios2-elf/4.1.2/../../../../nios2-elf/lib/mhw-mulx\libc.a(lib_a-fwalk.o)
                              c:/altera/12.1sp1/nios2eds/bin/gnu/h-i686-mingw32/bin/../lib/gcc/nios2-elf/4.1.2/../../../../nios2-elf/lib/mhw-mulx\libc.a(lib_a-fflush.o) (_fwalk_reent)
c:/altera/12.1sp1/nios2eds/bin/gnu/h-i686-mingw32/bin/../lib/gcc/nios2-elf/4.1.2/../../../../nios2-elf/lib/mhw-mulx\libc.a(lib_a-int_errno.o)
[...]
Memory Configuration

Name             Origin             Length             Attributes
reset            0x00040000         0x00000020
onchip_memory    0x00040020         0x0001f3e0
mem_if_ddr2_emif 0x40000000         0x40000000
*default*        0x00000000         0xffffffff

Linker script and memory map

LOAD ../camera_nios_2_bsp//obj/HAL/src/crt0.o
LOAD obj/default/camera.o
LOAD obj/default/main.o
LOAD c:/altera/12.1sp1/nios2eds/bin/gnu/h-i686-mingw32/bin/../lib/gcc/nios2-elf/4.1.2/../../../../nios2-elf/lib/mhw-mulx\libstdc++.a
LOAD c:/altera/12.1sp1/nios2eds/bin/gnu/h-i686-mingw32/bin/../lib/gcc/nios2-elf/4.1.2/../../../../nios2-elf/lib/mhw-mulx\libm.a
LOAD c:/altera/12.1sp1/nios2eds/bin/gnu/h-i686-mingw32/bin/../lib/gcc/nios2-elf/4.1.2/mhw-mulx\libgcc.a
START GROUP
LOAD c:/altera/12.1sp1/nios2eds/bin/gnu/h-i686-mingw32/bin/../lib/gcc/nios2-elf/4.1.2/../../../../nios2-elf/lib/mhw-mulx\libc.a
LOAD c:/altera/12.1sp1/nios2eds/bin/gnu/h-i686-mingw32/bin/../lib/gcc/nios2-elf/4.1.2/mhw-mulx\libgcc.a
LOAD ../camera_nios_2_bsp/\libhal_bsp.a
END GROUP
LOAD c:/altera/12.1sp1/nios2eds/bin/gnu/h-i686-mingw32/bin/../lib/gcc/nios2-elf/4.1.2/mhw-mulx\libgcc.a
                0x00040000                __alt_mem_onchip_memory = 0x40000
                0x40000000                __alt_mem_mem_if_ddr2_emif = 0x40000000

.entry          0x00040000       0x20
 *(.entry)
 .entry         0x00040000       0x20 ../camera_nios_2_bsp//obj/HAL/src/crt0.o
                0x00040000                __reset

.exceptions     0x00040020      0x194
                0x00040020                PROVIDE (__ram_exceptions_start, ABSOLUTE (.))
                0x00040020                . = ALIGN (0x20)
 *(.irq)
 *(.exceptions.entry.label)
 .exceptions.entry.label
                0x00040020        0x0 ../camera_nios_2_bsp/\libhal_bsp.a(alt_irq_entry.o)
                0x00040020                alt_irq_entry
 .exceptions.entry.label
                0x00040020        0x0 ../camera_nios_2_bsp/\libhal_bsp.a(alt_exception_entry.o)
                0x00040020                alt_exception
 *(.exceptions.entry.user)
 *(.exceptions.entry)
 .exceptions.entry
                0x00040020       0x54 ../camera_nios_2_bsp/\libhal_bsp.a(alt_exception_entry.o)
 *(.exceptions.irqtest.user)
 *(.exceptions.irqtest)
 .exceptions.irqtest
                0x00040074       0x10 ../camera_nios_2_bsp/\libhal_bsp.a(alt_irq_entry.o)
 *(.exceptions.irqhandler.user)
 *(.exceptions.irqhandler)
 .exceptions.irqhandler
                0x00040084        0x4 ../camera_nios_2_bsp/\libhal_bsp.a(alt_irq_entry.o)
 *(.exceptions.irqreturn.user)
 *(.exceptions.irqreturn)
 .exceptions.irqreturn
                0x00040088        0x4 ../camera_nios_2_bsp/\libhal_bsp.a(alt_irq_entry.o)
 *(.exceptions.notirq.label)
 .exceptions.notirq.label
                0x0004008c        0x0 ../camera_nios_2_bsp/\libhal_bsp.a(alt_irq_entry.o)
 *(.exceptions.notirq.user)
 *(.exceptions.notirq)
 .exceptions.notirq
                0x0004008c        0x8 ../camera_nios_2_bsp/\libhal_bsp.a(alt_exception_entry.o)
 *(.exceptions.soft.user)
 *(.exceptions.soft)
 *(.exceptions.unknown.user)
 *(.exceptions.unknown)
 .exceptions.unknown
                0x00040094        0x4 ../camera_nios_2_bsp/\libhal_bsp.a(alt_exception_entry.o)
 *(.exceptions.exit.label)
 .exceptions.exit.label
                0x00040098        0x0 ../camera_nios_2_bsp/\libhal_bsp.a(alt_irq_entry.o)
 .exceptions.exit.label
                0x00040098        0x0 ../camera_nios_2_bsp/\libhal_bsp.a(alt_exception_entry.o)
 *(.exceptions.exit.user)
 *(.exceptions.exit)
 .exceptions.exit
                0x00040098       0x54 ../camera_nios_2_bsp/\libhal_bsp.a(alt_exception_entry.o)
 *(.exceptions)
 .exceptions    0x000400ec       0xc8 ../camera_nios_2_bsp/\libhal_bsp.a(alt_irq_handler.o)
                0x000400ec                alt_irq_handler
                0x000401b4                PROVIDE (__ram_exceptions_end, ABSOLUTE (.))
                0x00040020                PROVIDE (__flash_exceptions_start, LOADADDR (.exceptions))

.text           0x000401b4     0x5fcc
                0x000401b4                PROVIDE (stext, ABSOLUTE (.))
 *(.interp)
 *(.hash)
 *(.dynsym)
 *(.dynstr)
 *(.gnu.version)
 *(.gnu.version_d)
 *(.gnu.version_r)
 *(.rel.init)
 *(.rela.init)
 *(.rel.text .rel.text.* .rel.gnu.linkonce.t.*)
 *(.rela.text .rela.text.* .rela.gnu.linkonce.t.*)
 *(.rel.fini)
 *(.rela.fini)
 *(.rel.rodata .rel.rodata.* .rel.gnu.linkonce.r.*)
 *(.rela.rodata .rela.rodata.* .rela.gnu.linkonce.r.*)
 *(.rel.data .rel.data.* .rel.gnu.linkonce.d.*)
 *(.rela.data .rela.data.* .rela.gnu.linkonce.d.*)
 *(.rel.tdata .rel.tdata.* .rel.gnu.linkonce.td.*)
 *(.rela.tdata .rela.tdata.* .rela.gnu.linkonce.td.*)
 *(.rel.tbss .rel.tbss.* .rel.gnu.linkonce.tb.*)
 *(.rela.tbss .rela.tbss.* .rela.gnu.linkonce.tb.*)
 *(.rel.ctors)
 *(.rela.ctors)
 *(.rel.dtors)
 *(.rela.dtors)
 *(.rel.got)
 *(.rela.got)
 *(.rel.sdata .rel.sdata.* .rel.gnu.linkonce.s.*)
 *(.rela.sdata .rela.sdata.* .rela.gnu.linkonce.s.*)
 *(.rel.sbss .rel.sbss.* .rel.gnu.linkonce.sb.*)
 *(.rela.sbss .rela.sbss.* .rela.gnu.linkonce.sb.*)
 *(.rel.sdata2 .rel.sdata2.* .rel.gnu.linkonce.s2.*)
 *(.rela.sdata2 .rela.sdata2.* .rela.gnu.linkonce.s2.*)
 *(.rel.sbss2 .rel.sbss2.* .rel.gnu.linkonce.sb2.*)
 *(.rela.sbss2 .rela.sbss2.* .rela.gnu.linkonce.sb2.*)
 *(.rel.bss .rel.bss.* .rel.gnu.linkonce.b.*)
 *(.rela.bss .rela.bss.* .rela.gnu.linkonce.b.*)
 *(.rel.plt)
 *(.rela.plt)
 *(.rel.dyn)
 *(.init)
 *(.plt)
 *(.text .stub .text.* .gnu.linkonce.t.*)
 .text          0x000401b4       0x4c ../camera_nios_2_bsp//obj/HAL/src/crt0.o
                0x000401b4                _start
 .text          0x00040200      0x628 obj/default/camera.o
                0x00040200                camera_init
 .text          0x00040828       0xb8 obj/default/main.o
                0x00040828                main
 .text          0x000408e0       0xb4 c:/altera/12.1sp1/nios2eds/bin/gnu/h-i686-mingw32/bin/../lib/gcc/nios2-elf/4.1.2/../../../../nios2-elf/lib/mhw-mulx\libc.a(lib_a-puts.o)
                0x000408e0                _puts_r
                0x00040980                puts
 .text          0x00040994       0x74 c:/altera/12.1sp1/nios2eds/bin/gnu/h-i686-mingw32/bin/../lib/gcc/nios2-elf/4.1.2/../../../../nios2-elf/lib/mhw-mulx\libc.a(lib_a-strlen.o)
                0x00040994                strlen
 .text          0x00040a08      0x49c c:/altera/12.1sp1/nios2eds/bin/gnu/h-i686-mingw32/bin/../lib/gcc/nios2-elf/4.1.2/../../../../nios2-elf/lib/mhw-mulx\libc.a(lib_a-fvwrite.o)
                0x00040a08                __sfvwrite_r
 .text          0x00040ea4        0x0 c:/altera/12.1sp1/nios2eds/bin/gnu/h-i686-mingw32/bin/../lib/gcc/nios2-elf/4.1.2/../../../../nios2-elf/lib/mhw-mulx\libc.a(lib_a-impure.o)
 .text          0x00040ea4      0x740 c:/altera/12.1sp1/nios2eds/bin/gnu/h-i686-mingw32/bin/../lib/gcc/nios2-elf/4.1.2/../../../../nios2-elf/lib/mhw-mulx\libc.a(lib_a-mallocr.o)
                0x00040ea4                _malloc_r
 .text          0x000415e4       0xe4 c:/altera/12.1sp1/nios2eds/bin/gnu/h-i686-mingw32/bin/../lib/gcc/nios2-elf/4.1.2/../../../../nios2-elf/lib/mhw-mulx\libc.a(lib_a-memchr.o)
                0x000415e4                memchr
 .text          0x000416c8       0xa0 c:/altera/12.1sp1/nios2eds/bin/gnu/h-i686-mingw32/bin/../lib/gcc/nios2-elf/4.1.2/../../../../nios2-elf/lib/mhw-mulx\libc.a(lib_a-memcpy.o)
                0x000416c8                memcpy
 .text          0x00041768       0xe0 c:/altera/12.1sp1/nios2eds/bin/gnu/h-i686-mingw32/bin/../lib/gcc/nios2-elf/4.1.2/../../../../nios2-elf/lib/mhw-mulx\libc.a(lib_a-memmove.o)
                0x00041768                memmove
 .text          0x00041848      0x5f4 c:/altera/12.1sp1/nios2eds/bin/gnu/h-i686-mingw32/bin/../lib/gcc/nios2-elf/4.1.2/../../../../nios2-elf/lib/mhw-mulx\libc.a(lib_a-reallocr.o)
                0x00041848                _realloc_r
 .text          0x00041e3c       0x70 c:/altera/12.1sp1/nios2eds/bin/gnu/h-i686-mingw32/bin/../lib/gcc/nios2-elf/4.1.2/../../../../nios2-elf/lib/mhw-mulx\libc.a(lib_a-sbrkr.o)
                0x00041e3c                _sbrk_r
 .text          0x00041eac      0x13c c:/altera/12.1sp1/nios2eds/bin/gnu/h-i686-mingw32/bin/../lib/gcc/nios2-elf/4.1.2/../../../../nios2-elf/lib/mhw-mulx\libc.a(lib_a-wsetup.o)
                0x00041eac                __swsetup_r
 .text          0x00041fe8      0x230 c:/altera/12.1sp1/nios2eds/bin/gnu/h-i686-mingw32/bin/../lib/gcc/nios2-elf/4.1.2/../../../../nios2-elf/lib/mhw-mulx\libc.a(lib_a-fflush.o)
                0x00041fe8                _fflush_r
                0x000421e4                fflush
 .text          0x00042218      0x2c0 c:/altera/12.1sp1/nios2eds/bin/gnu/h-i686-mingw32/bin/../lib/gcc/nios2-elf/4.1.2/../../../../nios2-elf/lib/mhw-mulx\libc.a(lib_a-findfp.o)
                0x00042270                __sfp_lock_acquire
                0x00042274                __sfp_lock_release
                0x00042278                __sinit_lock_acquire
                0x0004227c                __sinit_lock_release
                0x00042280                __sinit
                0x00042334                __fp_unlock_all
                0x0004234c                __fp_lock_all
                0x00042364                _cleanup_r
                0x00042370                _cleanup
                0x00042380                __sfmoreglue
                0x000423e8                __sfp
 .text          0x000424d8      0x440 c:/altera/12.1sp1/nios2eds/bin/gnu/h-i686-mingw32/bin/../lib/gcc/nios2-elf/4.1.2/../../../../nios2-elf/lib/mhw-mulx\libc.a(lib_a-freer.o)
                0x000424d8                _malloc_trim_r
                0x00042604                _free_r
 .text          0x00042918      0x180 c:/altera/12.1sp1/nios2eds/bin/gnu/h-i686-mingw32/bin/../lib/gcc/nios2-elf/4.1.2/../../../../nios2-elf/lib/mhw-mulx\libc.a(lib_a-fwalk.o)
                0x00042918                _fwalk_reent
                0x000429e0                _fwalk
 .text          0x00042a98        0x0 c:/altera/12.1sp1/nios2eds/bin/gnu/h-i686-mingw32/bin/../lib/gcc/nios2-elf/4.1.2/../../../../nios2-elf/lib/mhw-mulx\libc.a(lib_a-int_errno.o)
 .text          0x00042a98      0x194 c:/altera/12.1sp1/nios2eds/bin/gnu/h-i686-mingw32/bin/../lib/gcc/nios2-elf/4.1.2/../../../../nios2-elf/lib/mhw-mulx\libc.a(lib_a-makebuf.o)
                0x00042a98                __smakebuf_r
 .text          0x00042c2c       0x98 c:/altera/12.1sp1/nios2eds/bin/gnu/h-i686-mingw32/bin/../lib/gcc/nios2-elf/4.1.2/../../../../nios2-elf/lib/mhw-mulx\libc.a(lib_a-memset.o)
                0x00042c2c                memset
 .text          0x00042cc4      0x14c c:/altera/12.1sp1/nios2eds/bin/gnu/h-i686-mingw32/bin/../lib/gcc/nios2-elf/4.1.2/../../../../nios2-elf/lib/mhw-mulx\libc.a(lib_a-stdio.o)
                0x00042cc4                __sclose
                0x00042ccc                __sseek
                0x00042d34                __swrite
                0x00042db0                __sread
 .text          0x00042e10       0x78 c:/altera/12.1sp1/nios2eds/bin/gnu/h-i686-mingw32/bin/../lib/gcc/nios2-elf/4.1.2/../../../../nios2-elf/lib/mhw-mulx\libc.a(lib_a-writer.o)
                0x00042e10                _write_r
 .text          0x00042e88       0x70 c:/altera/12.1sp1/nios2eds/bin/gnu/h-i686-mingw32/bin/../lib/gcc/nios2-elf/4.1.2/../../../../nios2-elf/lib/mhw-mulx\libc.a(lib_a-closer.o)
                0x00042e88                _close_r
 .text          0x00042ef8      0x124 c:/altera/12.1sp1/nios2eds/bin/gnu/h-i686-mingw32/bin/../lib/gcc/nios2-elf/4.1.2/../../../../nios2-elf/lib/mhw-mulx\libc.a(lib_a-fclose.o)
                0x00042ef8                _fclose_r
                0x00043008                fclose
 .text          0x0004301c       0x74 c:/altera/12.1sp1/nios2eds/bin/gnu/h-i686-mingw32/bin/../lib/gcc/nios2-elf/4.1.2/../../../../nios2-elf/lib/mhw-mulx\libc.a(lib_a-fstatr.o)
                0x0004301c                _fstat_r
 .text          0x00043090       0x70 c:/altera/12.1sp1/nios2eds/bin/gnu/h-i686-mingw32/bin/../lib/gcc/nios2-elf/4.1.2/../../../../nios2-elf/lib/mhw-mulx\libc.a(lib_a-isattyr.o)
                0x00043090                _isatty_r
 .text          0x00043100       0x78 c:/altera/12.1sp1/nios2eds/bin/gnu/h-i686-mingw32/bin/../lib/gcc/nios2-elf/4.1.2/../../../../nios2-elf/lib/mhw-mulx\libc.a(lib_a-lseekr.o)
                0x00043100                _lseek_r
 .text          0x00043178       0x78 c:/altera/12.1sp1/nios2eds/bin/gnu/h-i686-mingw32/bin/../lib/gcc/nios2-elf/4.1.2/../../../../nios2-elf/lib/mhw-mulx\libc.a(lib_a-readr.o)
                0x00043178                _read_r
 .text          0x000431f0      0x15c ../camera_nios_2_bsp/\libhal_bsp.a(alt_close.o)
                0x000431f0                close
 .text          0x0004334c       0x2c ../camera_nios_2_bsp/\libhal_bsp.a(alt_dev.o)
 .text          0x00043378        0x0 ../camera_nios_2_bsp/\libhal_bsp.a(alt_errno.o)
 .text          0x00043378      0x134 ../camera_nios_2_bsp/\libhal_bsp.a(alt_fstat.o)
                0x00043378                fstat
 .text          0x000434ac      0x120 ../camera_nios_2_bsp/\libhal_bsp.a(alt_isatty.o)
                0x000434ac                isatty
 .text          0x000435cc       0xec ../camera_nios_2_bsp/\libhal_bsp.a(alt_load.o)
                0x000435cc                alt_load
 .text          0x000436b8      0x150 ../camera_nios_2_bsp/\libhal_bsp.a(alt_lseek.o)
                0x000436b8                lseek
 .text          0x00043808       0x6c ../camera_nios_2_bsp/\libhal_bsp.a(alt_main.o)
                0x00043808                alt_main
 .text          0x00043874       0x40 ../camera_nios_2_bsp/\libhal_bsp.a(alt_malloc_lock.o)
                0x00043874                __malloc_lock
                0x00043894                __malloc_unlock
 .text          0x000438b4      0x180 ../camera_nios_2_bsp/\libhal_bsp.a(alt_read.o)
                0x000438b4                read
 .text          0x00043a34       0x60 ../camera_nios_2_bsp/\libhal_bsp.a(alt_release_fd.o)
                0x00043a34                alt_release_fd
 .text          0x00043a94       0xbc ../camera_nios_2_bsp/\libhal_bsp.a(alt_sbrk.o)
                0x00043a94                sbrk
 .text          0x00043b50       0x30 ../camera_nios_2_bsp/\libhal_bsp.a(alt_usleep.o)
                0x00043b50                usleep
 .text          0x00043b80      0x180 ../camera_nios_2_bsp/\libhal_bsp.a(alt_write.o)
                0x00043b80                write
 .text          0x00043d00       0xc8 ../camera_nios_2_bsp/\libhal_bsp.a(alt_sys_init.o)
                0x00043d00                alt_irq_init
                0x00043d34                alt_sys_init
 .text          0x00043dc8      0x148 ../camera_nios_2_bsp/\libhal_bsp.a(altera_avalon_jtag_uart_fd.o)
                0x00043dc8                altera_avalon_jtag_uart_read_fd
                0x00043e20                altera_avalon_jtag_uart_write_fd
                0x00043e78                altera_avalon_jtag_uart_close_fd
                0x00043ec0                altera_avalon_jtag_uart_ioctl_fd
 .text          0x00043f10      0x40c ../camera_nios_2_bsp/\libhal_bsp.a(altera_avalon_jtag_uart_init.o)
                0x00043f10                altera_avalon_jtag_uart_init
                0x000442a8                altera_avalon_jtag_uart_close
 .text          0x0004431c       0xf4 ../camera_nios_2_bsp/\libhal_bsp.a(altera_avalon_jtag_uart_ioctl.o)
                0x0004431c                altera_avalon_jtag_uart_ioctl
 .text          0x00044410      0x224 ../camera_nios_2_bsp/\libhal_bsp.a(altera_avalon_jtag_uart_read.o)
                0x00044410                altera_avalon_jtag_uart_read
 .text          0x00044634      0x240 ../camera_nios_2_bsp/\libhal_bsp.a(altera_avalon_jtag_uart_write.o)
                0x00044634                altera_avalon_jtag_uart_write
 .text          0x00044874      0x238 ../camera_nios_2_bsp/\libhal_bsp.a(altera_avalon_spi.o)
                0x00044874                alt_avalon_spi_command
 .text          0x00044aac      0x100 ../camera_nios_2_bsp/\libhal_bsp.a(altera_avalon_timer_sc.o)
                0x00044b1c                alt_avalon_timer_sc_init
 .text          0x00044bac      0x154 ../camera_nios_2_bsp/\libhal_bsp.a(alt_alarm_start.o)
                0x00044bac                alt_alarm_start
 .text          0x00044d00      0x14c ../camera_nios_2_bsp/\libhal_bsp.a(alt_busy_sleep.o)
                0x00044d00                alt_busy_sleep
 .text          0x00044e4c       0x44 ../camera_nios_2_bsp/\libhal_bsp.a(alt_dcache_flush_all.o)
                0x00044e4c                alt_dcache_flush_all
 .text          0x00044e90      0x114 ../camera_nios_2_bsp/\libhal_bsp.a(alt_dev_llist_insert.o)
                0x00044e90                alt_dev_llist_insert
 .text          0x00044fa4       0x64 ../camera_nios_2_bsp/\libhal_bsp.a(alt_do_ctors.o)
                0x00044fa4                _do_ctors
 .text          0x00045008       0x64 ../camera_nios_2_bsp/\libhal_bsp.a(alt_do_dtors.o)
                0x00045008                _do_dtors
 .text          0x0004506c       0x30 ../camera_nios_2_bsp/\libhal_bsp.a(alt_icache_flush_all.o)
                0x0004506c                alt_icache_flush_all
 .text          0x0004509c      0x1d4 ../camera_nios_2_bsp/\libhal_bsp.a(alt_iic.o)
                0x0004509c                alt_ic_isr_register
                0x000450ec                alt_ic_irq_enable
                0x00045188                alt_ic_irq_disable
                0x00045228                alt_ic_irq_enabled
 .text          0x00045270       0xf8 ../camera_nios_2_bsp/\libhal_bsp.a(alt_iic_isr_register.o)
                0x00045270                alt_iic_isr_register
 .text          0x00045368      0x13c ../camera_nios_2_bsp/\libhal_bsp.a(alt_io_redirect.o)
                0x0004542c                alt_io_redirect
 .text          0x000454a4        0x0 ../camera_nios_2_bsp/\libhal_bsp.a(alt_irq_entry.o)
 .text          0x000454a4        0x0 ../camera_nios_2_bsp/\libhal_bsp.a(alt_irq_handler.o)
 .text          0x000454a4        0x0 ../camera_nios_2_bsp/\libhal_bsp.a(alt_irq_vars.o)
 .text          0x000454a4      0x2c4 ../camera_nios_2_bsp/\libhal_bsp.a(alt_open.o)
                0x00045580                open
 .text          0x00045768      0x1a4 ../camera_nios_2_bsp/\libhal_bsp.a(alt_tick.o)
                0x00045768                alt_alarm_stop
                0x00045800                alt_tick
 .text          0x0004590c       0x20 ../camera_nios_2_bsp/\libhal_bsp.a(altera_nios2_qsys_irq.o)
                0x0004590c                altera_nios2_qsys_irq_init
 .text          0x0004592c        0x0 ../camera_nios_2_bsp/\libhal_bsp.a(alt_exception_entry.o)
 .text          0x0004592c       0x94 ../camera_nios_2_bsp/\libhal_bsp.a(alt_find_dev.o)
                0x0004592c                alt_find_dev
 .text          0x000459c0      0x120 ../camera_nios_2_bsp/\libhal_bsp.a(alt_find_file.o)
                0x000459c0                alt_find_file
 .text          0x00045ae0       0xb8 ../camera_nios_2_bsp/\libhal_bsp.a(alt_get_fd.o)
                0x00045ae0                alt_get_fd
 .text          0x00045b98       0x90 ../camera_nios_2_bsp/\libhal_bsp.a(alt_icache_flush.o)
                0x00045b98                alt_icache_flush
 .text          0x00045c28       0x14 c:/altera/12.1sp1/nios2eds/bin/gnu/h-i686-mingw32/bin/../lib/gcc/nios2-elf/4.1.2/../../../../nios2-elf/lib/mhw-mulx\libc.a(lib_a-atexit.o)
                0x00045c28                atexit
 .text          0x00045c3c       0x38 c:/altera/12.1sp1/nios2eds/bin/gnu/h-i686-mingw32/bin/../lib/gcc/nios2-elf/4.1.2/../../../../nios2-elf/lib/mhw-mulx\libc.a(lib_a-exit.o)
                0x00045c3c                exit
 .text          0x00045c74       0x74 c:/altera/12.1sp1/nios2eds/bin/gnu/h-i686-mingw32/bin/../lib/gcc/nios2-elf/4.1.2/../../../../nios2-elf/lib/mhw-mulx\libc.a(lib_a-memcmp.o)
                0x00045c74                memcmp
 .text          0x00045ce8      0x134 c:/altera/12.1sp1/nios2eds/bin/gnu/h-i686-mingw32/bin/../lib/gcc/nios2-elf/4.1.2/../../../../nios2-elf/lib/mhw-mulx\libc.a(lib_a-__atexit.o)
                0x00045ce8                __register_exitproc
 .text          0x00045e1c      0x1b4 c:/altera/12.1sp1/nios2eds/bin/gnu/h-i686-mingw32/bin/../lib/gcc/nios2-elf/4.1.2/../../../../nios2-elf/lib/mhw-mulx\libc.a(lib_a-__call_atexit.o)
                0x00045e20                __call_exitprocs
 .text          0x00045fd0      0x14c c:/altera/12.1sp1/nios2eds/bin/gnu/h-i686-mingw32/bin/../lib/gcc/nios2-elf/4.1.2/mhw-mulx\libgcc.a(lib2-divmod.o)
                0x0004604c                __divsi3
                0x000460ac                __modsi3
                0x0004610c                __udivsi3
                0x00046114                __umodsi3
 .text          0x0004611c       0x60 ../camera_nios_2_bsp/\libhal_bsp.a(alt_exit.o)
                0x0004615c                _exit
 *(.gnu.warning.*)
 *(.fini)
                0x0004617c                PROVIDE (__etext, ABSOLUTE (.))
                0x0004617c                PROVIDE (_etext, ABSOLUTE (.))
                0x0004617c                PROVIDE (etext, ABSOLUTE (.))
 *(.eh_frame_hdr)
                0x0004617c                . = ALIGN (0x4)
                0x0004617c                PROVIDE (__preinit_array_start, ABSOLUTE (.))
 *(.preinit_array)
                0x0004617c                PROVIDE (__preinit_array_end, ABSOLUTE (.))
                0x0004617c                PROVIDE (__init_array_start, ABSOLUTE (.))
 *(.init_array)
                0x0004617c                PROVIDE (__init_array_end, ABSOLUTE (.))
                0x0004617c                PROVIDE (__fini_array_start, ABSOLUTE (.))
 *(.fini_array)
                0x0004617c                PROVIDE (__fini_array_end, ABSOLUTE (.))
 *(.eh_frame)
 *(.gcc_except_table)
 *(.dynamic)
                0x0004617c                PROVIDE (__CTOR_LIST__, ABSOLUTE (.))
 *(.ctors)
 *(SORT(.ctors.*))
 .ctors.65535   0x0004617c        0x4 c:/altera/12.1sp1/nios2eds/bin/gnu/h-i686-mingw32/bin/../lib/gcc/nios2-elf/4.1.2/../../../../nios2-elf/lib/mhw-mulx\libc.a(lib_a-__call_atexit.o)
                0x00046180                PROVIDE (__CTOR_END__, ABSOLUTE (.))
                0x00046180                PROVIDE (__DTOR_LIST__, ABSOLUTE (.))
 *(.dtors)
 *(SORT(.dtors.*))
                0x00046180                PROVIDE (__DTOR_END__, ABSOLUTE (.))
 *(.jcr)
                0x00046180                . = ALIGN (0x4)

.rodata         0x40000000       0x58 load address 0x00046180
                0x40000000                PROVIDE (__ram_rodata_start, ABSOLUTE (.))
                0x40000000                . = ALIGN (0x4)
 *(.rodata .rodata.* .gnu.linkonce.r.*)
 .rodata        0x40000000       0x24 obj/default/main.o
 .rodata.str1.4
                0x40000024        0x2 c:/altera/12.1sp1/nios2eds/bin/gnu/h-i686-mingw32/bin/../lib/gcc/nios2-elf/4.1.2/../../../../nios2-elf/lib/mhw-mulx\libc.a(lib_a-puts.o)
                                  0x4 (size before relaxing)
 *fill*         0x40000026        0x2 00
 .rodata.str1.4
                0x40000028        0x4 c:/altera/12.1sp1/nios2eds/bin/gnu/h-i686-mingw32/bin/../lib/gcc/nios2-elf/4.1.2/../../../../nios2-elf/lib/mhw-mulx\libc.a(lib_a-impure.o)
 .rodata        0x4000002c        0xc ../camera_nios_2_bsp/\libhal_bsp.a(alt_dev.o)
 .rodata        0x40000038       0x10 ../camera_nios_2_bsp/\libhal_bsp.a(alt_main.o)
 .rodata        0x40000048       0x10 ../camera_nios_2_bsp/\libhal_bsp.a(alt_sys_init.o)
 *(.rodata1)
                0x40000058                . = ALIGN (0x4)
                0x40000058                PROVIDE (__ram_rodata_end, ABSOLUTE (.))
                0x00046180                PROVIDE (__flash_rodata_start, LOADADDR (.rodata))

.rwdata         0x40000058     0x1a48 load address 0x000461d8
                0x40000058                PROVIDE (__ram_rwdata_start, ABSOLUTE (.))
                0x40000058                . = ALIGN (0x4)
 *(.got.plt)
 *(.got)
 *(.data1)
 *(.data .data.* .gnu.linkonce.d.*)
 .data          0x40000058        0x0 ../camera_nios_2_bsp//obj/HAL/src/crt0.o
 .data          0x40000058        0x0 obj/default/camera.o
 .data          0x40000058        0x0 obj/default/main.o
 .data          0x40000058        0x0 c:/altera/12.1sp1/nios2eds/bin/gnu/h-i686-mingw32/bin/../lib/gcc/nios2-elf/4.1.2/../../../../nios2-elf/lib/mhw-mulx\libc.a(lib_a-puts.o)
 .data          0x40000058        0x0 c:/altera/12.1sp1/nios2eds/bin/gnu/h-i686-mingw32/bin/../lib/gcc/nios2-elf/4.1.2/../../../../nios2-elf/lib/mhw-mulx\libc.a(lib_a-strlen.o)
 .data          0x40000058        0x0 c:/altera/12.1sp1/nios2eds/bin/gnu/h-i686-mingw32/bin/../lib/gcc/nios2-elf/4.1.2/../../../../nios2-elf/lib/mhw-mulx\libc.a(lib_a-fvwrite.o)
 .data          0x40000058      0x400 c:/altera/12.1sp1/nios2eds/bin/gnu/h-i686-mingw32/bin/../lib/gcc/nios2-elf/4.1.2/../../../../nios2-elf/lib/mhw-mulx\libc.a(lib_a-impure.o)
 .data          0x40000458      0x408 c:/altera/12.1sp1/nios2eds/bin/gnu/h-i686-mingw32/bin/../lib/gcc/nios2-elf/4.1.2/../../../../nios2-elf/lib/mhw-mulx\libc.a(lib_a-mallocr.o)
                0x40000458                __malloc_av_
 .data          0x40000860        0x0 c:/altera/12.1sp1/nios2eds/bin/gnu/h-i686-mingw32/bin/../lib/gcc/nios2-elf/4.1.2/../../../../nios2-elf/lib/mhw-mulx\libc.a(lib_a-memchr.o)
 .data          0x40000860        0x0 c:/altera/12.1sp1/nios2eds/bin/gnu/h-i686-mingw32/bin/../lib/gcc/nios2-elf/4.1.2/../../../../nios2-elf/lib/mhw-mulx\libc.a(lib_a-memcpy.o)
 .data          0x40000860        0x0 c:/altera/12.1sp1/nios2eds/bin/gnu/h-i686-mingw32/bin/../lib/gcc/nios2-elf/4.1.2/../../../../nios2-elf/lib/mhw-mulx\libc.a(lib_a-memmove.o)
 .data          0x40000860        0x0 c:/altera/12.1sp1/nios2eds/bin/gnu/h-i686-mingw32/bin/../lib/gcc/nios2-elf/4.1.2/../../../../nios2-elf/lib/mhw-mulx\libc.a(lib_a-reallocr.o)
 .data          0x40000860        0x0 c:/altera/12.1sp1/nios2eds/bin/gnu/h-i686-mingw32/bin/../lib/gcc/nios2-elf/4.1.2/../../../../nios2-elf/lib/mhw-mulx\libc.a(lib_a-sbrkr.o)
 .data          0x40000860        0x0 c:/altera/12.1sp1/nios2eds/bin/gnu/h-i686-mingw32/bin/../lib/gcc/nios2-elf/4.1.2/../../../../nios2-elf/lib/mhw-mulx\libc.a(lib_a-wsetup.o)
 .data          0x40000860        0x0 c:/altera/12.1sp1/nios2eds/bin/gnu/h-i686-mingw32/bin/../lib/gcc/nios2-elf/4.1.2/../../../../nios2-elf/lib/mhw-mulx\libc.a(lib_a-fflush.o)
 .data          0x40000860        0x0 c:/altera/12.1sp1/nios2eds/bin/gnu/h-i686-mingw32/bin/../lib/gcc/nios2-elf/4.1.2/../../../../nios2-elf/lib/mhw-mulx\libc.a(lib_a-findfp.o)
 .data          0x40000860        0x0 c:/altera/12.1sp1/nios2eds/bin/gnu/h-i686-mingw32/bin/../lib/gcc/nios2-elf/4.1.2/../../../../nios2-elf/lib/mhw-mulx\libc.a(lib_a-freer.o)
 .data          0x40000860        0x0 c:/altera/12.1sp1/nios2eds/bin/gnu/h-i686-mingw32/bin/../lib/gcc/nios2-elf/4.1.2/../../../../nios2-elf/lib/mhw-mulx\libc.a(lib_a-fwalk.o)
 .data          0x40000860        0x0 c:/altera/12.1sp1/nios2eds/bin/gnu/h-i686-mingw32/bin/../lib/gcc/nios2-elf/4.1.2/../../../../nios2-elf/lib/mhw-mulx\libc.a(lib_a-int_errno.o)
 .data          0x40000860        0x0 c:/altera/12.1sp1/nios2eds/bin/gnu/h-i686-mingw32/bin/../lib/gcc/nios2-elf/4.1.2/../../../../nios2-elf/lib/mhw-mulx\libc.a(lib_a-makebuf.o)
 .data          0x40000860        0x0 c:/altera/12.1sp1/nios2eds/bin/gnu/h-i686-mingw32/bin/../lib/gcc/nios2-elf/4.1.2/../../../../nios2-elf/lib/mhw-mulx\libc.a(lib_a-memset.o)
 .data          0x40000860        0x0 c:/altera/12.1sp1/nios2eds/bin/gnu/h-i686-mingw32/bin/../lib/gcc/nios2-elf/4.1.2/../../../../nios2-elf/lib/mhw-mulx\libc.a(lib_a-stdio.o)
 .data          0x40000860        0x0 c:/altera/12.1sp1/nios2eds/bin/gnu/h-i686-mingw32/bin/../lib/gcc/nios2-elf/4.1.2/../../../../nios2-elf/lib/mhw-mulx\libc.a(lib_a-writer.o)
 .data          0x40000860        0x0 c:/altera/12.1sp1/nios2eds/bin/gnu/h-i686-mingw32/bin/../lib/gcc/nios2-elf/4.1.2/../../../../nios2-elf/lib/mhw-mulx\libc.a(lib_a-closer.o)
 .data          0x40000860        0x0 c:/altera/12.1sp1/nios2eds/bin/gnu/h-i686-mingw32/bin/../lib/gcc/nios2-elf/4.1.2/../../../../nios2-elf/lib/mhw-mulx\libc.a(lib_a-fclose.o)
 .data          0x40000860        0x0 c:/altera/12.1sp1/nios2eds/bin/gnu/h-i686-mingw32/bin/../lib/gcc/nios2-elf/4.1.2/../../../../nios2-elf/lib/mhw-mulx\libc.a(lib_a-fstatr.o)
 .data          0x40000860        0x0 c:/altera/12.1sp1/nios2eds/bin/gnu/h-i686-mingw32/bin/../lib/gcc/nios2-elf/4.1.2/../../../../nios2-elf/lib/mhw-mulx\libc.a(lib_a-isattyr.o)
 .data          0x40000860        0x0 c:/altera/12.1sp1/nios2eds/bin/gnu/h-i686-mingw32/bin/../lib/gcc/nios2-elf/4.1.2/../../../../nios2-elf/lib/mhw-mulx\libc.a(lib_a-lseekr.o)
 .data          0x40000860        0x0 c:/altera/12.1sp1/nios2eds/bin/gnu/h-i686-mingw32/bin/../lib/gcc/nios2-elf/4.1.2/../../../../nios2-elf/lib/mhw-mulx\libc.a(lib_a-readr.o)
 .data          0x40000860        0x0 ../camera_nios_2_bsp/\libhal_bsp.a(alt_close.o)
 .data          0x40000860      0x1a8 ../camera_nios_2_bsp/\libhal_bsp.a(alt_dev.o)
                0x40000860                alt_dev_null
                0x40000888                alt_fd_list
 .data          0x40000a08        0x0 ../camera_nios_2_bsp/\libhal_bsp.a(alt_errno.o)
 .data          0x40000a08        0x0 ../camera_nios_2_bsp/\libhal_bsp.a(alt_fstat.o)
 .data          0x40000a08        0x0 ../camera_nios_2_bsp/\libhal_bsp.a(alt_isatty.o)
 .data          0x40000a08        0x0 ../camera_nios_2_bsp/\libhal_bsp.a(alt_load.o)
 .data          0x40000a08        0x0 ../camera_nios_2_bsp/\libhal_bsp.a(alt_lseek.o)
 .data          0x40000a08        0x0 ../camera_nios_2_bsp/\libhal_bsp.a(alt_main.o)
 .data          0x40000a08        0x0 ../camera_nios_2_bsp/\libhal_bsp.a(alt_malloc_lock.o)
 .data          0x40000a08        0x0 ../camera_nios_2_bsp/\libhal_bsp.a(alt_read.o)
 .data          0x40000a08        0x0 ../camera_nios_2_bsp/\libhal_bsp.a(alt_release_fd.o)
 .data          0x40000a08        0x0 ../camera_nios_2_bsp/\libhal_bsp.a(alt_sbrk.o)
 .data          0x40000a08        0x0 ../camera_nios_2_bsp/\libhal_bsp.a(alt_usleep.o)
 .data          0x40000a08        0x0 ../camera_nios_2_bsp/\libhal_bsp.a(alt_write.o)
 .data          0x40000a08     0x1060 ../camera_nios_2_bsp/\libhal_bsp.a(alt_sys_init.o)
 .data          0x40001a68        0x0 ../camera_nios_2_bsp/\libhal_bsp.a(altera_avalon_jtag_uart_fd.o)
 .data          0x40001a68        0x0 ../camera_nios_2_bsp/\libhal_bsp.a(altera_avalon_jtag_uart_init.o)
 .data          0x40001a68        0x0 ../camera_nios_2_bsp/\libhal_bsp.a(altera_avalon_jtag_uart_ioctl.o)
 .data          0x40001a68        0x0 ../camera_nios_2_bsp/\libhal_bsp.a(altera_avalon_jtag_uart_read.o)
 .data          0x40001a68        0x0 ../camera_nios_2_bsp/\libhal_bsp.a(altera_avalon_jtag_uart_write.o)
 .data          0x40001a68        0x0 ../camera_nios_2_bsp/\libhal_bsp.a(altera_avalon_spi.o)
 .data          0x40001a68        0x0 ../camera_nios_2_bsp/\libhal_bsp.a(altera_avalon_timer_sc.o)
 .data          0x40001a68        0x0 ../camera_nios_2_bsp/\libhal_bsp.a(alt_alarm_start.o)
 .data          0x40001a68        0x0 ../camera_nios_2_bsp/\libhal_bsp.a(alt_busy_sleep.o)
 .data          0x40001a68        0x0 ../camera_nios_2_bsp/\libhal_bsp.a(alt_dcache_flush_all.o)
 .data          0x40001a68        0x0 ../camera_nios_2_bsp/\libhal_bsp.a(alt_dev_llist_insert.o)
 .data          0x40001a68        0x0 ../camera_nios_2_bsp/\libhal_bsp.a(alt_do_ctors.o)
 .data          0x40001a68        0x0 ../camera_nios_2_bsp/\libhal_bsp.a(alt_do_dtors.o)
 .data          0x40001a68        0x0 ../camera_nios_2_bsp/\libhal_bsp.a(alt_icache_flush_all.o)
 .data          0x40001a68        0x0 ../camera_nios_2_bsp/\libhal_bsp.a(alt_iic.o)
 .data          0x40001a68        0x0 ../camera_nios_2_bsp/\libhal_bsp.a(alt_iic_isr_register.o)
 .data          0x40001a68        0x0 ../camera_nios_2_bsp/\libhal_bsp.a(alt_io_redirect.o)
 .data          0x40001a68        0x0 ../camera_nios_2_bsp/\libhal_bsp.a(alt_irq_entry.o)
 .data          0x40001a68        0x0 ../camera_nios_2_bsp/\libhal_bsp.a(alt_irq_handler.o)
 .data          0x40001a68        0x0 ../camera_nios_2_bsp/\libhal_bsp.a(alt_irq_vars.o)
 .data          0x40001a68        0x0 ../camera_nios_2_bsp/\libhal_bsp.a(alt_open.o)
 .data          0x40001a68        0x0 ../camera_nios_2_bsp/\libhal_bsp.a(alt_tick.o)
 .data          0x40001a68        0x0 ../camera_nios_2_bsp/\libhal_bsp.a(altera_nios2_qsys_irq.o)
 .data          0x40001a68        0x0 ../camera_nios_2_bsp/\libhal_bsp.a(alt_exception_entry.o)
 .data          0x40001a68        0x0 ../camera_nios_2_bsp/\libhal_bsp.a(alt_find_dev.o)
 .data          0x40001a68        0x0 ../camera_nios_2_bsp/\libhal_bsp.a(alt_find_file.o)
 .data          0x40001a68        0x0 ../camera_nios_2_bsp/\libhal_bsp.a(alt_get_fd.o)
 .data          0x40001a68        0x0 ../camera_nios_2_bsp/\libhal_bsp.a(alt_icache_flush.o)
 .data          0x40001a68        0x0 c:/altera/12.1sp1/nios2eds/bin/gnu/h-i686-mingw32/bin/../lib/gcc/nios2-elf/4.1.2/../../../../nios2-elf/lib/mhw-mulx\libc.a(lib_a-atexit.o)
 .data          0x40001a68        0x0 c:/altera/12.1sp1/nios2eds/bin/gnu/h-i686-mingw32/bin/../lib/gcc/nios2-elf/4.1.2/../../../../nios2-elf/lib/mhw-mulx\libc.a(lib_a-exit.o)
 .data          0x40001a68        0x0 c:/altera/12.1sp1/nios2eds/bin/gnu/h-i686-mingw32/bin/../lib/gcc/nios2-elf/4.1.2/../../../../nios2-elf/lib/mhw-mulx\libc.a(lib_a-memcmp.o)
 .data          0x40001a68        0x0 c:/altera/12.1sp1/nios2eds/bin/gnu/h-i686-mingw32/bin/../lib/gcc/nios2-elf/4.1.2/../../../../nios2-elf/lib/mhw-mulx\libc.a(lib_a-__atexit.o)
 .data          0x40001a68        0x0 c:/altera/12.1sp1/nios2eds/bin/gnu/h-i686-mingw32/bin/../lib/gcc/nios2-elf/4.1.2/../../../../nios2-elf/lib/mhw-mulx\libc.a(lib_a-__call_atexit.o)
 .data          0x40001a68        0x0 c:/altera/12.1sp1/nios2eds/bin/gnu/h-i686-mingw32/bin/../lib/gcc/nios2-elf/4.1.2/mhw-mulx\libgcc.a(lib2-divmod.o)
 .data          0x40001a68        0x0 ../camera_nios_2_bsp/\libhal_bsp.a(alt_exit.o)
                0x40009a68                _gp = ABSOLUTE ((. + 0x8000))
                0x40009a68                PROVIDE (gp, _gp)
 *(.rwdata .rwdata.*)
 *(.sdata .sdata.* .gnu.linkonce.s.*)
 .sdata         0x40001a68        0x8 c:/altera/12.1sp1/nios2eds/bin/gnu/h-i686-mingw32/bin/../lib/gcc/nios2-elf/4.1.2/../../../../nios2-elf/lib/mhw-mulx\libc.a(lib_a-impure.o)
                0x40001a68                _impure_ptr
                0x40001a6c                _global_impure_ptr
 .sdata         0x40001a70        0x8 c:/altera/12.1sp1/nios2eds/bin/gnu/h-i686-mingw32/bin/../lib/gcc/nios2-elf/4.1.2/../../../../nios2-elf/lib/mhw-mulx\libc.a(lib_a-mallocr.o)
                0x40001a70                __malloc_trim_threshold
                0x40001a74                __malloc_sbrk_base
 .sdata         0x40001a78       0x14 ../camera_nios_2_bsp/\libhal_bsp.a(alt_dev.o)
                0x40001a78                alt_fs_list
                0x40001a80                alt_dev_list
                0x40001a88                alt_max_fd
 .sdata         0x40001a8c        0x4 ../camera_nios_2_bsp/\libhal_bsp.a(alt_errno.o)
                0x40001a8c                alt_errno
 .sdata         0x40001a90        0x4 ../camera_nios_2_bsp/\libhal_bsp.a(alt_sbrk.o)
 .sdata         0x40001a94        0x4 ../camera_nios_2_bsp/\libhal_bsp.a(alt_irq_vars.o)
                0x40001a94                alt_priority_mask
 .sdata         0x40001a98        0x8 ../camera_nios_2_bsp/\libhal_bsp.a(alt_tick.o)
                0x40001a98                alt_alarm_list
 *(.sdata2 .sdata2.* .gnu.linkonce.s2.*)
                0x40001aa0                . = ALIGN (0x4)
                0x40001aa0                _edata = ABSOLUTE (.)
                0x40001aa0                PROVIDE (edata, ABSOLUTE (.))
                0x40001aa0                PROVIDE (__ram_rwdata_end, ABSOLUTE (.))
                0x000461d8                PROVIDE (__flash_rwdata_start, LOADADDR (.rwdata))

.bss            0x40001aa0      0x2e0 load address 0x00047c20
                0x40001aa0                __bss_start = ABSOLUTE (.)
                0x40001aa0                PROVIDE (__sbss_start, ABSOLUTE (.))
                0x40001aa0                PROVIDE (___sbss_start, ABSOLUTE (.))
 *(.dynsbss)
 *(.sbss .sbss.* .gnu.linkonce.sb.*)
 .sbss          0x40001aa0        0xc c:/altera/12.1sp1/nios2eds/bin/gnu/h-i686-mingw32/bin/../lib/gcc/nios2-elf/4.1.2/../../../../nios2-elf/lib/mhw-mulx\libc.a(lib_a-mallocr.o)
                0x40001aa0                __malloc_top_pad
                0x40001aa4                __malloc_max_sbrked_mem
                0x40001aa8                __malloc_max_total_mem
 .sbss          0x40001aac        0x4 c:/altera/12.1sp1/nios2eds/bin/gnu/h-i686-mingw32/bin/../lib/gcc/nios2-elf/4.1.2/../../../../nios2-elf/lib/mhw-mulx\libc.a(lib_a-int_errno.o)
                0x40001aac                errno
 .sbss          0x40001ab0        0xc ../camera_nios_2_bsp/\libhal_bsp.a(alt_main.o)
                0x40001ab0                alt_argc
                0x40001ab4                alt_argv
                0x40001ab8                alt_envp
 .sbss          0x40001abc        0x4 ../camera_nios_2_bsp/\libhal_bsp.a(alt_irq_vars.o)
                0x40001abc                alt_irq_active
 .sbss          0x40001ac0        0x8 ../camera_nios_2_bsp/\libhal_bsp.a(alt_tick.o)
                0x40001ac0                _alt_tick_rate
                0x40001ac4                _alt_nticks
 *(.sbss2 .sbss2.* .gnu.linkonce.sb2.*)
 *(.scommon)
                0x40001ac8                PROVIDE (__sbss_end, ABSOLUTE (.))
                0x40001ac8                PROVIDE (___sbss_end, ABSOLUTE (.))
 *(.dynbss)
 *(.bss .bss.* .gnu.linkonce.b.*)
 .bss           0x40001ac8        0x0 ../camera_nios_2_bsp//obj/HAL/src/crt0.o
 .bss           0x40001ac8        0x0 obj/default/camera.o
 .bss           0x40001ac8        0x0 obj/default/main.o
 .bss           0x40001ac8        0x0 c:/altera/12.1sp1/nios2eds/bin/gnu/h-i686-mingw32/bin/../lib/gcc/nios2-elf/4.1.2/../../../../nios2-elf/lib/mhw-mulx\libc.a(lib_a-puts.o)
 .bss           0x40001ac8        0x0 c:/altera/12.1sp1/nios2eds/bin/gnu/h-i686-mingw32/bin/../lib/gcc/nios2-elf/4.1.2/../../../../nios2-elf/lib/mhw-mulx\libc.a(lib_a-strlen.o)
 .bss           0x40001ac8        0x0 c:/altera/12.1sp1/nios2eds/bin/gnu/h-i686-mingw32/bin/../lib/gcc/nios2-elf/4.1.2/../../../../nios2-elf/lib/mhw-mulx\libc.a(lib_a-fvwrite.o)
 .bss           0x40001ac8        0x0 c:/altera/12.1sp1/nios2eds/bin/gnu/h-i686-mingw32/bin/../lib/gcc/nios2-elf/4.1.2/../../../../nios2-elf/lib/mhw-mulx\libc.a(lib_a-impure.o)
 .bss           0x40001ac8       0x28 c:/altera/12.1sp1/nios2eds/bin/gnu/h-i686-mingw32/bin/../lib/gcc/nios2-elf/4.1.2/../../../../nios2-elf/lib/mhw-mulx\libc.a(lib_a-mallocr.o)
                0x40001ac8                __malloc_current_mallinfo
 .bss           0x40001af0        0x0 c:/altera/12.1sp1/nios2eds/bin/gnu/h-i686-mingw32/bin/../lib/gcc/nios2-elf/4.1.2/../../../../nios2-elf/lib/mhw-mulx\libc.a(lib_a-memchr.o)
 .bss           0x40001af0        0x0 c:/altera/12.1sp1/nios2eds/bin/gnu/h-i686-mingw32/bin/../lib/gcc/nios2-elf/4.1.2/../../../../nios2-elf/lib/mhw-mulx\libc.a(lib_a-memcpy.o)
 .bss           0x40001af0        0x0 c:/altera/12.1sp1/nios2eds/bin/gnu/h-i686-mingw32/bin/../lib/gcc/nios2-elf/4.1.2/../../../../nios2-elf/lib/mhw-mulx\libc.a(lib_a-memmove.o)
 .bss           0x40001af0        0x0 c:/altera/12.1sp1/nios2eds/bin/gnu/h-i686-mingw32/bin/../lib/gcc/nios2-elf/4.1.2/../../../../nios2-elf/lib/mhw-mulx\libc.a(lib_a-reallocr.o)
 .bss           0x40001af0        0x0 c:/altera/12.1sp1/nios2eds/bin/gnu/h-i686-mingw32/bin/../lib/gcc/nios2-elf/4.1.2/../../../../nios2-elf/lib/mhw-mulx\libc.a(lib_a-sbrkr.o)
 .bss           0x40001af0        0x0 c:/altera/12.1sp1/nios2eds/bin/gnu/h-i686-mingw32/bin/../lib/gcc/nios2-elf/4.1.2/../../../../nios2-elf/lib/mhw-mulx\libc.a(lib_a-wsetup.o)
 .bss           0x40001af0        0x0 c:/altera/12.1sp1/nios2eds/bin/gnu/h-i686-mingw32/bin/../lib/gcc/nios2-elf/4.1.2/../../../../nios2-elf/lib/mhw-mulx\libc.a(lib_a-fflush.o)
 .bss           0x40001af0        0x0 c:/altera/12.1sp1/nios2eds/bin/gnu/h-i686-mingw32/bin/../lib/gcc/nios2-elf/4.1.2/../../../../nios2-elf/lib/mhw-mulx\libc.a(lib_a-findfp.o)
 .bss           0x40001af0        0x0 c:/altera/12.1sp1/nios2eds/bin/gnu/h-i686-mingw32/bin/../lib/gcc/nios2-elf/4.1.2/../../../../nios2-elf/lib/mhw-mulx\libc.a(lib_a-freer.o)
 .bss           0x40001af0        0x0 c:/altera/12.1sp1/nios2eds/bin/gnu/h-i686-mingw32/bin/../lib/gcc/nios2-elf/4.1.2/../../../../nios2-elf/lib/mhw-mulx\libc.a(lib_a-fwalk.o)
 .bss           0x40001af0        0x0 c:/altera/12.1sp1/nios2eds/bin/gnu/h-i686-mingw32/bin/../lib/gcc/nios2-elf/4.1.2/../../../../nios2-elf/lib/mhw-mulx\libc.a(lib_a-int_errno.o)
 .bss           0x40001af0        0x0 c:/altera/12.1sp1/nios2eds/bin/gnu/h-i686-mingw32/bin/../lib/gcc/nios2-elf/4.1.2/../../../../nios2-elf/lib/mhw-mulx\libc.a(lib_a-makebuf.o)
 .bss           0x40001af0        0x0 c:/altera/12.1sp1/nios2eds/bin/gnu/h-i686-mingw32/bin/../lib/gcc/nios2-elf/4.1.2/../../../../nios2-elf/lib/mhw-mulx\libc.a(lib_a-memset.o)
 .bss           0x40001af0        0x0 c:/altera/12.1sp1/nios2eds/bin/gnu/h-i686-mingw32/bin/../lib/gcc/nios2-elf/4.1.2/../../../../nios2-elf/lib/mhw-mulx\libc.a(lib_a-stdio.o)
 .bss           0x40001af0        0x0 c:/altera/12.1sp1/nios2eds/bin/gnu/h-i686-mingw32/bin/../lib/gcc/nios2-elf/4.1.2/../../../../nios2-elf/lib/mhw-mulx\libc.a(lib_a-writer.o)
 .bss           0x40001af0        0x0 c:/altera/12.1sp1/nios2eds/bin/gnu/h-i686-mingw32/bin/../lib/gcc/nios2-elf/4.1.2/../../../../nios2-elf/lib/mhw-mulx\libc.a(lib_a-closer.o)
 .bss           0x40001af0        0x0 c:/altera/12.1sp1/nios2eds/bin/gnu/h-i686-mingw32/bin/../lib/gcc/nios2-elf/4.1.2/../../../../nios2-elf/lib/mhw-mulx\libc.a(lib_a-fclose.o)
 .bss           0x40001af0        0x0 c:/altera/12.1sp1/nios2eds/bin/gnu/h-i686-mingw32/bin/../lib/gcc/nios2-elf/4.1.2/../../../../nios2-elf/lib/mhw-mulx\libc.a(lib_a-fstatr.o)
 .bss           0x40001af0        0x0 c:/altera/12.1sp1/nios2eds/bin/gnu/h-i686-mingw32/bin/../lib/gcc/nios2-elf/4.1.2/../../../../nios2-elf/lib/mhw-mulx\libc.a(lib_a-isattyr.o)
 .bss           0x40001af0        0x0 c:/altera/12.1sp1/nios2eds/bin/gnu/h-i686-mingw32/bin/../lib/gcc/nios2-elf/4.1.2/../../../../nios2-elf/lib/mhw-mulx\libc.a(lib_a-lseekr.o)
 .bss           0x40001af0        0x0 c:/altera/12.1sp1/nios2eds/bin/gnu/h-i686-mingw32/bin/../lib/gcc/nios2-elf/4.1.2/../../../../nios2-elf/lib/mhw-mulx\libc.a(lib_a-readr.o)
 .bss           0x40001af0        0x0 ../camera_nios_2_bsp/\libhal_bsp.a(alt_close.o)
 .bss           0x40001af0        0x0 ../camera_nios_2_bsp/\libhal_bsp.a(alt_dev.o)
 .bss           0x40001af0        0x0 ../camera_nios_2_bsp/\libhal_bsp.a(alt_errno.o)
 .bss           0x40001af0        0x0 ../camera_nios_2_bsp/\libhal_bsp.a(alt_fstat.o)
 .bss           0x40001af0        0x0 ../camera_nios_2_bsp/\libhal_bsp.a(alt_isatty.o)
 .bss           0x40001af0        0x0 ../camera_nios_2_bsp/\libhal_bsp.a(alt_load.o)
 .bss           0x40001af0        0x0 ../camera_nios_2_bsp/\libhal_bsp.a(alt_lseek.o)
 .bss           0x40001af0        0x0 ../camera_nios_2_bsp/\libhal_bsp.a(alt_main.o)
 .bss           0x40001af0        0x0 ../camera_nios_2_bsp/\libhal_bsp.a(alt_malloc_lock.o)
 .bss           0x40001af0        0x0 ../camera_nios_2_bsp/\libhal_bsp.a(alt_read.o)
 .bss           0x40001af0        0x0 ../camera_nios_2_bsp/\libhal_bsp.a(alt_release_fd.o)
 .bss           0x40001af0        0x0 ../camera_nios_2_bsp/\libhal_bsp.a(alt_sbrk.o)
 .bss           0x40001af0        0x0 ../camera_nios_2_bsp/\libhal_bsp.a(alt_usleep.o)
 .bss           0x40001af0        0x0 ../camera_nios_2_bsp/\libhal_bsp.a(alt_write.o)
 .bss           0x40001af0        0x0 ../camera_nios_2_bsp/\libhal_bsp.a(alt_sys_init.o)
 .bss           0x40001af0        0x0 ../camera_nios_2_bsp/\libhal_bsp.a(altera_avalon_jtag_uart_fd.o)
 .bss           0x40001af0        0x0 ../camera_nios_2_bsp/\libhal_bsp.a(altera_avalon_jtag_uart_init.o)
 .bss           0x40001af0        0x0 ../camera_nios_2_bsp/\libhal_bsp.a(altera_avalon_jtag_uart_ioctl.o)
 .bss           0x40001af0        0x0 ../camera_nios_2_bsp/\libhal_bsp.a(altera_avalon_jtag_uart_read.o)
 .bss           0x40001af0        0x0 ../camera_nios_2_bsp/\libhal_bsp.a(altera_avalon_jtag_uart_write.o)
 .bss           0x40001af0        0x0 ../camera_nios_2_bsp/\libhal_bsp.a(altera_avalon_spi.o)
 .bss           0x40001af0        0x0 ../camera_nios_2_bsp/\libhal_bsp.a(altera_avalon_timer_sc.o)
 .bss           0x40001af0        0x0 ../camera_nios_2_bsp/\libhal_bsp.a(alt_alarm_start.o)
 .bss           0x40001af0        0x0 ../camera_nios_2_bsp/\libhal_bsp.a(alt_busy_sleep.o)
 .bss           0x40001af0        0x0 ../camera_nios_2_bsp/\libhal_bsp.a(alt_dcache_flush_all.o)
 .bss           0x40001af0        0x0 ../camera_nios_2_bsp/\libhal_bsp.a(alt_dev_llist_insert.o)
 .bss           0x40001af0        0x0 ../camera_nios_2_bsp/\libhal_bsp.a(alt_do_ctors.o)
 .bss           0x40001af0        0x0 ../camera_nios_2_bsp/\libhal_bsp.a(alt_do_dtors.o)
 .bss           0x40001af0        0x0 ../camera_nios_2_bsp/\libhal_bsp.a(alt_icache_flush_all.o)
 .bss           0x40001af0        0x0 ../camera_nios_2_bsp/\libhal_bsp.a(alt_iic.o)
 .bss           0x40001af0        0x0 ../camera_nios_2_bsp/\libhal_bsp.a(alt_iic_isr_register.o)
 .bss           0x40001af0        0x0 ../camera_nios_2_bsp/\libhal_bsp.a(alt_io_redirect.o)
 .bss           0x40001af0        0x0 ../camera_nios_2_bsp/\libhal_bsp.a(alt_irq_entry.o)
 .bss           0x40001af0        0x0 ../camera_nios_2_bsp/\libhal_bsp.a(alt_irq_handler.o)
 .bss           0x40001af0        0x0 ../camera_nios_2_bsp/\libhal_bsp.a(alt_irq_vars.o)
 .bss           0x40001af0        0x0 ../camera_nios_2_bsp/\libhal_bsp.a(alt_open.o)
 .bss           0x40001af0        0x0 ../camera_nios_2_bsp/\libhal_bsp.a(alt_tick.o)
 .bss           0x40001af0        0x0 ../camera_nios_2_bsp/\libhal_bsp.a(altera_nios2_qsys_irq.o)
 .bss           0x40001af0        0x0 ../camera_nios_2_bsp/\libhal_bsp.a(alt_exception_entry.o)
 .bss           0x40001af0        0x0 ../camera_nios_2_bsp/\libhal_bsp.a(alt_find_dev.o)
 .bss           0x40001af0        0x0 ../camera_nios_2_bsp/\libhal_bsp.a(alt_find_file.o)
 .bss           0x40001af0        0x0 ../camera_nios_2_bsp/\libhal_bsp.a(alt_get_fd.o)
 .bss           0x40001af0        0x0 ../camera_nios_2_bsp/\libhal_bsp.a(alt_icache_flush.o)
 .bss           0x40001af0        0x0 c:/altera/12.1sp1/nios2eds/bin/gnu/h-i686-mingw32/bin/../lib/gcc/nios2-elf/4.1.2/../../../../nios2-elf/lib/mhw-mulx\libc.a(lib_a-atexit.o)
 .bss           0x40001af0        0x0 c:/altera/12.1sp1/nios2eds/bin/gnu/h-i686-mingw32/bin/../lib/gcc/nios2-elf/4.1.2/../../../../nios2-elf/lib/mhw-mulx\libc.a(lib_a-exit.o)
 .bss           0x40001af0        0x0 c:/altera/12.1sp1/nios2eds/bin/gnu/h-i686-mingw32/bin/../lib/gcc/nios2-elf/4.1.2/../../../../nios2-elf/lib/mhw-mulx\libc.a(lib_a-memcmp.o)
 .bss           0x40001af0        0x0 c:/altera/12.1sp1/nios2eds/bin/gnu/h-i686-mingw32/bin/../lib/gcc/nios2-elf/4.1.2/../../../../nios2-elf/lib/mhw-mulx\libc.a(lib_a-__atexit.o)
 .bss           0x40001af0        0x0 c:/altera/12.1sp1/nios2eds/bin/gnu/h-i686-mingw32/bin/../lib/gcc/nios2-elf/4.1.2/../../../../nios2-elf/lib/mhw-mulx\libc.a(lib_a-__call_atexit.o)
 .bss           0x40001af0        0x0 c:/altera/12.1sp1/nios2eds/bin/gnu/h-i686-mingw32/bin/../lib/gcc/nios2-elf/4.1.2/mhw-mulx\libgcc.a(lib2-divmod.o)
 .bss           0x40001af0        0x0 ../camera_nios_2_bsp/\libhal_bsp.a(alt_exit.o)
 *(COMMON)
 COMMON         0x40001af0      0x100 ../camera_nios_2_bsp/\libhal_bsp.a(alt_irq_handler.o)
                0x40001af0                alt_irq
 COMMON         0x40001bf0      0x190 c:/altera/12.1sp1/nios2eds/bin/gnu/h-i686-mingw32/bin/../lib/gcc/nios2-elf/4.1.2/../../../../nios2-elf/lib/mhw-mulx\libc.a(lib_a-atexit.o)
                0x40001bf0                _atexit0
                0x40001d80                . = ALIGN (0x4)
                0x40001d80                __bss_end = ABSOLUTE (.)

.onchip_memory  0x00047c20        0x0
                0x00047c20                PROVIDE (_alt_partition_onchip_memory_start, ABSOLUTE (.))
 *(.onchip_memory. onchip_memory.*)
                0x00047c20                . = ALIGN (0x4)
                0x00047c20                PROVIDE (_alt_partition_onchip_memory_end, ABSOLUTE (.))
                0x00047c20                PROVIDE (_alt_partition_onchip_memory_load_addr, LOADADDR (.onchip_memory))

.mem_if_ddr2_emif
                0x40001d80        0x0 load address 0x00047c20
                0x40001d80                PROVIDE (_alt_partition_mem_if_ddr2_emif_start, ABSOLUTE (.))
 *(.mem_if_ddr2_emif. mem_if_ddr2_emif.*)
                0x40001d80                . = ALIGN (0x4)
                0x40001d80                PROVIDE (_alt_partition_mem_if_ddr2_emif_end, ABSOLUTE (.))
                0x40001d80                _end = ABSOLUTE (.)
                0x40001d80                end = ABSOLUTE (.)
                0x40001d80                __alt_stack_base = ABSOLUTE (.)
                0x00047c20                PROVIDE (_alt_partition_mem_if_ddr2_emif_load_addr, LOADADDR (.mem_if_ddr2_emif))

.stab
 *(.stab)

.stabstr
 *(.stabstr)

.stab.excl
 *(.stab.excl)

.stab.exclstr
 *(.stab.exclstr)

.stab.index
 *(.stab.index)

.stab.indexstr
 *(.stab.indexstr)

.comment        0x00000000       0x26
 *(.comment)
 .comment       0x00000000       0x26 obj/default/camera.o
                                 0x27 (size before relaxing)
 .comment       0x00000000       0x27 obj/default/main.o
 .comment       0x00000000       0x27 c:/altera/12.1sp1/nios2eds/bin/gnu/h-i686-mingw32/bin/../lib/gcc/nios2-elf/4.1.2/../../../../nios2-elf/lib/mhw-mulx\libc.a(lib_a-puts.o)
 .comment       0x00000000       0x27 c:/altera/12.1sp1/nios2eds/bin/gnu/h-i686-mingw32/bin/../lib/gcc/nios2-elf/4.1.2/../../../../nios2-elf/lib/mhw-mulx\libc.a(lib_a-strlen.o)
 .comment       0x00000000       0x27 c:/altera/12.1sp1/nios2eds/bin/gnu/h-i686-mingw32/bin/../lib/gcc/nios2-elf/4.1.2/../../../../nios2-elf/lib/mhw-mulx\libc.a(lib_a-fvwrite.o)
 .comment       0x00000000       0x27 c:/altera/12.1sp1/nios2eds/bin/gnu/h-i686-mingw32/bin/../lib/gcc/nios2-elf/4.1.2/../../../../nios2-elf/lib/mhw-mulx\libc.a(lib_a-impure.o)
 .comment       0x00000000       0x27 c:/altera/12.1sp1/nios2eds/bin/gnu/h-i686-mingw32/bin/../lib/gcc/nios2-elf/4.1.2/../../../../nios2-elf/lib/mhw-mulx\libc.a(lib_a-mallocr.o)
 .comment       0x00000000       0x27 c:/altera/12.1sp1/nios2eds/bin/gnu/h-i686-mingw32/bin/../lib/gcc/nios2-elf/4.1.2/../../../../nios2-elf/lib/mhw-mulx\libc.a(lib_a-memchr.o)
 .comment       0x00000000       0x27 c:/altera/12.1sp1/nios2eds/bin/gnu/h-i686-mingw32/bin/../lib/gcc/nios2-elf/4.1.2/../../../../nios2-elf/lib/mhw-mulx\libc.a(lib_a-memcpy.o)
 .comment       0x00000000       0x27 c:/altera/12.1sp1/nios2eds/bin/gnu/h-i686-mingw32/bin/../lib/gcc/nios2-elf/4.1.2/../../../../nios2-elf/lib/mhw-mulx\libc.a(lib_a-memmove.o)
 .comment       0x00000000       0x27 c:/altera/12.1sp1/nios2eds/bin/gnu/h-i686-mingw32/bin/../lib/gcc/nios2-elf/4.1.2/../../../../nios2-elf/lib/mhw-mulx\libc.a(lib_a-reallocr.o)
 .comment       0x00000000       0x27 c:/altera/12.1sp1/nios2eds/bin/gnu/h-i686-mingw32/bin/../lib/gcc/nios2-elf/4.1.2/../../../../nios2-elf/lib/mhw-mulx\libc.a(lib_a-sbrkr.o)
 .comment       0x00000000       0x27 c:/altera/12.1sp1/nios2eds/bin/gnu/h-i686-mingw32/bin/../lib/gcc/nios2-elf/4.1.2/../../../../nios2-elf/lib/mhw-mulx\libc.a(lib_a-wsetup.o)
 .comment       0x00000000       0x27 c:/altera/12.1sp1/nios2eds/bin/gnu/h-i686-mingw32/bin/../lib/gcc/nios2-elf/4.1.2/../../../../nios2-elf/lib/mhw-mulx\libc.a(lib_a-fflush.o)
 .comment       0x00000000       0x27 c:/altera/12.1sp1/nios2eds/bin/gnu/h-i686-mingw32/bin/../lib/gcc/nios2-elf/4.1.2/../../../../nios2-elf/lib/mhw-mulx\libc.a(lib_a-findfp.o)
 .comment       0x00000000       0x27 c:/altera/12.1sp1/nios2eds/bin/gnu/h-i686-mingw32/bin/../lib/gcc/nios2-elf/4.1.2/../../../../nios2-elf/lib/mhw-mulx\libc.a(lib_a-freer.o)
 .comment       0x00000000       0x27 c:/altera/12.1sp1/nios2eds/bin/gnu/h-i686-mingw32/bin/../lib/gcc/nios2-elf/4.1.2/../../../../nios2-elf/lib/mhw-mulx\libc.a(lib_a-fwalk.o)
 .comment       0x00000000       0x27 c:/altera/12.1sp1/nios2eds/bin/gnu/h-i686-mingw32/bin/../lib/gcc/nios2-elf/4.1.2/../../../../nios2-elf/lib/mhw-mulx\libc.a(lib_a-int_errno.o)
 .comment       0x00000000       0x27 c:/altera/12.1sp1/nios2eds/bin/gnu/h-i686-mingw32/bin/../lib/gcc/nios2-elf/4.1.2/../../../../nios2-elf/lib/mhw-mulx\libc.a(lib_a-makebuf.o)
 .comment       0x00000000       0x27 c:/altera/12.1sp1/nios2eds/bin/gnu/h-i686-mingw32/bin/../lib/gcc/nios2-elf/4.1.2/../../../../nios2-elf/lib/mhw-mulx\libc.a(lib_a-memset.o)
 .comment       0x00000000       0x27 c:/altera/12.1sp1/nios2eds/bin/gnu/h-i686-mingw32/bin/../lib/gcc/nios2-elf/4.1.2/../../../../nios2-elf/lib/mhw-mulx\libc.a(lib_a-stdio.o)
 .comment       0x00000000       0x27 c:/altera/12.1sp1/nios2eds/bin/gnu/h-i686-mingw32/bin/../lib/gcc/nios2-elf/4.1.2/../../../../nios2-elf/lib/mhw-mulx\libc.a(lib_a-writer.o)
 .comment       0x00000000       0x27 c:/altera/12.1sp1/nios2eds/bin/gnu/h-i686-mingw32/bin/../lib/gcc/nios2-elf/4.1.2/../../../../nios2-elf/lib/mhw-mulx\libc.a(lib_a-closer.o)
 .comment       0x00000000       0x27 c:/altera/12.1sp1/nios2eds/bin/gnu/h-i686-mingw32/bin/../lib/gcc/nios2-elf/4.1.2/../../../../nios2-elf/lib/mhw-mulx\libc.a(lib_a-fclose.o)
 .comment       0x00000000       0x27 c:/altera/12.1sp1/nios2eds/bin/gnu/h-i686-mingw32/bin/../lib/gcc/nios2-elf/4.1.2/../../../../nios2-elf/lib/mhw-mulx\libc.a(lib_a-fstatr.o)
 .comment       0x00000000       0x27 c:/altera/12.1sp1/nios2eds/bin/gnu/h-i686-mingw32/bin/../lib/gcc/nios2-elf/4.1.2/../../../../nios2-elf/lib/mhw-mulx\libc.a(lib_a-isattyr.o)
 .comment       0x00000000       0x27 c:/altera/12.1sp1/nios2eds/bin/gnu/h-i686-mingw32/bin/../lib/gcc/nios2-elf/4.1.2/../../../../nios2-elf/lib/mhw-mulx\libc.a(lib_a-lseekr.o)
 .comment       0x00000000       0x27 c:/altera/12.1sp1/nios2eds/bin/gnu/h-i686-mingw32/bin/../lib/gcc/nios2-elf/4.1.2/../../../../nios2-elf/lib/mhw-mulx\libc.a(lib_a-readr.o)
 .comment       0x00000000       0x27 ../camera_nios_2_bsp/\libhal_bsp.a(alt_close.o)
 .comment       0x00000000       0x27 ../camera_nios_2_bsp/\libhal_bsp.a(alt_dev.o)
 .comment       0x00000000       0x27 ../camera_nios_2_bsp/\libhal_bsp.a(alt_errno.o)
 .comment       0x00000000       0x27 ../camera_nios_2_bsp/\libhal_bsp.a(alt_fstat.o)
 .comment       0x00000000       0x27 ../camera_nios_2_bsp/\libhal_bsp.a(alt_isatty.o)
 .comment       0x00000000       0x27 ../camera_nios_2_bsp/\libhal_bsp.a(alt_load.o)
 .comment       0x00000000       0x27 ../camera_nios_2_bsp/\libhal_bsp.a(alt_lseek.o)
 .comment       0x00000000       0x27 ../camera_nios_2_bsp/\libhal_bsp.a(alt_main.o)
 .comment       0x00000000       0x27 ../camera_nios_2_bsp/\libhal_bsp.a(alt_malloc_lock.o)
 .comment       0x00000000       0x27 ../camera_nios_2_bsp/\libhal_bsp.a(alt_read.o)
 .comment       0x00000000       0x27 ../camera_nios_2_bsp/\libhal_bsp.a(alt_release_fd.o)
 .comment       0x00000000       0x27 ../camera_nios_2_bsp/\libhal_bsp.a(alt_sbrk.o)
 .comment       0x00000000       0x27 ../camera_nios_2_bsp/\libhal_bsp.a(alt_usleep.o)
 .comment       0x00000000       0x27 ../camera_nios_2_bsp/\libhal_bsp.a(alt_write.o)
 .comment       0x00000000       0x27 ../camera_nios_2_bsp/\libhal_bsp.a(alt_sys_init.o)
 .comment       0x00000000       0x27 ../camera_nios_2_bsp/\libhal_bsp.a(altera_avalon_jtag_uart_fd.o)
 .comment       0x00000000       0x27 ../camera_nios_2_bsp/\libhal_bsp.a(altera_avalon_jtag_uart_init.o)
 .comment       0x00000000       0x27 ../camera_nios_2_bsp/\libhal_bsp.a(altera_avalon_jtag_uart_ioctl.o)
 .comment       0x00000000       0x27 ../camera_nios_2_bsp/\libhal_bsp.a(altera_avalon_jtag_uart_read.o)
 .comment       0x00000000       0x27 ../camera_nios_2_bsp/\libhal_bsp.a(altera_avalon_jtag_uart_write.o)
 .comment       0x00000000       0x27 ../camera_nios_2_bsp/\libhal_bsp.a(altera_avalon_spi.o)
 .comment       0x00000000       0x27 ../camera_nios_2_bsp/\libhal_bsp.a(altera_avalon_timer_sc.o)
 .comment       0x00000000       0x27 ../camera_nios_2_bsp/\libhal_bsp.a(alt_alarm_start.o)
 .comment       0x00000000       0x27 ../camera_nios_2_bsp/\libhal_bsp.a(alt_busy_sleep.o)
 .comment       0x00000000       0x27 ../camera_nios_2_bsp/\libhal_bsp.a(alt_dcache_flush_all.o)
 .comment       0x00000000       0x27 ../camera_nios_2_bsp/\libhal_bsp.a(alt_dev_llist_insert.o)
 .comment       0x00000000       0x27 ../camera_nios_2_bsp/\libhal_bsp.a(alt_do_ctors.o)
 .comment       0x00000000       0x27 ../camera_nios_2_bsp/\libhal_bsp.a(alt_do_dtors.o)
 .comment       0x00000000       0x27 ../camera_nios_2_bsp/\libhal_bsp.a(alt_icache_flush_all.o)
 .comment       0x00000000       0x27 ../camera_nios_2_bsp/\libhal_bsp.a(alt_iic.o)
 .comment       0x00000000       0x27 ../camera_nios_2_bsp/\libhal_bsp.a(alt_iic_isr_register.o)
 .comment       0x00000000       0x27 ../camera_nios_2_bsp/\libhal_bsp.a(alt_io_redirect.o)
 .comment       0x00000000       0x27 ../camera_nios_2_bsp/\libhal_bsp.a(alt_irq_handler.o)
 .comment       0x00000000       0x27 ../camera_nios_2_bsp/\libhal_bsp.a(alt_irq_vars.o)
 .comment       0x00000000       0x27 ../camera_nios_2_bsp/\libhal_bsp.a(alt_open.o)
 .comment       0x00000000       0x27 ../camera_nios_2_bsp/\libhal_bsp.a(alt_tick.o)
 .comment       0x00000000       0x27 ../camera_nios_2_bsp/\libhal_bsp.a(altera_nios2_qsys_irq.o)
 .comment       0x00000000       0x27 ../camera_nios_2_bsp/\libhal_bsp.a(alt_find_dev.o)
 .comment       0x00000000       0x27 ../camera_nios_2_bsp/\libhal_bsp.a(alt_find_file.o)
 .comment       0x00000000       0x27 ../camera_nios_2_bsp/\libhal_bsp.a(alt_get_fd.o)
 .comment       0x00000000       0x27 ../camera_nios_2_bsp/\libhal_bsp.a(alt_icache_flush.o)
 .comment       0x00000000       0x27 c:/altera/12.1sp1/nios2eds/bin/gnu/h-i686-mingw32/bin/../lib/gcc/nios2-elf/4.1.2/../../../../nios2-elf/lib/mhw-mulx\libc.a(lib_a-atexit.o)
 .comment       0x00000000       0x27 c:/altera/12.1sp1/nios2eds/bin/gnu/h-i686-mingw32/bin/../lib/gcc/nios2-elf/4.1.2/../../../../nios2-elf/lib/mhw-mulx\libc.a(lib_a-exit.o)
 .comment       0x00000000       0x27 c:/altera/12.1sp1/nios2eds/bin/gnu/h-i686-mingw32/bin/../lib/gcc/nios2-elf/4.1.2/../../../../nios2-elf/lib/mhw-mulx\libc.a(lib_a-memcmp.o)
 .comment       0x00000000       0x27 c:/altera/12.1sp1/nios2eds/bin/gnu/h-i686-mingw32/bin/../lib/gcc/nios2-elf/4.1.2/../../../../nios2-elf/lib/mhw-mulx\libc.a(lib_a-__atexit.o)
 .comment       0x00000000       0x27 c:/altera/12.1sp1/nios2eds/bin/gnu/h-i686-mingw32/bin/../lib/gcc/nios2-elf/4.1.2/../../../../nios2-elf/lib/mhw-mulx\libc.a(lib_a-__call_atexit.o)
 .comment       0x00000000       0x27 c:/altera/12.1sp1/nios2eds/bin/gnu/h-i686-mingw32/bin/../lib/gcc/nios2-elf/4.1.2/mhw-mulx\libgcc.a(lib2-divmod.o)
 .comment       0x00000000       0x27 ../camera_nios_2_bsp/\libhal_bsp.a(alt_exit.o)

.debug
 *(.debug)

.line
 *(.line)

.debug_srcinfo
 *(.debug_srcinfo)

.debug_sfnames
 *(.debug_sfnames)

.debug_aranges  0x00000000      0x998
 *(.debug_aranges)
 .debug_aranges
                0x00000000       0x28 ../camera_nios_2_bsp//obj/HAL/src/crt0.o
 .debug_aranges
                0x00000028       0x20 obj/default/camera.o
 .debug_aranges
                0x00000048       0x20 obj/default/main.o
 .debug_aranges
                0x00000068       0x20 c:/altera/12.1sp1/nios2eds/bin/gnu/h-i686-mingw32/bin/../lib/gcc/nios2-elf/4.1.2/../../../../nios2-elf/lib/mhw-mulx\libc.a(lib_a-puts.o)
 .debug_aranges
                0x00000088       0x20 c:/altera/12.1sp1/nios2eds/bin/gnu/h-i686-mingw32/bin/../lib/gcc/nios2-elf/4.1.2/../../../../nios2-elf/lib/mhw-mulx\libc.a(lib_a-strlen.o)
 .debug_aranges
                0x000000a8       0x20 c:/altera/12.1sp1/nios2eds/bin/gnu/h-i686-mingw32/bin/../lib/gcc/nios2-elf/4.1.2/../../../../nios2-elf/lib/mhw-mulx\libc.a(lib_a-fvwrite.o)
 .debug_aranges
                0x000000c8       0x20 c:/altera/12.1sp1/nios2eds/bin/gnu/h-i686-mingw32/bin/../lib/gcc/nios2-elf/4.1.2/../../../../nios2-elf/lib/mhw-mulx\libc.a(lib_a-mallocr.o)
 .debug_aranges
                0x000000e8       0x20 c:/altera/12.1sp1/nios2eds/bin/gnu/h-i686-mingw32/bin/../lib/gcc/nios2-elf/4.1.2/../../../../nios2-elf/lib/mhw-mulx\libc.a(lib_a-memchr.o)
 .debug_aranges
                0x00000108       0x20 c:/altera/12.1sp1/nios2eds/bin/gnu/h-i686-mingw32/bin/../lib/gcc/nios2-elf/4.1.2/../../../../nios2-elf/lib/mhw-mulx\libc.a(lib_a-memcpy.o)
 .debug_aranges
                0x00000128       0x20 c:/altera/12.1sp1/nios2eds/bin/gnu/h-i686-mingw32/bin/../lib/gcc/nios2-elf/4.1.2/../../../../nios2-elf/lib/mhw-mulx\libc.a(lib_a-memmove.o)
 .debug_aranges
                0x00000148       0x20 c:/altera/12.1sp1/nios2eds/bin/gnu/h-i686-mingw32/bin/../lib/gcc/nios2-elf/4.1.2/../../../../nios2-elf/lib/mhw-mulx\libc.a(lib_a-reallocr.o)
 .debug_aranges
                0x00000168       0x20 c:/altera/12.1sp1/nios2eds/bin/gnu/h-i686-mingw32/bin/../lib/gcc/nios2-elf/4.1.2/../../../../nios2-elf/lib/mhw-mulx\libc.a(lib_a-sbrkr.o)
 .debug_aranges
                0x00000188       0x20 c:/altera/12.1sp1/nios2eds/bin/gnu/h-i686-mingw32/bin/../lib/gcc/nios2-elf/4.1.2/../../../../nios2-elf/lib/mhw-mulx\libc.a(lib_a-wsetup.o)
 .debug_aranges
                0x000001a8       0x20 c:/altera/12.1sp1/nios2eds/bin/gnu/h-i686-mingw32/bin/../lib/gcc/nios2-elf/4.1.2/../../../../nios2-elf/lib/mhw-mulx\libc.a(lib_a-fflush.o)
 .debug_aranges
                0x000001c8       0x20 c:/altera/12.1sp1/nios2eds/bin/gnu/h-i686-mingw32/bin/../lib/gcc/nios2-elf/4.1.2/../../../../nios2-elf/lib/mhw-mulx\libc.a(lib_a-findfp.o)
 .debug_aranges
                0x000001e8       0x20 c:/altera/12.1sp1/nios2eds/bin/gnu/h-i686-mingw32/bin/../lib/gcc/nios2-elf/4.1.2/../../../../nios2-elf/lib/mhw-mulx\libc.a(lib_a-freer.o)
 .debug_aranges
                0x00000208       0x20 c:/altera/12.1sp1/nios2eds/bin/gnu/h-i686-mingw32/bin/../lib/gcc/nios2-elf/4.1.2/../../../../nios2-elf/lib/mhw-mulx\libc.a(lib_a-fwalk.o)
 .debug_aranges
                0x00000228       0x20 c:/altera/12.1sp1/nios2eds/bin/gnu/h-i686-mingw32/bin/../lib/gcc/nios2-elf/4.1.2/../../../../nios2-elf/lib/mhw-mulx\libc.a(lib_a-makebuf.o)
 .debug_aranges
                0x00000248       0x20 c:/altera/12.1sp1/nios2eds/bin/gnu/h-i686-mingw32/bin/../lib/gcc/nios2-elf/4.1.2/../../../../nios2-elf/lib/mhw-mulx\libc.a(lib_a-memset.o)
 .debug_aranges
                0x00000268       0x20 c:/altera/12.1sp1/nios2eds/bin/gnu/h-i686-mingw32/bin/../lib/gcc/nios2-elf/4.1.2/../../../../nios2-elf/lib/mhw-mulx\libc.a(lib_a-stdio.o)
 .debug_aranges
                0x00000288       0x20 c:/altera/12.1sp1/nios2eds/bin/gnu/h-i686-mingw32/bin/../lib/gcc/nios2-elf/4.1.2/../../../../nios2-elf/lib/mhw-mulx\libc.a(lib_a-writer.o)
 .debug_aranges
                0x000002a8       0x20 c:/altera/12.1sp1/nios2eds/bin/gnu/h-i686-mingw32/bin/../lib/gcc/nios2-elf/4.1.2/../../../../nios2-elf/lib/mhw-mulx\libc.a(lib_a-closer.o)
 .debug_aranges
                0x000002c8       0x20 c:/altera/12.1sp1/nios2eds/bin/gnu/h-i686-mingw32/bin/../lib/gcc/nios2-elf/4.1.2/../../../../nios2-elf/lib/mhw-mulx\libc.a(lib_a-fclose.o)
 .debug_aranges
                0x000002e8       0x20 c:/altera/12.1sp1/nios2eds/bin/gnu/h-i686-mingw32/bin/../lib/gcc/nios2-elf/4.1.2/../../../../nios2-elf/lib/mhw-mulx\libc.a(lib_a-fstatr.o)
 .debug_aranges
                0x00000308       0x20 c:/altera/12.1sp1/nios2eds/bin/gnu/h-i686-mingw32/bin/../lib/gcc/nios2-elf/4.1.2/../../../../nios2-elf/lib/mhw-mulx\libc.a(lib_a-isattyr.o)
 .debug_aranges
                0x00000328       0x20 c:/altera/12.1sp1/nios2eds/bin/gnu/h-i686-mingw32/bin/../lib/gcc/nios2-elf/4.1.2/../../../../nios2-elf/lib/mhw-mulx\libc.a(lib_a-lseekr.o)
 .debug_aranges
                0x00000348       0x20 c:/altera/12.1sp1/nios2eds/bin/gnu/h-i686-mingw32/bin/../lib/gcc/nios2-elf/4.1.2/../../../../nios2-elf/lib/mhw-mulx\libc.a(lib_a-readr.o)
 .debug_aranges
                0x00000368       0x20 ../camera_nios_2_bsp/\libhal_bsp.a(alt_close.o)
 .debug_aranges
                0x00000388       0x20 ../camera_nios_2_bsp/\libhal_bsp.a(alt_dev.o)
 .debug_aranges
                0x000003a8       0x20 ../camera_nios_2_bsp/\libhal_bsp.a(alt_fstat.o)
 .debug_aranges
                0x000003c8       0x20 ../camera_nios_2_bsp/\libhal_bsp.a(alt_isatty.o)
 .debug_aranges
                0x000003e8       0x20 ../camera_nios_2_bsp/\libhal_bsp.a(alt_load.o)
 .debug_aranges
                0x00000408       0x20 ../camera_nios_2_bsp/\libhal_bsp.a(alt_lseek.o)
 .debug_aranges
                0x00000428       0x20 ../camera_nios_2_bsp/\libhal_bsp.a(alt_main.o)
 .debug_aranges
                0x00000448       0x20 ../camera_nios_2_bsp/\libhal_bsp.a(alt_malloc_lock.o)
 .debug_aranges
                0x00000468       0x20 ../camera_nios_2_bsp/\libhal_bsp.a(alt_read.o)
 .debug_aranges
                0x00000488       0x20 ../camera_nios_2_bsp/\libhal_bsp.a(alt_release_fd.o)
 .debug_aranges
                0x000004a8       0x20 ../camera_nios_2_bsp/\libhal_bsp.a(alt_sbrk.o)
 .debug_aranges
                0x000004c8       0x20 ../camera_nios_2_bsp/\libhal_bsp.a(alt_usleep.o)
 .debug_aranges
                0x000004e8       0x20 ../camera_nios_2_bsp/\libhal_bsp.a(alt_write.o)
 .debug_aranges
                0x00000508       0x20 ../camera_nios_2_bsp/\libhal_bsp.a(alt_sys_init.o)
 .debug_aranges
                0x00000528       0x20 ../camera_nios_2_bsp/\libhal_bsp.a(altera_avalon_jtag_uart_fd.o)
 .debug_aranges
                0x00000548       0x20 ../camera_nios_2_bsp/\libhal_bsp.a(altera_avalon_jtag_uart_init.o)
 .debug_aranges
                0x00000568       0x20 ../camera_nios_2_bsp/\libhal_bsp.a(altera_avalon_jtag_uart_ioctl.o)
 .debug_aranges
                0x00000588       0x20 ../camera_nios_2_bsp/\libhal_bsp.a(altera_avalon_jtag_uart_read.o)
 .debug_aranges
                0x000005a8       0x20 ../camera_nios_2_bsp/\libhal_bsp.a(altera_avalon_jtag_uart_write.o)
 .debug_aranges
                0x000005c8       0x20 ../camera_nios_2_bsp/\libhal_bsp.a(altera_avalon_spi.o)
 .debug_aranges
                0x000005e8       0x20 ../camera_nios_2_bsp/\libhal_bsp.a(altera_avalon_timer_sc.o)
 .debug_aranges
                0x00000608       0x20 ../camera_nios_2_bsp/\libhal_bsp.a(alt_alarm_start.o)
 .debug_aranges
                0x00000628       0x20 ../camera_nios_2_bsp/\libhal_bsp.a(alt_busy_sleep.o)
 .debug_aranges
                0x00000648       0x20 ../camera_nios_2_bsp/\libhal_bsp.a(alt_dcache_flush_all.o)
 .debug_aranges
                0x00000668       0x20 ../camera_nios_2_bsp/\libhal_bsp.a(alt_dev_llist_insert.o)
 .debug_aranges
                0x00000688       0x20 ../camera_nios_2_bsp/\libhal_bsp.a(alt_do_ctors.o)
 .debug_aranges
                0x000006a8       0x20 ../camera_nios_2_bsp/\libhal_bsp.a(alt_do_dtors.o)
 .debug_aranges
                0x000006c8       0x20 ../camera_nios_2_bsp/\libhal_bsp.a(alt_icache_flush_all.o)
 .debug_aranges
                0x000006e8       0x20 ../camera_nios_2_bsp/\libhal_bsp.a(alt_iic.o)
 .debug_aranges
                0x00000708       0x20 ../camera_nios_2_bsp/\libhal_bsp.a(alt_iic_isr_register.o)
 .debug_aranges
                0x00000728       0x20 ../camera_nios_2_bsp/\libhal_bsp.a(alt_io_redirect.o)
 .debug_aranges
                0x00000748       0x30 ../camera_nios_2_bsp/\libhal_bsp.a(alt_irq_entry.o)
 .debug_aranges
                0x00000778       0x28 ../camera_nios_2_bsp/\libhal_bsp.a(alt_irq_handler.o)
 .debug_aranges
                0x000007a0       0x20 ../camera_nios_2_bsp/\libhal_bsp.a(alt_open.o)
 .debug_aranges
                0x000007c0       0x20 ../camera_nios_2_bsp/\libhal_bsp.a(alt_tick.o)
 .debug_aranges
                0x000007e0       0x20 ../camera_nios_2_bsp/\libhal_bsp.a(altera_nios2_qsys_irq.o)
 .debug_aranges
                0x00000800       0x38 ../camera_nios_2_bsp/\libhal_bsp.a(alt_exception_entry.o)
 .debug_aranges
                0x00000838       0x20 ../camera_nios_2_bsp/\libhal_bsp.a(alt_find_dev.o)
 .debug_aranges
                0x00000858       0x20 ../camera_nios_2_bsp/\libhal_bsp.a(alt_find_file.o)
 .debug_aranges
                0x00000878       0x20 ../camera_nios_2_bsp/\libhal_bsp.a(alt_get_fd.o)
 .debug_aranges
                0x00000898       0x20 ../camera_nios_2_bsp/\libhal_bsp.a(alt_icache_flush.o)
 .debug_aranges
                0x000008b8       0x20 c:/altera/12.1sp1/nios2eds/bin/gnu/h-i686-mingw32/bin/../lib/gcc/nios2-elf/4.1.2/../../../../nios2-elf/lib/mhw-mulx\libc.a(lib_a-atexit.o)
 .debug_aranges
                0x000008d8       0x20 c:/altera/12.1sp1/nios2eds/bin/gnu/h-i686-mingw32/bin/../lib/gcc/nios2-elf/4.1.2/../../../../nios2-elf/lib/mhw-mulx\libc.a(lib_a-exit.o)
 .debug_aranges
                0x000008f8       0x20 c:/altera/12.1sp1/nios2eds/bin/gnu/h-i686-mingw32/bin/../lib/gcc/nios2-elf/4.1.2/../../../../nios2-elf/lib/mhw-mulx\libc.a(lib_a-memcmp.o)
 .debug_aranges
                0x00000918       0x20 c:/altera/12.1sp1/nios2eds/bin/gnu/h-i686-mingw32/bin/../lib/gcc/nios2-elf/4.1.2/../../../../nios2-elf/lib/mhw-mulx\libc.a(lib_a-__atexit.o)
 .debug_aranges
                0x00000938       0x20 c:/altera/12.1sp1/nios2eds/bin/gnu/h-i686-mingw32/bin/../lib/gcc/nios2-elf/4.1.2/../../../../nios2-elf/lib/mhw-mulx\libc.a(lib_a-__call_atexit.o)
 .debug_aranges
                0x00000958       0x20 c:/altera/12.1sp1/nios2eds/bin/gnu/h-i686-mingw32/bin/../lib/gcc/nios2-elf/4.1.2/mhw-mulx\libgcc.a(lib2-divmod.o)
 .debug_aranges
                0x00000978       0x20 ../camera_nios_2_bsp/\libhal_bsp.a(alt_exit.o)

.debug_pubnames
                0x00000000      0xe2a
 *(.debug_pubnames)
 .debug_pubnames
                0x00000000       0x22 obj/default/camera.o
 .debug_pubnames
                0x00000022       0x1b obj/default/main.o
 .debug_pubnames
                0x0000003d       0x27 c:/altera/12.1sp1/nios2eds/bin/gnu/h-i686-mingw32/bin/../lib/gcc/nios2-elf/4.1.2/../../../../nios2-elf/lib/mhw-mulx\libc.a(lib_a-puts.o)
 .debug_pubnames
                0x00000064       0x1d c:/altera/12.1sp1/nios2eds/bin/gnu/h-i686-mingw32/bin/../lib/gcc/nios2-elf/4.1.2/../../../../nios2-elf/lib/mhw-mulx\libc.a(lib_a-strlen.o)
 .debug_pubnames
                0x00000081       0x23 c:/altera/12.1sp1/nios2eds/bin/gnu/h-i686-mingw32/bin/../lib/gcc/nios2-elf/4.1.2/../../../../nios2-elf/lib/mhw-mulx\libc.a(lib_a-fvwrite.o)
 .debug_pubnames
                0x000000a4       0x39 c:/altera/12.1sp1/nios2eds/bin/gnu/h-i686-mingw32/bin/../lib/gcc/nios2-elf/4.1.2/../../../../nios2-elf/lib/mhw-mulx\libc.a(lib_a-impure.o)
 .debug_pubnames
                0x000000dd       0xce c:/altera/12.1sp1/nios2eds/bin/gnu/h-i686-mingw32/bin/../lib/gcc/nios2-elf/4.1.2/../../../../nios2-elf/lib/mhw-mulx\libc.a(lib_a-mallocr.o)
 .debug_pubnames
                0x000001ab       0x1d c:/altera/12.1sp1/nios2eds/bin/gnu/h-i686-mingw32/bin/../lib/gcc/nios2-elf/4.1.2/../../../../nios2-elf/lib/mhw-mulx\libc.a(lib_a-memchr.o)
 .debug_pubnames
                0x000001c8       0x1d c:/altera/12.1sp1/nios2eds/bin/gnu/h-i686-mingw32/bin/../lib/gcc/nios2-elf/4.1.2/../../../../nios2-elf/lib/mhw-mulx\libc.a(lib_a-memcpy.o)
 .debug_pubnames
                0x000001e5       0x1e c:/altera/12.1sp1/nios2eds/bin/gnu/h-i686-mingw32/bin/../lib/gcc/nios2-elf/4.1.2/../../../../nios2-elf/lib/mhw-mulx\libc.a(lib_a-memmove.o)
 .debug_pubnames
                0x00000203       0x21 c:/altera/12.1sp1/nios2eds/bin/gnu/h-i686-mingw32/bin/../lib/gcc/nios2-elf/4.1.2/../../../../nios2-elf/lib/mhw-mulx\libc.a(lib_a-reallocr.o)
 .debug_pubnames
                0x00000224       0x1e c:/altera/12.1sp1/nios2eds/bin/gnu/h-i686-mingw32/bin/../lib/gcc/nios2-elf/4.1.2/../../../../nios2-elf/lib/mhw-mulx\libc.a(lib_a-sbrkr.o)
 .debug_pubnames
                0x00000242       0x22 c:/altera/12.1sp1/nios2eds/bin/gnu/h-i686-mingw32/bin/../lib/gcc/nios2-elf/4.1.2/../../../../nios2-elf/lib/mhw-mulx\libc.a(lib_a-wsetup.o)
 .debug_pubnames
                0x00000264       0x2b c:/altera/12.1sp1/nios2eds/bin/gnu/h-i686-mingw32/bin/../lib/gcc/nios2-elf/4.1.2/../../../../nios2-elf/lib/mhw-mulx\libc.a(lib_a-fflush.o)
 .debug_pubnames
                0x0000028f       0xdb c:/altera/12.1sp1/nios2eds/bin/gnu/h-i686-mingw32/bin/../lib/gcc/nios2-elf/4.1.2/../../../../nios2-elf/lib/mhw-mulx\libc.a(lib_a-findfp.o)
 .debug_pubnames
                0x0000036a       0x31 c:/altera/12.1sp1/nios2eds/bin/gnu/h-i686-mingw32/bin/../lib/gcc/nios2-elf/4.1.2/../../../../nios2-elf/lib/mhw-mulx\libc.a(lib_a-freer.o)
 .debug_pubnames
                0x0000039b       0x2e c:/altera/12.1sp1/nios2eds/bin/gnu/h-i686-mingw32/bin/../lib/gcc/nios2-elf/4.1.2/../../../../nios2-elf/lib/mhw-mulx\libc.a(lib_a-fwalk.o)
 .debug_pubnames
                0x000003c9       0x1c c:/altera/12.1sp1/nios2eds/bin/gnu/h-i686-mingw32/bin/../lib/gcc/nios2-elf/4.1.2/../../../../nios2-elf/lib/mhw-mulx\libc.a(lib_a-int_errno.o)
 .debug_pubnames
                0x000003e5       0x23 c:/altera/12.1sp1/nios2eds/bin/gnu/h-i686-mingw32/bin/../lib/gcc/nios2-elf/4.1.2/../../../../nios2-elf/lib/mhw-mulx\libc.a(lib_a-makebuf.o)
 .debug_pubnames
                0x00000408       0x1d c:/altera/12.1sp1/nios2eds/bin/gnu/h-i686-mingw32/bin/../lib/gcc/nios2-elf/4.1.2/../../../../nios2-elf/lib/mhw-mulx\libc.a(lib_a-memset.o)
 .debug_pubnames
                0x00000425       0x44 c:/altera/12.1sp1/nios2eds/bin/gnu/h-i686-mingw32/bin/../lib/gcc/nios2-elf/4.1.2/../../../../nios2-elf/lib/mhw-mulx\libc.a(lib_a-stdio.o)
 .debug_pubnames
                0x00000469       0x1f c:/altera/12.1sp1/nios2eds/bin/gnu/h-i686-mingw32/bin/../lib/gcc/nios2-elf/4.1.2/../../../../nios2-elf/lib/mhw-mulx\libc.a(lib_a-writer.o)
 .debug_pubnames
                0x00000488       0x1f c:/altera/12.1sp1/nios2eds/bin/gnu/h-i686-mingw32/bin/../lib/gcc/nios2-elf/4.1.2/../../../../nios2-elf/lib/mhw-mulx\libc.a(lib_a-closer.o)
 .debug_pubnames
                0x000004a7       0x2b c:/altera/12.1sp1/nios2eds/bin/gnu/h-i686-mingw32/bin/../lib/gcc/nios2-elf/4.1.2/../../../../nios2-elf/lib/mhw-mulx\libc.a(lib_a-fclose.o)
 .debug_pubnames
                0x000004d2       0x1f c:/altera/12.1sp1/nios2eds/bin/gnu/h-i686-mingw32/bin/../lib/gcc/nios2-elf/4.1.2/../../../../nios2-elf/lib/mhw-mulx\libc.a(lib_a-fstatr.o)
 .debug_pubnames
                0x000004f1       0x20 c:/altera/12.1sp1/nios2eds/bin/gnu/h-i686-mingw32/bin/../lib/gcc/nios2-elf/4.1.2/../../../../nios2-elf/lib/mhw-mulx\libc.a(lib_a-isattyr.o)
 .debug_pubnames
                0x00000511       0x1f c:/altera/12.1sp1/nios2eds/bin/gnu/h-i686-mingw32/bin/../lib/gcc/nios2-elf/4.1.2/../../../../nios2-elf/lib/mhw-mulx\libc.a(lib_a-lseekr.o)
 .debug_pubnames
                0x00000530       0x1e c:/altera/12.1sp1/nios2eds/bin/gnu/h-i686-mingw32/bin/../lib/gcc/nios2-elf/4.1.2/../../../../nios2-elf/lib/mhw-mulx\libc.a(lib_a-readr.o)
 .debug_pubnames
                0x0000054e       0x1c ../camera_nios_2_bsp/\libhal_bsp.a(alt_close.o)
 .debug_pubnames
                0x0000056a       0x63 ../camera_nios_2_bsp/\libhal_bsp.a(alt_dev.o)
 .debug_pubnames
                0x000005cd       0x20 ../camera_nios_2_bsp/\libhal_bsp.a(alt_errno.o)
 .debug_pubnames
                0x000005ed       0x1c ../camera_nios_2_bsp/\libhal_bsp.a(alt_fstat.o)
 .debug_pubnames
                0x00000609       0x1d ../camera_nios_2_bsp/\libhal_bsp.a(alt_isatty.o)
 .debug_pubnames
                0x00000626       0x1f ../camera_nios_2_bsp/\libhal_bsp.a(alt_load.o)
 .debug_pubnames
                0x00000645       0x1c ../camera_nios_2_bsp/\libhal_bsp.a(alt_lseek.o)
 .debug_pubnames
                0x00000661       0x46 ../camera_nios_2_bsp/\libhal_bsp.a(alt_main.o)
 .debug_pubnames
                0x000006a7       0x38 ../camera_nios_2_bsp/\libhal_bsp.a(alt_malloc_lock.o)
 .debug_pubnames
                0x000006df       0x1b ../camera_nios_2_bsp/\libhal_bsp.a(alt_read.o)
 .debug_pubnames
                0x000006fa       0x25 ../camera_nios_2_bsp/\libhal_bsp.a(alt_release_fd.o)
 .debug_pubnames
                0x0000071f       0x1b ../camera_nios_2_bsp/\libhal_bsp.a(alt_sbrk.o)
 .debug_pubnames
                0x0000073a       0x1d ../camera_nios_2_bsp/\libhal_bsp.a(alt_usleep.o)
 .debug_pubnames
                0x00000757       0x1c ../camera_nios_2_bsp/\libhal_bsp.a(alt_write.o)
 .debug_pubnames
                0x00000773       0x34 ../camera_nios_2_bsp/\libhal_bsp.a(alt_sys_init.o)
 .debug_pubnames
                0x000007a7       0xa5 ../camera_nios_2_bsp/\libhal_bsp.a(altera_avalon_jtag_uart_fd.o)
 .debug_pubnames
                0x0000084c       0x55 ../camera_nios_2_bsp/\libhal_bsp.a(altera_avalon_jtag_uart_init.o)
 .debug_pubnames
                0x000008a1       0x34 ../camera_nios_2_bsp/\libhal_bsp.a(altera_avalon_jtag_uart_ioctl.o)
 .debug_pubnames
                0x000008d5       0x33 ../camera_nios_2_bsp/\libhal_bsp.a(altera_avalon_jtag_uart_read.o)
 .debug_pubnames
                0x00000908       0x34 ../camera_nios_2_bsp/\libhal_bsp.a(altera_avalon_jtag_uart_write.o)
 .debug_pubnames
                0x0000093c       0x2d ../camera_nios_2_bsp/\libhal_bsp.a(altera_avalon_spi.o)
 .debug_pubnames
                0x00000969       0x2f ../camera_nios_2_bsp/\libhal_bsp.a(altera_avalon_timer_sc.o)
 .debug_pubnames
                0x00000998       0x26 ../camera_nios_2_bsp/\libhal_bsp.a(alt_alarm_start.o)
 .debug_pubnames
                0x000009be       0x25 ../camera_nios_2_bsp/\libhal_bsp.a(alt_busy_sleep.o)
 .debug_pubnames
                0x000009e3       0x2b ../camera_nios_2_bsp/\libhal_bsp.a(alt_dcache_flush_all.o)
 .debug_pubnames
                0x00000a0e       0x2b ../camera_nios_2_bsp/\libhal_bsp.a(alt_dev_llist_insert.o)
 .debug_pubnames
                0x00000a39       0x20 ../camera_nios_2_bsp/\libhal_bsp.a(alt_do_ctors.o)
 .debug_pubnames
                0x00000a59       0x20 ../camera_nios_2_bsp/\libhal_bsp.a(alt_do_dtors.o)
 .debug_pubnames
                0x00000a79       0x2b ../camera_nios_2_bsp/\libhal_bsp.a(alt_icache_flush_all.o)
 .debug_pubnames
                0x00000aa4       0x6e ../camera_nios_2_bsp/\libhal_bsp.a(alt_iic.o)
 .debug_pubnames
                0x00000b12       0x2b ../camera_nios_2_bsp/\libhal_bsp.a(alt_iic_isr_register.o)
 .debug_pubnames
                0x00000b3d       0x26 ../camera_nios_2_bsp/\libhal_bsp.a(alt_io_redirect.o)
 .debug_pubnames
                0x00000b63       0x32 ../camera_nios_2_bsp/\libhal_bsp.a(alt_irq_handler.o)
 .debug_pubnames
                0x00000b95       0x3b ../camera_nios_2_bsp/\libhal_bsp.a(alt_irq_vars.o)
 .debug_pubnames
                0x00000bd0       0x1b ../camera_nios_2_bsp/\libhal_bsp.a(alt_open.o)
 .debug_pubnames
                0x00000beb       0x68 ../camera_nios_2_bsp/\libhal_bsp.a(alt_tick.o)
 .debug_pubnames
                0x00000c53       0x31 ../camera_nios_2_bsp/\libhal_bsp.a(altera_nios2_qsys_irq.o)
 .debug_pubnames
                0x00000c84       0x23 ../camera_nios_2_bsp/\libhal_bsp.a(alt_find_dev.o)
 .debug_pubnames
                0x00000ca7       0x24 ../camera_nios_2_bsp/\libhal_bsp.a(alt_find_file.o)
 .debug_pubnames
                0x00000ccb       0x21 ../camera_nios_2_bsp/\libhal_bsp.a(alt_get_fd.o)
 .debug_pubnames
                0x00000cec       0x27 ../camera_nios_2_bsp/\libhal_bsp.a(alt_icache_flush.o)
 .debug_pubnames
                0x00000d13       0x2a c:/altera/12.1sp1/nios2eds/bin/gnu/h-i686-mingw32/bin/../lib/gcc/nios2-elf/4.1.2/../../../../nios2-elf/lib/mhw-mulx\libc.a(lib_a-atexit.o)
 .debug_pubnames
                0x00000d3d       0x1b c:/altera/12.1sp1/nios2eds/bin/gnu/h-i686-mingw32/bin/../lib/gcc/nios2-elf/4.1.2/../../../../nios2-elf/lib/mhw-mulx\libc.a(lib_a-exit.o)
 .debug_pubnames
                0x00000d58       0x1d c:/altera/12.1sp1/nios2eds/bin/gnu/h-i686-mingw32/bin/../lib/gcc/nios2-elf/4.1.2/../../../../nios2-elf/lib/mhw-mulx\libc.a(lib_a-memcmp.o)
 .debug_pubnames
                0x00000d75       0x2a c:/altera/12.1sp1/nios2eds/bin/gnu/h-i686-mingw32/bin/../lib/gcc/nios2-elf/4.1.2/../../../../nios2-elf/lib/mhw-mulx\libc.a(lib_a-__atexit.o)
 .debug_pubnames
                0x00000d9f       0x27 c:/altera/12.1sp1/nios2eds/bin/gnu/h-i686-mingw32/bin/../lib/gcc/nios2-elf/4.1.2/../../../../nios2-elf/lib/mhw-mulx\libc.a(lib_a-__call_atexit.o)
 .debug_pubnames
                0x00000dc6       0x48 c:/altera/12.1sp1/nios2eds/bin/gnu/h-i686-mingw32/bin/../lib/gcc/nios2-elf/4.1.2/mhw-mulx\libgcc.a(lib2-divmod.o)
 .debug_pubnames
                0x00000e0e       0x1c ../camera_nios_2_bsp/\libhal_bsp.a(alt_exit.o)

.debug_info     0x00000000    0x1a4c1
 *(.debug_info .gnu.linkonce.wi.*)
 .debug_info    0x00000000       0x81 ../camera_nios_2_bsp//obj/HAL/src/crt0.o
 .debug_info    0x00000081      0x193 obj/default/camera.o
 .debug_info    0x00000214      0x28d obj/default/main.o
 .debug_info    0x000004a1      0xa25 c:/altera/12.1sp1/nios2eds/bin/gnu/h-i686-mingw32/bin/../lib/gcc/nios2-elf/4.1.2/../../../../nios2-elf/lib/mhw-mulx\libc.a(lib_a-puts.o)
 .debug_info    0x00000ec6       0xdb c:/altera/12.1sp1/nios2eds/bin/gnu/h-i686-mingw32/bin/../lib/gcc/nios2-elf/4.1.2/../../../../nios2-elf/lib/mhw-mulx\libc.a(lib_a-strlen.o)
 .debug_info    0x00000fa1      0xa88 c:/altera/12.1sp1/nios2eds/bin/gnu/h-i686-mingw32/bin/../lib/gcc/nios2-elf/4.1.2/../../../../nios2-elf/lib/mhw-mulx\libc.a(lib_a-fvwrite.o)
 .debug_info    0x00001a29      0x93d c:/altera/12.1sp1/nios2eds/bin/gnu/h-i686-mingw32/bin/../lib/gcc/nios2-elf/4.1.2/../../../../nios2-elf/lib/mhw-mulx\libc.a(lib_a-impure.o)
 .debug_info    0x00002366      0xcd0 c:/altera/12.1sp1/nios2eds/bin/gnu/h-i686-mingw32/bin/../lib/gcc/nios2-elf/4.1.2/../../../../nios2-elf/lib/mhw-mulx\libc.a(lib_a-mallocr.o)
 .debug_info    0x00003036      0x138 c:/altera/12.1sp1/nios2eds/bin/gnu/h-i686-mingw32/bin/../lib/gcc/nios2-elf/4.1.2/../../../../nios2-elf/lib/mhw-mulx\libc.a(lib_a-memchr.o)
 .debug_info    0x0000316e      0x106 c:/altera/12.1sp1/nios2eds/bin/gnu/h-i686-mingw32/bin/../lib/gcc/nios2-elf/4.1.2/../../../../nios2-elf/lib/mhw-mulx\libc.a(lib_a-memcpy.o)
 .debug_info    0x00003274      0x13e c:/altera/12.1sp1/nios2eds/bin/gnu/h-i686-mingw32/bin/../lib/gcc/nios2-elf/4.1.2/../../../../nios2-elf/lib/mhw-mulx\libc.a(lib_a-memmove.o)
 .debug_info    0x000033b2      0xbd7 c:/altera/12.1sp1/nios2eds/bin/gnu/h-i686-mingw32/bin/../lib/gcc/nios2-elf/4.1.2/../../../../nios2-elf/lib/mhw-mulx\libc.a(lib_a-reallocr.o)
 .debug_info    0x00003f89      0x962 c:/altera/12.1sp1/nios2eds/bin/gnu/h-i686-mingw32/bin/../lib/gcc/nios2-elf/4.1.2/../../../../nios2-elf/lib/mhw-mulx\libc.a(lib_a-sbrkr.o)
 .debug_info    0x000048eb      0x95d c:/altera/12.1sp1/nios2eds/bin/gnu/h-i686-mingw32/bin/../lib/gcc/nios2-elf/4.1.2/../../../../nios2-elf/lib/mhw-mulx\libc.a(lib_a-wsetup.o)
 .debug_info    0x00005248      0x9fe c:/altera/12.1sp1/nios2eds/bin/gnu/h-i686-mingw32/bin/../lib/gcc/nios2-elf/4.1.2/../../../../nios2-elf/lib/mhw-mulx\libc.a(lib_a-fflush.o)
 .debug_info    0x00005c46      0xb72 c:/altera/12.1sp1/nios2eds/bin/gnu/h-i686-mingw32/bin/../lib/gcc/nios2-elf/4.1.2/../../../../nios2-elf/lib/mhw-mulx\libc.a(lib_a-findfp.o)
 .debug_info    0x000067b8      0xbc9 c:/altera/12.1sp1/nios2eds/bin/gnu/h-i686-mingw32/bin/../lib/gcc/nios2-elf/4.1.2/../../../../nios2-elf/lib/mhw-mulx\libc.a(lib_a-freer.o)
 .debug_info    0x00007381      0xaed c:/altera/12.1sp1/nios2eds/bin/gnu/h-i686-mingw32/bin/../lib/gcc/nios2-elf/4.1.2/../../../../nios2-elf/lib/mhw-mulx\libc.a(lib_a-fwalk.o)
 .debug_info    0x00007e6e       0x8c c:/altera/12.1sp1/nios2eds/bin/gnu/h-i686-mingw32/bin/../lib/gcc/nios2-elf/4.1.2/../../../../nios2-elf/lib/mhw-mulx\libc.a(lib_a-int_errno.o)
 .debug_info    0x00007efa      0xb1a c:/altera/12.1sp1/nios2eds/bin/gnu/h-i686-mingw32/bin/../lib/gcc/nios2-elf/4.1.2/../../../../nios2-elf/lib/mhw-mulx\libc.a(lib_a-makebuf.o)
 .debug_info    0x00008a14      0x113 c:/altera/12.1sp1/nios2eds/bin/gnu/h-i686-mingw32/bin/../lib/gcc/nios2-elf/4.1.2/../../../../nios2-elf/lib/mhw-mulx\libc.a(lib_a-memset.o)
 .debug_info    0x00008b27      0xaac c:/altera/12.1sp1/nios2eds/bin/gnu/h-i686-mingw32/bin/../lib/gcc/nios2-elf/4.1.2/../../../../nios2-elf/lib/mhw-mulx\libc.a(lib_a-stdio.o)
 .debug_info    0x000095d3      0x993 c:/altera/12.1sp1/nios2eds/bin/gnu/h-i686-mingw32/bin/../lib/gcc/nios2-elf/4.1.2/../../../../nios2-elf/lib/mhw-mulx\libc.a(lib_a-writer.o)
 .debug_info    0x00009f66      0x958 c:/altera/12.1sp1/nios2eds/bin/gnu/h-i686-mingw32/bin/../lib/gcc/nios2-elf/4.1.2/../../../../nios2-elf/lib/mhw-mulx\libc.a(lib_a-closer.o)
 .debug_info    0x0000a8be      0x994 c:/altera/12.1sp1/nios2eds/bin/gnu/h-i686-mingw32/bin/../lib/gcc/nios2-elf/4.1.2/../../../../nios2-elf/lib/mhw-mulx\libc.a(lib_a-fclose.o)
 .debug_info    0x0000b252      0xafc c:/altera/12.1sp1/nios2eds/bin/gnu/h-i686-mingw32/bin/../lib/gcc/nios2-elf/4.1.2/../../../../nios2-elf/lib/mhw-mulx\libc.a(lib_a-fstatr.o)
 .debug_info    0x0000bd4e      0x958 c:/altera/12.1sp1/nios2eds/bin/gnu/h-i686-mingw32/bin/../lib/gcc/nios2-elf/4.1.2/../../../../nios2-elf/lib/mhw-mulx\libc.a(lib_a-isattyr.o)
 .debug_info    0x0000c6a6      0x981 c:/altera/12.1sp1/nios2eds/bin/gnu/h-i686-mingw32/bin/../lib/gcc/nios2-elf/4.1.2/../../../../nios2-elf/lib/mhw-mulx\libc.a(lib_a-lseekr.o)
 .debug_info    0x0000d027      0x98c c:/altera/12.1sp1/nios2eds/bin/gnu/h-i686-mingw32/bin/../lib/gcc/nios2-elf/4.1.2/../../../../nios2-elf/lib/mhw-mulx\libc.a(lib_a-readr.o)
 .debug_info    0x0000d9b3      0x46d ../camera_nios_2_bsp/\libhal_bsp.a(alt_close.o)
 .debug_info    0x0000de20      0x685 ../camera_nios_2_bsp/\libhal_bsp.a(alt_dev.o)
 .debug_info    0x0000e4a5      0x16a ../camera_nios_2_bsp/\libhal_bsp.a(alt_errno.o)
 .debug_info    0x0000e60f      0x666 ../camera_nios_2_bsp/\libhal_bsp.a(alt_fstat.o)
 .debug_info    0x0000ec75      0x66c ../camera_nios_2_bsp/\libhal_bsp.a(alt_isatty.o)
 .debug_info    0x0000f2e1      0x293 ../camera_nios_2_bsp/\libhal_bsp.a(alt_load.o)
 .debug_info    0x0000f574      0x4a0 ../camera_nios_2_bsp/\libhal_bsp.a(alt_lseek.o)
 .debug_info    0x0000fa14      0x22b ../camera_nios_2_bsp/\libhal_bsp.a(alt_main.o)
 .debug_info    0x0000fc3f      0xc1e ../camera_nios_2_bsp/\libhal_bsp.a(alt_malloc_lock.o)
 .debug_info    0x0001085d      0x690 ../camera_nios_2_bsp/\libhal_bsp.a(alt_read.o)
 .debug_info    0x00010eed      0x3f8 ../camera_nios_2_bsp/\libhal_bsp.a(alt_release_fd.o)
 .debug_info    0x000112e5      0x2bd ../camera_nios_2_bsp/\libhal_bsp.a(alt_sbrk.o)
 .debug_info    0x000115a2      0x16e ../camera_nios_2_bsp/\libhal_bsp.a(alt_usleep.o)
 .debug_info    0x00011710      0x699 ../camera_nios_2_bsp/\libhal_bsp.a(alt_write.o)
 .debug_info    0x00011da9      0x726 ../camera_nios_2_bsp/\libhal_bsp.a(alt_sys_init.o)
 .debug_info    0x000124cf      0x7df ../camera_nios_2_bsp/\libhal_bsp.a(altera_avalon_jtag_uart_fd.o)
 .debug_info    0x00012cae      0x607 ../camera_nios_2_bsp/\libhal_bsp.a(altera_avalon_jtag_uart_init.o)
 .debug_info    0x000132b5      0x449 ../camera_nios_2_bsp/\libhal_bsp.a(altera_avalon_jtag_uart_ioctl.o)
 .debug_info    0x000136fe      0x54c ../camera_nios_2_bsp/\libhal_bsp.a(altera_avalon_jtag_uart_read.o)
 .debug_info    0x00013c4a      0x544 ../camera_nios_2_bsp/\libhal_bsp.a(altera_avalon_jtag_uart_write.o)
 .debug_info    0x0001418e      0x2af ../camera_nios_2_bsp/\libhal_bsp.a(altera_avalon_spi.o)
 .debug_info    0x0001443d      0x391 ../camera_nios_2_bsp/\libhal_bsp.a(altera_avalon_timer_sc.o)
 .debug_info    0x000147ce      0x448 ../camera_nios_2_bsp/\libhal_bsp.a(alt_alarm_start.o)
 .debug_info    0x00014c16      0x1b1 ../camera_nios_2_bsp/\libhal_bsp.a(alt_busy_sleep.o)
 .debug_info    0x00014dc7      0x175 ../camera_nios_2_bsp/\libhal_bsp.a(alt_dcache_flush_all.o)
 .debug_info    0x00014f3c      0x2bd ../camera_nios_2_bsp/\libhal_bsp.a(alt_dev_llist_insert.o)
 .debug_info    0x000151f9      0x115 ../camera_nios_2_bsp/\libhal_bsp.a(alt_do_ctors.o)
 .debug_info    0x0001530e      0x114 ../camera_nios_2_bsp/\libhal_bsp.a(alt_do_dtors.o)
 .debug_info    0x00015422      0x162 ../camera_nios_2_bsp/\libhal_bsp.a(alt_icache_flush_all.o)
 .debug_info    0x00015584      0x499 ../camera_nios_2_bsp/\libhal_bsp.a(alt_iic.o)
 .debug_info    0x00015a1d      0x31a ../camera_nios_2_bsp/\libhal_bsp.a(alt_iic_isr_register.o)
 .debug_info    0x00015d37      0x69b ../camera_nios_2_bsp/\libhal_bsp.a(alt_io_redirect.o)
 .debug_info    0x000163d2       0x8a ../camera_nios_2_bsp/\libhal_bsp.a(alt_irq_entry.o)
 .debug_info    0x0001645c      0x27b ../camera_nios_2_bsp/\libhal_bsp.a(alt_irq_handler.o)
 .debug_info    0x000166d7      0x16d ../camera_nios_2_bsp/\libhal_bsp.a(alt_irq_vars.o)
 .debug_info    0x00016844      0x52b ../camera_nios_2_bsp/\libhal_bsp.a(alt_open.o)
 .debug_info    0x00016d6f      0x404 ../camera_nios_2_bsp/\libhal_bsp.a(alt_tick.o)
 .debug_info    0x00017173      0x169 ../camera_nios_2_bsp/\libhal_bsp.a(altera_nios2_qsys_irq.o)
 .debug_info    0x000172dc       0x90 ../camera_nios_2_bsp/\libhal_bsp.a(alt_exception_entry.o)
 .debug_info    0x0001736c      0x41e ../camera_nios_2_bsp/\libhal_bsp.a(alt_find_dev.o)
 .debug_info    0x0001778a      0x425 ../camera_nios_2_bsp/\libhal_bsp.a(alt_find_file.o)
 .debug_info    0x00017baf      0x466 ../camera_nios_2_bsp/\libhal_bsp.a(alt_get_fd.o)
 .debug_info    0x00018015      0x1aa ../camera_nios_2_bsp/\libhal_bsp.a(alt_icache_flush.o)
 .debug_info    0x000181bf      0x181 c:/altera/12.1sp1/nios2eds/bin/gnu/h-i686-mingw32/bin/../lib/gcc/nios2-elf/4.1.2/../../../../nios2-elf/lib/mhw-mulx\libc.a(lib_a-atexit.o)
 .debug_info    0x00018340      0x93f c:/altera/12.1sp1/nios2eds/bin/gnu/h-i686-mingw32/bin/../lib/gcc/nios2-elf/4.1.2/../../../../nios2-elf/lib/mhw-mulx\libc.a(lib_a-exit.o)
 .debug_info    0x00018c7f      0x115 c:/altera/12.1sp1/nios2eds/bin/gnu/h-i686-mingw32/bin/../lib/gcc/nios2-elf/4.1.2/../../../../nios2-elf/lib/mhw-mulx\libc.a(lib_a-memcmp.o)
 .debug_info    0x00018d94      0x99c c:/altera/12.1sp1/nios2eds/bin/gnu/h-i686-mingw32/bin/../lib/gcc/nios2-elf/4.1.2/../../../../nios2-elf/lib/mhw-mulx\libc.a(lib_a-__atexit.o)
 .debug_info    0x00019730      0x9e2 c:/altera/12.1sp1/nios2eds/bin/gnu/h-i686-mingw32/bin/../lib/gcc/nios2-elf/4.1.2/../../../../nios2-elf/lib/mhw-mulx\libc.a(lib_a-__call_atexit.o)
 .debug_info    0x0001a112      0x21c c:/altera/12.1sp1/nios2eds/bin/gnu/h-i686-mingw32/bin/../lib/gcc/nios2-elf/4.1.2/mhw-mulx\libgcc.a(lib2-divmod.o)
 .debug_info    0x0001a32e      0x193 ../camera_nios_2_bsp/\libhal_bsp.a(alt_exit.o)

.debug_abbrev   0x00000000     0x522c
 *(.debug_abbrev)
 .debug_abbrev  0x00000000       0x12 ../camera_nios_2_bsp//obj/HAL/src/crt0.o
 .debug_abbrev  0x00000012       0x7e obj/default/camera.o
 .debug_abbrev  0x00000090       0xae obj/default/main.o
 .debug_abbrev  0x0000013e      0x1ac c:/altera/12.1sp1/nios2eds/bin/gnu/h-i686-mingw32/bin/../lib/gcc/nios2-elf/4.1.2/../../../../nios2-elf/lib/mhw-mulx\libc.a(lib_a-puts.o)
 .debug_abbrev  0x000002ea       0x8b c:/altera/12.1sp1/nios2eds/bin/gnu/h-i686-mingw32/bin/../lib/gcc/nios2-elf/4.1.2/../../../../nios2-elf/lib/mhw-mulx\libc.a(lib_a-strlen.o)
 .debug_abbrev  0x00000375      0x1a3 c:/altera/12.1sp1/nios2eds/bin/gnu/h-i686-mingw32/bin/../lib/gcc/nios2-elf/4.1.2/../../../../nios2-elf/lib/mhw-mulx\libc.a(lib_a-fvwrite.o)
 .debug_abbrev  0x00000518      0x157 c:/altera/12.1sp1/nios2eds/bin/gnu/h-i686-mingw32/bin/../lib/gcc/nios2-elf/4.1.2/../../../../nios2-elf/lib/mhw-mulx\libc.a(lib_a-impure.o)
 .debug_abbrev  0x0000066f      0x216 c:/altera/12.1sp1/nios2eds/bin/gnu/h-i686-mingw32/bin/../lib/gcc/nios2-elf/4.1.2/../../../../nios2-elf/lib/mhw-mulx\libc.a(lib_a-mallocr.o)
 .debug_abbrev  0x00000885       0xb5 c:/altera/12.1sp1/nios2eds/bin/gnu/h-i686-mingw32/bin/../lib/gcc/nios2-elf/4.1.2/../../../../nios2-elf/lib/mhw-mulx\libc.a(lib_a-memchr.o)
 .debug_abbrev  0x0000093a       0xb5 c:/altera/12.1sp1/nios2eds/bin/gnu/h-i686-mingw32/bin/../lib/gcc/nios2-elf/4.1.2/../../../../nios2-elf/lib/mhw-mulx\libc.a(lib_a-memcpy.o)
 .debug_abbrev  0x000009ef       0xb5 c:/altera/12.1sp1/nios2eds/bin/gnu/h-i686-mingw32/bin/../lib/gcc/nios2-elf/4.1.2/../../../../nios2-elf/lib/mhw-mulx\libc.a(lib_a-memmove.o)
 .debug_abbrev  0x00000aa4      0x1c3 c:/altera/12.1sp1/nios2eds/bin/gnu/h-i686-mingw32/bin/../lib/gcc/nios2-elf/4.1.2/../../../../nios2-elf/lib/mhw-mulx\libc.a(lib_a-reallocr.o)
 .debug_abbrev  0x00000c67      0x18c c:/altera/12.1sp1/nios2eds/bin/gnu/h-i686-mingw32/bin/../lib/gcc/nios2-elf/4.1.2/../../../../nios2-elf/lib/mhw-mulx\libc.a(lib_a-sbrkr.o)
 .debug_abbrev  0x00000df3      0x170 c:/altera/12.1sp1/nios2eds/bin/gnu/h-i686-mingw32/bin/../lib/gcc/nios2-elf/4.1.2/../../../../nios2-elf/lib/mhw-mulx\libc.a(lib_a-wsetup.o)
 .debug_abbrev  0x00000f63      0x1c6 c:/altera/12.1sp1/nios2eds/bin/gnu/h-i686-mingw32/bin/../lib/gcc/nios2-elf/4.1.2/../../../../nios2-elf/lib/mhw-mulx\libc.a(lib_a-fflush.o)
 .debug_abbrev  0x00001129      0x24c c:/altera/12.1sp1/nios2eds/bin/gnu/h-i686-mingw32/bin/../lib/gcc/nios2-elf/4.1.2/../../../../nios2-elf/lib/mhw-mulx\libc.a(lib_a-findfp.o)
 .debug_abbrev  0x00001375      0x1d9 c:/altera/12.1sp1/nios2eds/bin/gnu/h-i686-mingw32/bin/../lib/gcc/nios2-elf/4.1.2/../../../../nios2-elf/lib/mhw-mulx\libc.a(lib_a-freer.o)
 .debug_abbrev  0x0000154e      0x1e3 c:/altera/12.1sp1/nios2eds/bin/gnu/h-i686-mingw32/bin/../lib/gcc/nios2-elf/4.1.2/../../../../nios2-elf/lib/mhw-mulx\libc.a(lib_a-fwalk.o)
 .debug_abbrev  0x00001731       0x3b c:/altera/12.1sp1/nios2eds/bin/gnu/h-i686-mingw32/bin/../lib/gcc/nios2-elf/4.1.2/../../../../nios2-elf/lib/mhw-mulx\libc.a(lib_a-int_errno.o)
 .debug_abbrev  0x0000176c      0x197 c:/altera/12.1sp1/nios2eds/bin/gnu/h-i686-mingw32/bin/../lib/gcc/nios2-elf/4.1.2/../../../../nios2-elf/lib/mhw-mulx\libc.a(lib_a-makebuf.o)
 .debug_abbrev  0x00001903       0xb8 c:/altera/12.1sp1/nios2eds/bin/gnu/h-i686-mingw32/bin/../lib/gcc/nios2-elf/4.1.2/../../../../nios2-elf/lib/mhw-mulx\libc.a(lib_a-memset.o)
 .debug_abbrev  0x000019bb      0x1c9 c:/altera/12.1sp1/nios2eds/bin/gnu/h-i686-mingw32/bin/../lib/gcc/nios2-elf/4.1.2/../../../../nios2-elf/lib/mhw-mulx\libc.a(lib_a-stdio.o)
 .debug_abbrev  0x00001b84      0x184 c:/altera/12.1sp1/nios2eds/bin/gnu/h-i686-mingw32/bin/../lib/gcc/nios2-elf/4.1.2/../../../../nios2-elf/lib/mhw-mulx\libc.a(lib_a-writer.o)
 .debug_abbrev  0x00001d08      0x17f c:/altera/12.1sp1/nios2eds/bin/gnu/h-i686-mingw32/bin/../lib/gcc/nios2-elf/4.1.2/../../../../nios2-elf/lib/mhw-mulx\libc.a(lib_a-closer.o)