Archive member included because of file (symbol)

c:/altera/12.1sp1/nios2eds/bin/gnu/h-i686-mingw32/bin/../lib/gcc/nios2-elf/4.1.2/mhw-mulx\libgcc.a(lib2-divmod.o)
                              obj/default/mem_test.o (__divsi3)
c:/altera/12.1sp1/nios2eds/bin/gnu/h-i686-mingw32/bin/../lib/gcc/nios2-elf/4.1.2/../../../../nios2-elf/lib/mhw-mulx\libc.a(lib_a-memcpy.o)
                              obj/default/mem_test.o (memcpy)
c:/altera/12.1sp1/nios2eds/bin/gnu/h-i686-mingw32/bin/../lib/gcc/nios2-elf/4.1.2/../../../../nios2-elf/lib/mhw-mulx\libc.a(lib_a-printf.o)
                              obj/default/hello_world.o (printf)
c:/altera/12.1sp1/nios2eds/bin/gnu/h-i686-mingw32/bin/../lib/gcc/nios2-elf/4.1.2/../../../../nios2-elf/lib/mhw-mulx\libc.a(lib_a-putchar.o)
                              obj/default/mem_test.o (putchar)
c:/altera/12.1sp1/nios2eds/bin/gnu/h-i686-mingw32/bin/../lib/gcc/nios2-elf/4.1.2/../../../../nios2-elf/lib/mhw-mulx\libc.a(lib_a-puts.o)
                              obj/default/hello_world.o (puts)
c:/altera/12.1sp1/nios2eds/bin/gnu/h-i686-mingw32/bin/../lib/gcc/nios2-elf/4.1.2/../../../../nios2-elf/lib/mhw-mulx\libc.a(lib_a-strlen.o)
                              c:/altera/12.1sp1/nios2eds/bin/gnu/h-i686-mingw32/bin/../lib/gcc/nios2-elf/4.1.2/../../../../nios2-elf/lib/mhw-mulx\libc.a(lib_a-puts.o) (strlen)
c:/altera/12.1sp1/nios2eds/bin/gnu/h-i686-mingw32/bin/../lib/gcc/nios2-elf/4.1.2/../../../../nios2-elf/lib/mhw-mulx\libc.a(lib_a-vfprintf.o)
                              c:/altera/12.1sp1/nios2eds/bin/gnu/h-i686-mingw32/bin/../lib/gcc/nios2-elf/4.1.2/../../../../nios2-elf/lib/mhw-mulx\libc.a(lib_a-printf.o) (___vfprintf_internal_r)
c:/altera/12.1sp1/nios2eds/bin/gnu/h-i686-mingw32/bin/../lib/gcc/nios2-elf/4.1.2/../../../../nios2-elf/lib/mhw-mulx\libc.a(lib_a-wsetup.o)
                              c:/altera/12.1sp1/nios2eds/bin/gnu/h-i686-mingw32/bin/../lib/gcc/nios2-elf/4.1.2/../../../../nios2-elf/lib/mhw-mulx\libc.a(lib_a-vfprintf.o) (__swsetup_r)
c:/altera/12.1sp1/nios2eds/bin/gnu/h-i686-mingw32/bin/../lib/gcc/nios2-elf/4.1.2/../../../../nios2-elf/lib/mhw-mulx\libc.a(lib_a-dtoa.o)
                              c:/altera/12.1sp1/nios2eds/bin/gnu/h-i686-mingw32/bin/../lib/gcc/nios2-elf/4.1.2/../../../../nios2-elf/lib/mhw-mulx\libc.a(lib_a-vfprintf.o) (_dtoa_r)
c:/altera/12.1sp1/nios2eds/bin/gnu/h-i686-mingw32/bin/../lib/gcc/nios2-elf/4.1.2/../../../../nios2-elf/lib/mhw-mulx\libc.a(lib_a-fflush.o)
                              c:/altera/12.1sp1/nios2eds/bin/gnu/h-i686-mingw32/bin/../lib/gcc/nios2-elf/4.1.2/../../../../nios2-elf/lib/mhw-mulx\libc.a(lib_a-vfprintf.o) (_fflush_r)
c:/altera/12.1sp1/nios2eds/bin/gnu/h-i686-mingw32/bin/../lib/gcc/nios2-elf/4.1.2/../../../../nios2-elf/lib/mhw-mulx\libc.a(lib_a-findfp.o)
                              c:/altera/12.1sp1/nios2eds/bin/gnu/h-i686-mingw32/bin/../lib/gcc/nios2-elf/4.1.2/../../../../nios2-elf/lib/mhw-mulx\libc.a(lib_a-vfprintf.o) (__sinit)
c:/altera/12.1sp1/nios2eds/bin/gnu/h-i686-mingw32/bin/../lib/gcc/nios2-elf/4.1.2/../../../../nios2-elf/lib/mhw-mulx\libc.a(lib_a-freer.o)
                              c:/altera/12.1sp1/nios2eds/bin/gnu/h-i686-mingw32/bin/../lib/gcc/nios2-elf/4.1.2/../../../../nios2-elf/lib/mhw-mulx\libc.a(lib_a-wsetup.o) (_free_r)
c:/altera/12.1sp1/nios2eds/bin/gnu/h-i686-mingw32/bin/../lib/gcc/nios2-elf/4.1.2/../../../../nios2-elf/lib/mhw-mulx\libc.a(lib_a-fvwrite.o)
                              c:/altera/12.1sp1/nios2eds/bin/gnu/h-i686-mingw32/bin/../lib/gcc/nios2-elf/4.1.2/../../../../nios2-elf/lib/mhw-mulx\libc.a(lib_a-puts.o) (__sfvwrite_r)
c:/altera/12.1sp1/nios2eds/bin/gnu/h-i686-mingw32/bin/../lib/gcc/nios2-elf/4.1.2/../../../../nios2-elf/lib/mhw-mulx\libc.a(lib_a-fwalk.o)
                              c:/altera/12.1sp1/nios2eds/bin/gnu/h-i686-mingw32/bin/../lib/gcc/nios2-elf/4.1.2/../../../../nios2-elf/lib/mhw-mulx\libc.a(lib_a-fflush.o) (_fwalk_reent)
c:/altera/12.1sp1/nios2eds/bin/gnu/h-i686-mingw32/bin/../lib/gcc/nios2-elf/4.1.2/../../../../nios2-elf/lib/mhw-mulx\libc.a(lib_a-impure.o)
                              c:/altera/12.1sp1/nios2eds/bin/gnu/h-i686-mingw32/bin/../lib/gcc/nios2-elf/4.1.2/../../../../nios2-elf/lib/mhw-mulx\libc.a(lib_a-printf.o) (_impure_ptr)
c:/altera/12.1sp1/nios2eds/bin/gnu/h-i686-mingw32/bin/../lib/gcc/nios2-elf/4.1.2/../../../../nios2-elf/lib/mhw-mulx\libc.a(lib_a-locale.o)
                              c:/altera/12.1sp1/nios2eds/bin/gnu/h-i686-mingw32/bin/../lib/gcc/nios2-elf/4.1.2/../../../../nios2-elf/lib/mhw-mulx\libc.a(lib_a-vfprintf.o) (_localeconv_r)
c:/altera/12.1sp1/nios2eds/bin/gnu/h-i686-mingw32/bin/../lib/gcc/nios2-elf/4.1.2/../../../../nios2-elf/lib/mhw-mulx\libc.a(lib_a-makebuf.o)
                              c:/altera/12.1sp1/nios2eds/bin/gnu/h-i686-mingw32/bin/../lib/gcc/nios2-elf/4.1.2/../../../../nios2-elf/lib/mhw-mulx\libc.a(lib_a-wsetup.o) (__smakebuf_r)
[...]
Memory Configuration

Name             Origin             Length             Attributes
reset            0x00040000         0x00000020
onchip_memory    0x00040020         0x0001f3e0
mem_if_ddr2_emif 0x40000000         0x40000000
*default*        0x00000000         0xffffffff

Linker script and memory map

LOAD ../cmvcamera_bsp//obj/HAL/src/crt0.o
LOAD obj/default/camera.o
LOAD obj/default/hello_world.o
LOAD obj/default/mem_test.o
LOAD c:/altera/12.1sp1/nios2eds/bin/gnu/h-i686-mingw32/bin/../lib/gcc/nios2-elf/4.1.2/../../../../nios2-elf/lib/mhw-mulx\libstdc++.a
LOAD c:/altera/12.1sp1/nios2eds/bin/gnu/h-i686-mingw32/bin/../lib/gcc/nios2-elf/4.1.2/../../../../nios2-elf/lib/mhw-mulx\libm.a
LOAD c:/altera/12.1sp1/nios2eds/bin/gnu/h-i686-mingw32/bin/../lib/gcc/nios2-elf/4.1.2/mhw-mulx\libgcc.a
START GROUP
LOAD c:/altera/12.1sp1/nios2eds/bin/gnu/h-i686-mingw32/bin/../lib/gcc/nios2-elf/4.1.2/../../../../nios2-elf/lib/mhw-mulx\libc.a
LOAD c:/altera/12.1sp1/nios2eds/bin/gnu/h-i686-mingw32/bin/../lib/gcc/nios2-elf/4.1.2/mhw-mulx\libgcc.a
LOAD ../cmvcamera_bsp/\libhal_bsp.a
END GROUP
LOAD c:/altera/12.1sp1/nios2eds/bin/gnu/h-i686-mingw32/bin/../lib/gcc/nios2-elf/4.1.2/mhw-mulx\libgcc.a
                0x00040000                __alt_mem_onchip_memory = 0x40000
                0x40000000                __alt_mem_mem_if_ddr2_emif = 0x40000000

.entry          0x00040000       0x20
 *(.entry)
 .entry         0x00040000       0x20 ../cmvcamera_bsp//obj/HAL/src/crt0.o
                0x00040000                __reset

.exceptions     0x00040020      0x194
                0x00040020                PROVIDE (__ram_exceptions_start, ABSOLUTE (.))
                0x00040020                . = ALIGN (0x20)
 *(.irq)
 *(.exceptions.entry.label)
 .exceptions.entry.label
                0x00040020        0x0 ../cmvcamera_bsp/\libhal_bsp.a(alt_irq_entry.o)
                0x00040020                alt_irq_entry
 .exceptions.entry.label
                0x00040020        0x0 ../cmvcamera_bsp/\libhal_bsp.a(alt_exception_entry.o)
                0x00040020                alt_exception
 *(.exceptions.entry.user)
 *(.exceptions.entry)
 .exceptions.entry
                0x00040020       0x54 ../cmvcamera_bsp/\libhal_bsp.a(alt_exception_entry.o)
 *(.exceptions.irqtest.user)
 *(.exceptions.irqtest)
 .exceptions.irqtest
                0x00040074       0x10 ../cmvcamera_bsp/\libhal_bsp.a(alt_irq_entry.o)
 *(.exceptions.irqhandler.user)
 *(.exceptions.irqhandler)
 .exceptions.irqhandler
                0x00040084        0x4 ../cmvcamera_bsp/\libhal_bsp.a(alt_irq_entry.o)
 *(.exceptions.irqreturn.user)
 *(.exceptions.irqreturn)
 .exceptions.irqreturn
                0x00040088        0x4 ../cmvcamera_bsp/\libhal_bsp.a(alt_irq_entry.o)
 *(.exceptions.notirq.label)
 .exceptions.notirq.label
                0x0004008c        0x0 ../cmvcamera_bsp/\libhal_bsp.a(alt_irq_entry.o)
 *(.exceptions.notirq.user)
 *(.exceptions.notirq)
 .exceptions.notirq
                0x0004008c        0x8 ../cmvcamera_bsp/\libhal_bsp.a(alt_exception_entry.o)
 *(.exceptions.soft.user)
 *(.exceptions.soft)
 *(.exceptions.unknown.user)
 *(.exceptions.unknown)
 .exceptions.unknown
                0x00040094        0x4 ../cmvcamera_bsp/\libhal_bsp.a(alt_exception_entry.o)
 *(.exceptions.exit.label)
 .exceptions.exit.label
                0x00040098        0x0 ../cmvcamera_bsp/\libhal_bsp.a(alt_irq_entry.o)
 .exceptions.exit.label
                0x00040098        0x0 ../cmvcamera_bsp/\libhal_bsp.a(alt_exception_entry.o)
 *(.exceptions.exit.user)
 *(.exceptions.exit)
 .exceptions.exit
                0x00040098       0x54 ../cmvcamera_bsp/\libhal_bsp.a(alt_exception_entry.o)
 *(.exceptions)
 .exceptions    0x000400ec       0xc8 ../cmvcamera_bsp/\libhal_bsp.a(alt_irq_handler.o)
                0x000400ec                alt_irq_handler
                0x000401b4                PROVIDE (__ram_exceptions_end, ABSOLUTE (.))
                0x00040020                PROVIDE (__flash_exceptions_start, LOADADDR (.exceptions))

.text           0x000401b4     0xd284
                0x000401b4                PROVIDE (stext, ABSOLUTE (.))
 *(.interp)
 *(.hash)
 *(.dynsym)
 *(.dynstr)
 *(.gnu.version)
 *(.gnu.version_d)
 *(.gnu.version_r)
 *(.rel.init)
 *(.rela.init)
 *(.rel.text .rel.text.* .rel.gnu.linkonce.t.*)
 *(.rela.text .rela.text.* .rela.gnu.linkonce.t.*)
 *(.rel.fini)
 *(.rela.fini)
 *(.rel.rodata .rel.rodata.* .rel.gnu.linkonce.r.*)
 *(.rela.rodata .rela.rodata.* .rela.gnu.linkonce.r.*)
 *(.rel.data .rel.data.* .rel.gnu.linkonce.d.*)
 *(.rela.data .rela.data.* .rela.gnu.linkonce.d.*)
 *(.rel.tdata .rel.tdata.* .rel.gnu.linkonce.td.*)
 *(.rela.tdata .rela.tdata.* .rela.gnu.linkonce.td.*)
 *(.rel.tbss .rel.tbss.* .rel.gnu.linkonce.tb.*)
 *(.rela.tbss .rela.tbss.* .rela.gnu.linkonce.tb.*)
 *(.rel.ctors)
 *(.rela.ctors)
 *(.rel.dtors)
 *(.rela.dtors)
 *(.rel.got)
 *(.rela.got)
 *(.rel.sdata .rel.sdata.* .rel.gnu.linkonce.s.*)
 *(.rela.sdata .rela.sdata.* .rela.gnu.linkonce.s.*)
 *(.rel.sbss .rel.sbss.* .rel.gnu.linkonce.sb.*)
 *(.rela.sbss .rela.sbss.* .rela.gnu.linkonce.sb.*)
 *(.rel.sdata2 .rel.sdata2.* .rel.gnu.linkonce.s2.*)
 *(.rela.sdata2 .rela.sdata2.* .rela.gnu.linkonce.s2.*)
 *(.rel.sbss2 .rel.sbss2.* .rel.gnu.linkonce.sb2.*)
 *(.rela.sbss2 .rela.sbss2.* .rela.gnu.linkonce.sb2.*)
 *(.rel.bss .rel.bss.* .rel.gnu.linkonce.b.*)
 *(.rela.bss .rela.bss.* .rela.gnu.linkonce.b.*)
 *(.rel.plt)
 *(.rela.plt)
 *(.rel.dyn)
 *(.init)
 *(.plt)
 *(.text .stub .text.* .gnu.linkonce.t.*)
 .text          0x000401b4       0x4c ../cmvcamera_bsp//obj/HAL/src/crt0.o
                0x000401b4                _start
 .text          0x00040200      0x5fc obj/default/camera.o
                0x00040200                camera_init
 .text          0x000407fc       0xc4 obj/default/hello_world.o
                0x000407fc                main
 .text          0x000408c0      0x4b8 obj/default/mem_test.o
                0x000408c0                TMEM_Verify
 .text          0x00040d78      0x14c c:/altera/12.1sp1/nios2eds/bin/gnu/h-i686-mingw32/bin/../lib/gcc/nios2-elf/4.1.2/mhw-mulx\libgcc.a(lib2-divmod.o)
                0x00040df4                __divsi3
                0x00040e54                __modsi3
                0x00040eb4                __udivsi3
                0x00040ebc                __umodsi3
 .text          0x00040ec4       0xa0 c:/altera/12.1sp1/nios2eds/bin/gnu/h-i686-mingw32/bin/../lib/gcc/nios2-elf/4.1.2/../../../../nios2-elf/lib/mhw-mulx\libc.a(lib_a-memcpy.o)
                0x00040ec4                memcpy
 .text          0x00040f64       0x78 c:/altera/12.1sp1/nios2eds/bin/gnu/h-i686-mingw32/bin/../lib/gcc/nios2-elf/4.1.2/../../../../nios2-elf/lib/mhw-mulx\libc.a(lib_a-printf.o)
                0x00040f64                printf
                0x00040fa8                _printf_r
 .text          0x00040fdc       0x24 c:/altera/12.1sp1/nios2eds/bin/gnu/h-i686-mingw32/bin/../lib/gcc/nios2-elf/4.1.2/../../../../nios2-elf/lib/mhw-mulx\libc.a(lib_a-putchar.o)
                0x00040fdc                putchar
                0x00040ff8                _putchar_r
 .text          0x00041000       0xb4 c:/altera/12.1sp1/nios2eds/bin/gnu/h-i686-mingw32/bin/../lib/gcc/nios2-elf/4.1.2/../../../../nios2-elf/lib/mhw-mulx\libc.a(lib_a-puts.o)
                0x00041000                _puts_r
                0x000410a0                puts
 .text          0x000410b4       0x74 c:/altera/12.1sp1/nios2eds/bin/gnu/h-i686-mingw32/bin/../lib/gcc/nios2-elf/4.1.2/../../../../nios2-elf/lib/mhw-mulx\libc.a(lib_a-strlen.o)
                0x000410b4                strlen
 .text          0x00041128     0x1f28 c:/altera/12.1sp1/nios2eds/bin/gnu/h-i686-mingw32/bin/../lib/gcc/nios2-elf/4.1.2/../../../../nios2-elf/lib/mhw-mulx\libc.a(lib_a-vfprintf.o)
                0x00041180                ___vfprintf_internal_r
                0x0004302c                __vfprintf_internal
 .text          0x00043050      0x13c c:/altera/12.1sp1/nios2eds/bin/gnu/h-i686-mingw32/bin/../lib/gcc/nios2-elf/4.1.2/../../../../nios2-elf/lib/mhw-mulx\libc.a(lib_a-wsetup.o)
                0x00043050                __swsetup_r
 .text          0x0004318c     0x17cc c:/altera/12.1sp1/nios2eds/bin/gnu/h-i686-mingw32/bin/../lib/gcc/nios2-elf/4.1.2/../../../../nios2-elf/lib/mhw-mulx\libc.a(lib_a-dtoa.o)
                0x000433a4                _dtoa_r
 .text          0x00044958      0x230 c:/altera/12.1sp1/nios2eds/bin/gnu/h-i686-mingw32/bin/../lib/gcc/nios2-elf/4.1.2/../../../../nios2-elf/lib/mhw-mulx\libc.a(lib_a-fflush.o)
                0x00044958                _fflush_r
                0x00044b54                fflush
 .text          0x00044b88      0x2c0 c:/altera/12.1sp1/nios2eds/bin/gnu/h-i686-mingw32/bin/../lib/gcc/nios2-elf/4.1.2/../../../../nios2-elf/lib/mhw-mulx\libc.a(lib_a-findfp.o)
                0x00044be0                __sfp_lock_acquire
                0x00044be4                __sfp_lock_release
                0x00044be8                __sinit_lock_acquire
                0x00044bec                __sinit_lock_release
                0x00044bf0                __sinit
                0x00044ca4                __fp_unlock_all
                0x00044cbc                __fp_lock_all
                0x00044cd4                _cleanup_r
                0x00044ce0                _cleanup
                0x00044cf0                __sfmoreglue
                0x00044d58                __sfp
 .text          0x00044e48      0x440 c:/altera/12.1sp1/nios2eds/bin/gnu/h-i686-mingw32/bin/../lib/gcc/nios2-elf/4.1.2/../../../../nios2-elf/lib/mhw-mulx\libc.a(lib_a-freer.o)
                0x00044e48                _malloc_trim_r
                0x00044f74                _free_r
 .text          0x00045288      0x49c c:/altera/12.1sp1/nios2eds/bin/gnu/h-i686-mingw32/bin/../lib/gcc/nios2-elf/4.1.2/../../../../nios2-elf/lib/mhw-mulx\libc.a(lib_a-fvwrite.o)
                0x00045288                __sfvwrite_r
 .text          0x00045724      0x180 c:/altera/12.1sp1/nios2eds/bin/gnu/h-i686-mingw32/bin/../lib/gcc/nios2-elf/4.1.2/../../../../nios2-elf/lib/mhw-mulx\libc.a(lib_a-fwalk.o)
                0x00045724                _fwalk_reent
                0x000457ec                _fwalk
 .text          0x000458a4        0x0 c:/altera/12.1sp1/nios2eds/bin/gnu/h-i686-mingw32/bin/../lib/gcc/nios2-elf/4.1.2/../../../../nios2-elf/lib/mhw-mulx\libc.a(lib_a-impure.o)
 .text          0x000458a4       0xc4 c:/altera/12.1sp1/nios2eds/bin/gnu/h-i686-mingw32/bin/../lib/gcc/nios2-elf/4.1.2/../../../../nios2-elf/lib/mhw-mulx\libc.a(lib_a-locale.o)
                0x000458a4                __locale_charset
                0x000458ac                _localeconv_r
                0x000458b8                localeconv
                0x000458c8                _setlocale_r
                0x0004594c                setlocale
 .text          0x00045968      0x194 c:/altera/12.1sp1/nios2eds/bin/gnu/h-i686-mingw32/bin/../lib/gcc/nios2-elf/4.1.2/../../../../nios2-elf/lib/mhw-mulx\libc.a(lib_a-makebuf.o)
                0x00045968                __smakebuf_r
 .text          0x00045afc      0x740 c:/altera/12.1sp1/nios2eds/bin/gnu/h-i686-mingw32/bin/../lib/gcc/nios2-elf/4.1.2/../../../../nios2-elf/lib/mhw-mulx\libc.a(lib_a-mallocr.o)
                0x00045afc                _malloc_r
 .text          0x0004623c       0xe4 c:/altera/12.1sp1/nios2eds/bin/gnu/h-i686-mingw32/bin/../lib/gcc/nios2-elf/4.1.2/../../../../nios2-elf/lib/mhw-mulx\libc.a(lib_a-memchr.o)
                0x0004623c                memchr
 .text          0x00046320       0xe0 c:/altera/12.1sp1/nios2eds/bin/gnu/h-i686-mingw32/bin/../lib/gcc/nios2-elf/4.1.2/../../../../nios2-elf/lib/mhw-mulx\libc.a(lib_a-memmove.o)
                0x00046320                memmove
 .text          0x00046400       0x98 c:/altera/12.1sp1/nios2eds/bin/gnu/h-i686-mingw32/bin/../lib/gcc/nios2-elf/4.1.2/../../../../nios2-elf/lib/mhw-mulx\libc.a(lib_a-memset.o)
                0x00046400                memset
 .text          0x00046498      0xff4 c:/altera/12.1sp1/nios2eds/bin/gnu/h-i686-mingw32/bin/../lib/gcc/nios2-elf/4.1.2/../../../../nios2-elf/lib/mhw-mulx\libc.a(lib_a-mprec.o)
                0x00046498                _Bfree
                0x000464c0                __hi0bits
                0x00046530                __lo0bits
                0x000465f4                __mcmp
                0x00046654                __ulp
                0x000466d4                __b2d
                0x000467f4                __ratio
                0x000468a4                _mprec_log10
                0x00046938                __copybits
                0x00046990                __any_on
                0x00046a18                _Balloc
                0x00046ad4                __d2b
                0x00046c50                __mdiff
                0x00046ddc                __lshift
                0x00046f28                __multiply
                0x00047110                __i2b
                0x0004714c                __multadd
                0x0004724c                __pow5mult
                0x0004736c                __s2b
 .text          0x0004748c      0x1ec c:/altera/12.1sp1/nios2eds/bin/gnu/h-i686-mingw32/bin/../lib/gcc/nios2-elf/4.1.2/../../../../nios2-elf/lib/mhw-mulx\libc.a(lib_a-putc.o)
                0x0004748c                putc
                0x00047590                _putc_r
 .text          0x00047678      0x5f4 c:/altera/12.1sp1/nios2eds/bin/gnu/h-i686-mingw32/bin/../lib/gcc/nios2-elf/4.1.2/../../../../nios2-elf/lib/mhw-mulx\libc.a(lib_a-reallocr.o)
                0x00047678                _realloc_r
 .text          0x00047c6c       0x40 c:/altera/12.1sp1/nios2eds/bin/gnu/h-i686-mingw32/bin/../lib/gcc/nios2-elf/4.1.2/../../../../nios2-elf/lib/mhw-mulx\libc.a(lib_a-s_isinfd.o)
                0x00047c6c                __isinfd
 .text          0x00047cac       0x30 c:/altera/12.1sp1/nios2eds/bin/gnu/h-i686-mingw32/bin/../lib/gcc/nios2-elf/4.1.2/../../../../nios2-elf/lib/mhw-mulx\libc.a(lib_a-s_isnand.o)
                0x00047cac                __isnand
 .text          0x00047cdc       0x70 c:/altera/12.1sp1/nios2eds/bin/gnu/h-i686-mingw32/bin/../lib/gcc/nios2-elf/4.1.2/../../../../nios2-elf/lib/mhw-mulx\libc.a(lib_a-sbrkr.o)
                0x00047cdc                _sbrk_r
 .text          0x00047d4c      0x14c c:/altera/12.1sp1/nios2eds/bin/gnu/h-i686-mingw32/bin/../lib/gcc/nios2-elf/4.1.2/../../../../nios2-elf/lib/mhw-mulx\libc.a(lib_a-stdio.o)
                0x00047d4c                __sclose
                0x00047d54                __sseek
                0x00047dbc                __swrite
                0x00047e38                __sread
 .text          0x00047e98       0xbc c:/altera/12.1sp1/nios2eds/bin/gnu/h-i686-mingw32/bin/../lib/gcc/nios2-elf/4.1.2/../../../../nios2-elf/lib/mhw-mulx\libc.a(lib_a-strcmp.o)
                0x00047e98                strcmp
 .text          0x00047f54      0x14c c:/altera/12.1sp1/nios2eds/bin/gnu/h-i686-mingw32/bin/../lib/gcc/nios2-elf/4.1.2/../../../../nios2-elf/lib/mhw-mulx\libc.a(lib_a-wbuf.o)
                0x00047f54                __swbuf_r
                0x00048084                __swbuf
 .text          0x000480a0       0x78 c:/altera/12.1sp1/nios2eds/bin/gnu/h-i686-mingw32/bin/../lib/gcc/nios2-elf/4.1.2/../../../../nios2-elf/lib/mhw-mulx\libc.a(lib_a-writer.o)
                0x000480a0                _write_r
 .text          0x00048118       0xb4 c:/altera/12.1sp1/nios2eds/bin/gnu/h-i686-mingw32/bin/../lib/gcc/nios2-elf/4.1.2/../../../../nios2-elf/lib/mhw-mulx\libc.a(lib_a-callocr.o)
                0x00048118                _calloc_r
 .text          0x000481cc       0x70 c:/altera/12.1sp1/nios2eds/bin/gnu/h-i686-mingw32/bin/../lib/gcc/nios2-elf/4.1.2/../../../../nios2-elf/lib/mhw-mulx\libc.a(lib_a-closer.o)
                0x000481cc                _close_r
 .text          0x0004823c      0x124 c:/altera/12.1sp1/nios2eds/bin/gnu/h-i686-mingw32/bin/../lib/gcc/nios2-elf/4.1.2/../../../../nios2-elf/lib/mhw-mulx\libc.a(lib_a-fclose.o)
                0x0004823c                _fclose_r
                0x0004834c                fclose
 .text          0x00048360       0x74 c:/altera/12.1sp1/nios2eds/bin/gnu/h-i686-mingw32/bin/../lib/gcc/nios2-elf/4.1.2/../../../../nios2-elf/lib/mhw-mulx\libc.a(lib_a-fstatr.o)
                0x00048360                _fstat_r
 .text          0x000483d4        0x0 c:/altera/12.1sp1/nios2eds/bin/gnu/h-i686-mingw32/bin/../lib/gcc/nios2-elf/4.1.2/../../../../nios2-elf/lib/mhw-mulx\libc.a(lib_a-int_errno.o)
 .text          0x000483d4       0x70 c:/altera/12.1sp1/nios2eds/bin/gnu/h-i686-mingw32/bin/../lib/gcc/nios2-elf/4.1.2/../../../../nios2-elf/lib/mhw-mulx\libc.a(lib_a-isattyr.o)
                0x000483d4                _isatty_r
 .text          0x00048444       0x78 c:/altera/12.1sp1/nios2eds/bin/gnu/h-i686-mingw32/bin/../lib/gcc/nios2-elf/4.1.2/../../../../nios2-elf/lib/mhw-mulx\libc.a(lib_a-lseekr.o)
                0x00048444                _lseek_r
 .text          0x000484bc       0x78 c:/altera/12.1sp1/nios2eds/bin/gnu/h-i686-mingw32/bin/../lib/gcc/nios2-elf/4.1.2/../../../../nios2-elf/lib/mhw-mulx\libc.a(lib_a-readr.o)
                0x000484bc                _read_r
 .text          0x00048534      0x5dc c:/altera/12.1sp1/nios2eds/bin/gnu/h-i686-mingw32/bin/../lib/gcc/nios2-elf/4.1.2/mhw-mulx\libgcc.a(_udivdi3.o)
                0x00048534                __udivdi3
 .text          0x00048b10      0x5b0 c:/altera/12.1sp1/nios2eds/bin/gnu/h-i686-mingw32/bin/../lib/gcc/nios2-elf/4.1.2/mhw-mulx\libgcc.a(_umoddi3.o)
                0x00048b10                __umoddi3
 .text          0x000490c0      0x504 c:/altera/12.1sp1/nios2eds/bin/gnu/h-i686-mingw32/bin/../lib/gcc/nios2-elf/4.1.2/mhw-mulx\libgcc.a(_addsub_df.o)
                0x000494d0                __subdf3
                0x00049550                __adddf3
 .text          0x000495c4      0x3b4 c:/altera/12.1sp1/nios2eds/bin/gnu/h-i686-mingw32/bin/../lib/gcc/nios2-elf/4.1.2/mhw-mulx\libgcc.a(_mul_df.o)
                0x000495c4                __muldf3
 .text          0x00049978      0x258 c:/altera/12.1sp1/nios2eds/bin/gnu/h-i686-mingw32/bin/../lib/gcc/nios2-elf/4.1.2/mhw-mulx\libgcc.a(_div_df.o)
                0x00049978                __divdf3
 .text          0x00049bd0       0x88 c:/altera/12.1sp1/nios2eds/bin/gnu/h-i686-mingw32/bin/../lib/gcc/nios2-elf/4.1.2/mhw-mulx\libgcc.a(_eq_df.o)
                0x00049bd0                __eqdf2
 .text          0x00049c58       0x88 c:/altera/12.1sp1/nios2eds/bin/gnu/h-i686-mingw32/bin/../lib/gcc/nios2-elf/4.1.2/mhw-mulx\libgcc.a(_ne_df.o)
                0x00049c58                __nedf2
 .text          0x00049ce0       0x88 c:/altera/12.1sp1/nios2eds/bin/gnu/h-i686-mingw32/bin/../lib/gcc/nios2-elf/4.1.2/mhw-mulx\libgcc.a(_gt_df.o)
                0x00049ce0                __gtdf2
 .text          0x00049d68       0x88 c:/altera/12.1sp1/nios2eds/bin/gnu/h-i686-mingw32/bin/../lib/gcc/nios2-elf/4.1.2/mhw-mulx\libgcc.a(_ge_df.o)
                0x00049d68                __gedf2
 .text          0x00049df0       0x88 c:/altera/12.1sp1/nios2eds/bin/gnu/h-i686-mingw32/bin/../lib/gcc/nios2-elf/4.1.2/mhw-mulx\libgcc.a(_lt_df.o)
                0x00049df0                __ltdf2
 .text          0x00049e78       0xf8 c:/altera/12.1sp1/nios2eds/bin/gnu/h-i686-mingw32/bin/../lib/gcc/nios2-elf/4.1.2/mhw-mulx\libgcc.a(_si_to_df.o)
                0x00049e78                __floatsidf
 .text          0x00049f70       0xd8 c:/altera/12.1sp1/nios2eds/bin/gnu/h-i686-mingw32/bin/../lib/gcc/nios2-elf/4.1.2/mhw-mulx\libgcc.a(_df_to_si.o)
                0x00049f70                __fixdfsi
 .text          0x0004a048        0x0 c:/altera/12.1sp1/nios2eds/bin/gnu/h-i686-mingw32/bin/../lib/gcc/nios2-elf/4.1.2/mhw-mulx\libgcc.a(_thenan_df.o)
 .text          0x0004a048      0x194 c:/altera/12.1sp1/nios2eds/bin/gnu/h-i686-mingw32/bin/../lib/gcc/nios2-elf/4.1.2/mhw-mulx\libgcc.a(_usi_to_df.o)
                0x0004a048                __floatunsidf
 .text          0x0004a1dc        0x0 c:/altera/12.1sp1/nios2eds/bin/gnu/h-i686-mingw32/bin/../lib/gcc/nios2-elf/4.1.2/mhw-mulx\libgcc.a(_clz.o)
 .text          0x0004a1dc       0x80 c:/altera/12.1sp1/nios2eds/bin/gnu/h-i686-mingw32/bin/../lib/gcc/nios2-elf/4.1.2/mhw-mulx\libgcc.a(_clzsi2.o)
                0x0004a1dc                __clzsi2
 .text          0x0004a25c      0x314 c:/altera/12.1sp1/nios2eds/bin/gnu/h-i686-mingw32/bin/../lib/gcc/nios2-elf/4.1.2/mhw-mulx\libgcc.a(_pack_df.o)
                0x0004a25c                __pack_d
 .text          0x0004a570      0x138 c:/altera/12.1sp1/nios2eds/bin/gnu/h-i686-mingw32/bin/../lib/gcc/nios2-elf/4.1.2/mhw-mulx\libgcc.a(_unpack_df.o)
                0x0004a570                __unpack_d
 .text          0x0004a6a8       0xc8 c:/altera/12.1sp1/nios2eds/bin/gnu/h-i686-mingw32/bin/../lib/gcc/nios2-elf/4.1.2/mhw-mulx\libgcc.a(_fpcmp_parts_df.o)
                0x0004a6a8                __fpcmp_parts_d
 .text          0x0004a770      0x15c ../cmvcamera_bsp/\libhal_bsp.a(alt_close.o)
                0x0004a770                close
 .text          0x0004a8cc       0x44 ../cmvcamera_bsp/\libhal_bsp.a(alt_dcache_flush_all.o)
                0x0004a8cc                alt_dcache_flush_all
 .text          0x0004a910       0x2c ../cmvcamera_bsp/\libhal_bsp.a(alt_dev.o)
 .text          0x0004a93c        0x0 ../cmvcamera_bsp/\libhal_bsp.a(alt_errno.o)
 .text          0x0004a93c      0x134 ../cmvcamera_bsp/\libhal_bsp.a(alt_fstat.o)
                0x0004a93c                fstat
 .text          0x0004aa70      0x120 ../cmvcamera_bsp/\libhal_bsp.a(alt_isatty.o)
                0x0004aa70                isatty
 .text          0x0004ab90       0xec ../cmvcamera_bsp/\libhal_bsp.a(alt_load.o)
                0x0004ab90                alt_load
 .text          0x0004ac7c      0x150 ../cmvcamera_bsp/\libhal_bsp.a(alt_lseek.o)
                0x0004ac7c                lseek
 .text          0x0004adcc       0x6c ../cmvcamera_bsp/\libhal_bsp.a(alt_main.o)
                0x0004adcc                alt_main
 .text          0x0004ae38       0x40 ../cmvcamera_bsp/\libhal_bsp.a(alt_malloc_lock.o)
                0x0004ae38                __malloc_lock
                0x0004ae58                __malloc_unlock
 .text          0x0004ae78      0x180 ../cmvcamera_bsp/\libhal_bsp.a(alt_read.o)
                0x0004ae78                read
 .text          0x0004aff8       0x60 ../cmvcamera_bsp/\libhal_bsp.a(alt_release_fd.o)
                0x0004aff8                alt_release_fd
 .text          0x0004b058       0xbc ../cmvcamera_bsp/\libhal_bsp.a(alt_sbrk.o)
                0x0004b058                sbrk
 .text          0x0004b114      0x180 ../cmvcamera_bsp/\libhal_bsp.a(alt_write.o)
                0x0004b114                write
 .text          0x0004b294       0xc8 ../cmvcamera_bsp/\libhal_bsp.a(alt_sys_init.o)
                0x0004b294                alt_irq_init
                0x0004b2c8                alt_sys_init
 .text          0x0004b35c      0x148 ../cmvcamera_bsp/\libhal_bsp.a(altera_avalon_jtag_uart_fd.o)
                0x0004b35c                altera_avalon_jtag_uart_read_fd
                0x0004b3b4                altera_avalon_jtag_uart_write_fd
                0x0004b40c                altera_avalon_jtag_uart_close_fd
                0x0004b454                altera_avalon_jtag_uart_ioctl_fd
 .text          0x0004b4a4      0x40c ../cmvcamera_bsp/\libhal_bsp.a(altera_avalon_jtag_uart_init.o)
                0x0004b4a4                altera_avalon_jtag_uart_init
                0x0004b83c                altera_avalon_jtag_uart_close
 .text          0x0004b8b0       0xf4 ../cmvcamera_bsp/\libhal_bsp.a(altera_avalon_jtag_uart_ioctl.o)
                0x0004b8b0                altera_avalon_jtag_uart_ioctl
 .text          0x0004b9a4      0x224 ../cmvcamera_bsp/\libhal_bsp.a(altera_avalon_jtag_uart_read.o)
                0x0004b9a4                altera_avalon_jtag_uart_read
 .text          0x0004bbc8      0x240 ../cmvcamera_bsp/\libhal_bsp.a(altera_avalon_jtag_uart_write.o)
                0x0004bbc8                altera_avalon_jtag_uart_write
 .text          0x0004be08      0x238 ../cmvcamera_bsp/\libhal_bsp.a(altera_avalon_spi.o)
                0x0004be08                alt_avalon_spi_command
 .text          0x0004c040      0x100 ../cmvcamera_bsp/\libhal_bsp.a(altera_avalon_timer_sc.o)
                0x0004c0b0                alt_avalon_timer_sc_init
 .text          0x0004c140      0x154 ../cmvcamera_bsp/\libhal_bsp.a(alt_alarm_start.o)
                0x0004c140                alt_alarm_start
 .text          0x0004c294      0x114 ../cmvcamera_bsp/\libhal_bsp.a(alt_dev_llist_insert.o)
                0x0004c294                alt_dev_llist_insert
 .text          0x0004c3a8       0x64 ../cmvcamera_bsp/\libhal_bsp.a(alt_do_ctors.o)
                0x0004c3a8                _do_ctors
 .text          0x0004c40c       0x64 ../cmvcamera_bsp/\libhal_bsp.a(alt_do_dtors.o)
                0x0004c40c                _do_dtors
 .text          0x0004c470       0x30 ../cmvcamera_bsp/\libhal_bsp.a(alt_icache_flush_all.o)
                0x0004c470                alt_icache_flush_all
 .text          0x0004c4a0      0x1d4 ../cmvcamera_bsp/\libhal_bsp.a(alt_iic.o)
                0x0004c4a0                alt_ic_isr_register
                0x0004c4f0                alt_ic_irq_enable
                0x0004c58c                alt_ic_irq_disable
                0x0004c62c                alt_ic_irq_enabled
 .text          0x0004c674       0xf8 ../cmvcamera_bsp/\libhal_bsp.a(alt_iic_isr_register.o)
                0x0004c674                alt_iic_isr_register
 .text          0x0004c76c      0x13c ../cmvcamera_bsp/\libhal_bsp.a(alt_io_redirect.o)
                0x0004c830                alt_io_redirect
 .text          0x0004c8a8        0x0 ../cmvcamera_bsp/\libhal_bsp.a(alt_irq_entry.o)
 .text          0x0004c8a8        0x0 ../cmvcamera_bsp/\libhal_bsp.a(alt_irq_handler.o)
 .text          0x0004c8a8        0x0 ../cmvcamera_bsp/\libhal_bsp.a(alt_irq_vars.o)
 .text          0x0004c8a8      0x2c4 ../cmvcamera_bsp/\libhal_bsp.a(alt_open.o)
                0x0004c984                open
 .text          0x0004cb6c      0x1a4 ../cmvcamera_bsp/\libhal_bsp.a(alt_tick.o)
                0x0004cb6c                alt_alarm_stop
                0x0004cc04                alt_tick
 .text          0x0004cd10       0x20 ../cmvcamera_bsp/\libhal_bsp.a(altera_nios2_qsys_irq.o)
                0x0004cd10                altera_nios2_qsys_irq_init
 .text          0x0004cd30        0x0 ../cmvcamera_bsp/\libhal_bsp.a(alt_exception_entry.o)
 .text          0x0004cd30       0x94 ../cmvcamera_bsp/\libhal_bsp.a(alt_find_dev.o)
                0x0004cd30                alt_find_dev
 .text          0x0004cdc4      0x120 ../cmvcamera_bsp/\libhal_bsp.a(alt_find_file.o)
                0x0004cdc4                alt_find_file
 .text          0x0004cee4       0xb8 ../cmvcamera_bsp/\libhal_bsp.a(alt_get_fd.o)
                0x0004cee4                alt_get_fd
 .text          0x0004cf9c       0x90 ../cmvcamera_bsp/\libhal_bsp.a(alt_icache_flush.o)
                0x0004cf9c                alt_icache_flush
 .text          0x0004d02c       0x14 c:/altera/12.1sp1/nios2eds/bin/gnu/h-i686-mingw32/bin/../lib/gcc/nios2-elf/4.1.2/../../../../nios2-elf/lib/mhw-mulx\libc.a(lib_a-atexit.o)
                0x0004d02c                atexit
 .text          0x0004d040       0x38 c:/altera/12.1sp1/nios2eds/bin/gnu/h-i686-mingw32/bin/../lib/gcc/nios2-elf/4.1.2/../../../../nios2-elf/lib/mhw-mulx\libc.a(lib_a-exit.o)
                0x0004d040                exit
 .text          0x0004d078       0x74 c:/altera/12.1sp1/nios2eds/bin/gnu/h-i686-mingw32/bin/../lib/gcc/nios2-elf/4.1.2/../../../../nios2-elf/lib/mhw-mulx\libc.a(lib_a-memcmp.o)
                0x0004d078                memcmp
 .text          0x0004d0ec      0x134 c:/altera/12.1sp1/nios2eds/bin/gnu/h-i686-mingw32/bin/../lib/gcc/nios2-elf/4.1.2/../../../../nios2-elf/lib/mhw-mulx\libc.a(lib_a-__atexit.o)
                0x0004d0ec                __register_exitproc
 .text          0x0004d220      0x1b4 c:/altera/12.1sp1/nios2eds/bin/gnu/h-i686-mingw32/bin/../lib/gcc/nios2-elf/4.1.2/../../../../nios2-elf/lib/mhw-mulx\libc.a(lib_a-__call_atexit.o)
                0x0004d224                __call_exitprocs
 .text          0x0004d3d4       0x60 ../cmvcamera_bsp/\libhal_bsp.a(alt_exit.o)
                0x0004d414                _exit
 *(.gnu.warning.*)
 *(.fini)
                0x0004d434                PROVIDE (__etext, ABSOLUTE (.))
                0x0004d434                PROVIDE (_etext, ABSOLUTE (.))
                0x0004d434                PROVIDE (etext, ABSOLUTE (.))
 *(.eh_frame_hdr)
                0x0004d434                . = ALIGN (0x4)
                0x0004d434                PROVIDE (__preinit_array_start, ABSOLUTE (.))
 *(.preinit_array)
                0x0004d434                PROVIDE (__preinit_array_end, ABSOLUTE (.))
                0x0004d434                PROVIDE (__init_array_start, ABSOLUTE (.))
 *(.init_array)
                0x0004d434                PROVIDE (__init_array_end, ABSOLUTE (.))
                0x0004d434                PROVIDE (__fini_array_start, ABSOLUTE (.))
 *(.fini_array)
                0x0004d434                PROVIDE (__fini_array_end, ABSOLUTE (.))
 *(.eh_frame)
 *(.gcc_except_table)
 *(.dynamic)
                0x0004d434                PROVIDE (__CTOR_LIST__, ABSOLUTE (.))
 *(.ctors)
 *(SORT(.ctors.*))
 .ctors.65535   0x0004d434        0x4 c:/altera/12.1sp1/nios2eds/bin/gnu/h-i686-mingw32/bin/../lib/gcc/nios2-elf/4.1.2/../../../../nios2-elf/lib/mhw-mulx\libc.a(lib_a-__call_atexit.o)
                0x0004d438                PROVIDE (__CTOR_END__, ABSOLUTE (.))
                0x0004d438                PROVIDE (__DTOR_LIST__, ABSOLUTE (.))
 *(.dtors)
 *(SORT(.dtors.*))
                0x0004d438                PROVIDE (__DTOR_END__, ABSOLUTE (.))
 *(.jcr)
                0x0004d438                . = ALIGN (0x4)

.rodata         0x0004d438      0x3d4
                0x0004d438                PROVIDE (__ram_rodata_start, ABSOLUTE (.))
                0x0004d438                . = ALIGN (0x4)
 *(.rodata .rodata.* .gnu.linkonce.r.*)
 .rodata        0x0004d438       0x3c obj/default/hello_world.o
 .rodata        0x0004d474       0x5c obj/default/mem_test.o
 .rodata.str1.4
                0x0004d4d0        0x2 c:/altera/12.1sp1/nios2eds/bin/gnu/h-i686-mingw32/bin/../lib/gcc/nios2-elf/4.1.2/../../../../nios2-elf/lib/mhw-mulx\libc.a(lib_a-puts.o)
                                  0x4 (size before relaxing)
 *fill*         0x0004d4d2        0x2 00
 .rodata.str1.4
                0x0004d4d4       0x5e c:/altera/12.1sp1/nios2eds/bin/gnu/h-i686-mingw32/bin/../lib/gcc/nios2-elf/4.1.2/../../../../nios2-elf/lib/mhw-mulx\libc.a(lib_a-vfprintf.o)
                                 0x60 (size before relaxing)
 .rodata        0x0004d532       0x20 c:/altera/12.1sp1/nios2eds/bin/gnu/h-i686-mingw32/bin/../lib/gcc/nios2-elf/4.1.2/../../../../nios2-elf/lib/mhw-mulx\libc.a(lib_a-vfprintf.o)
 *fill*         0x0004d552        0x2 00
 .rodata.str1.4
                0x0004d554       0x10 c:/altera/12.1sp1/nios2eds/bin/gnu/h-i686-mingw32/bin/../lib/gcc/nios2-elf/4.1.2/../../../../nios2-elf/lib/mhw-mulx\libc.a(lib_a-dtoa.o)
                                 0x14 (size before relaxing)
 .rodata.str1.4
                0x0004d564        0x2 c:/altera/12.1sp1/nios2eds/bin/gnu/h-i686-mingw32/bin/../lib/gcc/nios2-elf/4.1.2/../../../../nios2-elf/lib/mhw-mulx\libc.a(lib_a-impure.o)
                                  0x4 (size before relaxing)
 *fill*         0x0004d566        0x2 00
 .rodata.str1.4
                0x0004d568       0x10 c:/altera/12.1sp1/nios2eds/bin/gnu/h-i686-mingw32/bin/../lib/gcc/nios2-elf/4.1.2/../../../../nios2-elf/lib/mhw-mulx\libc.a(lib_a-locale.o)
                                 0x18 (size before relaxing)
 .rodata        0x0004d578       0x30 c:/altera/12.1sp1/nios2eds/bin/gnu/h-i686-mingw32/bin/../lib/gcc/nios2-elf/4.1.2/../../../../nios2-elf/lib/mhw-mulx\libc.a(lib_a-locale.o)
 .rodata        0x0004d5a8      0x124 c:/altera/12.1sp1/nios2eds/bin/gnu/h-i686-mingw32/bin/../lib/gcc/nios2-elf/4.1.2/../../../../nios2-elf/lib/mhw-mulx\libc.a(lib_a-mprec.o)
                0x0004d5a8                __mprec_tens
                0x0004d670                __mprec_bigtens
                0x0004d698                __mprec_tinytens
 .rodata        0x0004d6cc       0x14 c:/altera/12.1sp1/nios2eds/bin/gnu/h-i686-mingw32/bin/../lib/gcc/nios2-elf/4.1.2/mhw-mulx\libgcc.a(_thenan_df.o)
                0x0004d6cc                __thenan_df
 .rodata        0x0004d6e0      0x100 c:/altera/12.1sp1/nios2eds/bin/gnu/h-i686-mingw32/bin/../lib/gcc/nios2-elf/4.1.2/mhw-mulx\libgcc.a(_clz.o)
                0x0004d6e0                __clz_tab
 .rodata        0x0004d7e0        0xc ../cmvcamera_bsp/\libhal_bsp.a(alt_dev.o)
 .rodata        0x0004d7ec       0x10 ../cmvcamera_bsp/\libhal_bsp.a(alt_main.o)
 .rodata        0x0004d7fc       0x10 ../cmvcamera_bsp/\libhal_bsp.a(alt_sys_init.o)
 *(.rodata1)
                0x0004d80c                . = ALIGN (0x4)
                0x0004d80c                PROVIDE (__ram_rodata_end, ABSOLUTE (.))
                0x0004d438                PROVIDE (__flash_rodata_start, LOADADDR (.rodata))

.rwdata         0x0004d80c     0x1a5c load address 0x0004f268
                0x0004d80c                PROVIDE (__ram_rwdata_start, ABSOLUTE (.))
                0x0004d80c                . = ALIGN (0x4)
 *(.got.plt)
 *(.got)
 *(.data1)
 *(.data .data.* .gnu.linkonce.d.*)
 .data          0x0004d80c        0x0 ../cmvcamera_bsp//obj/HAL/src/crt0.o
 .data          0x0004d80c        0x0 obj/default/camera.o
 .data          0x0004d80c        0x0 obj/default/hello_world.o
 .data          0x0004d80c        0x0 obj/default/mem_test.o
 .data          0x0004d80c        0x0 c:/altera/12.1sp1/nios2eds/bin/gnu/h-i686-mingw32/bin/../lib/gcc/nios2-elf/4.1.2/mhw-mulx\libgcc.a(lib2-divmod.o)
 .data          0x0004d80c        0x0 c:/altera/12.1sp1/nios2eds/bin/gnu/h-i686-mingw32/bin/../lib/gcc/nios2-elf/4.1.2/../../../../nios2-elf/lib/mhw-mulx\libc.a(lib_a-memcpy.o)
 .data          0x0004d80c        0x0 c:/altera/12.1sp1/nios2eds/bin/gnu/h-i686-mingw32/bin/../lib/gcc/nios2-elf/4.1.2/../../../../nios2-elf/lib/mhw-mulx\libc.a(lib_a-printf.o)
 .data          0x0004d80c        0x0 c:/altera/12.1sp1/nios2eds/bin/gnu/h-i686-mingw32/bin/../lib/gcc/nios2-elf/4.1.2/../../../../nios2-elf/lib/mhw-mulx\libc.a(lib_a-putchar.o)
 .data          0x0004d80c        0x0 c:/altera/12.1sp1/nios2eds/bin/gnu/h-i686-mingw32/bin/../lib/gcc/nios2-elf/4.1.2/../../../../nios2-elf/lib/mhw-mulx\libc.a(lib_a-puts.o)
 .data          0x0004d80c        0x0 c:/altera/12.1sp1/nios2eds/bin/gnu/h-i686-mingw32/bin/../lib/gcc/nios2-elf/4.1.2/../../../../nios2-elf/lib/mhw-mulx\libc.a(lib_a-strlen.o)
 .data          0x0004d80c        0x0 c:/altera/12.1sp1/nios2eds/bin/gnu/h-i686-mingw32/bin/../lib/gcc/nios2-elf/4.1.2/../../../../nios2-elf/lib/mhw-mulx\libc.a(lib_a-vfprintf.o)
 .data          0x0004d80c        0x0 c:/altera/12.1sp1/nios2eds/bin/gnu/h-i686-mingw32/bin/../lib/gcc/nios2-elf/4.1.2/../../../../nios2-elf/lib/mhw-mulx\libc.a(lib_a-wsetup.o)
 .data          0x0004d80c        0x0 c:/altera/12.1sp1/nios2eds/bin/gnu/h-i686-mingw32/bin/../lib/gcc/nios2-elf/4.1.2/../../../../nios2-elf/lib/mhw-mulx\libc.a(lib_a-dtoa.o)
 .data          0x0004d80c        0x0 c:/altera/12.1sp1/nios2eds/bin/gnu/h-i686-mingw32/bin/../lib/gcc/nios2-elf/4.1.2/../../../../nios2-elf/lib/mhw-mulx\libc.a(lib_a-fflush.o)
 .data          0x0004d80c        0x0 c:/altera/12.1sp1/nios2eds/bin/gnu/h-i686-mingw32/bin/../lib/gcc/nios2-elf/4.1.2/../../../../nios2-elf/lib/mhw-mulx\libc.a(lib_a-findfp.o)
 .data          0x0004d80c        0x0 c:/altera/12.1sp1/nios2eds/bin/gnu/h-i686-mingw32/bin/../lib/gcc/nios2-elf/4.1.2/../../../../nios2-elf/lib/mhw-mulx\libc.a(lib_a-freer.o)
 .data          0x0004d80c        0x0 c:/altera/12.1sp1/nios2eds/bin/gnu/h-i686-mingw32/bin/../lib/gcc/nios2-elf/4.1.2/../../../../nios2-elf/lib/mhw-mulx\libc.a(lib_a-fvwrite.o)
 .data          0x0004d80c        0x0 c:/altera/12.1sp1/nios2eds/bin/gnu/h-i686-mingw32/bin/../lib/gcc/nios2-elf/4.1.2/../../../../nios2-elf/lib/mhw-mulx\libc.a(lib_a-fwalk.o)
 .data          0x0004d80c      0x400 c:/altera/12.1sp1/nios2eds/bin/gnu/h-i686-mingw32/bin/../lib/gcc/nios2-elf/4.1.2/../../../../nios2-elf/lib/mhw-mulx\libc.a(lib_a-impure.o)
 .data          0x0004dc0c        0xc c:/altera/12.1sp1/nios2eds/bin/gnu/h-i686-mingw32/bin/../lib/gcc/nios2-elf/4.1.2/../../../../nios2-elf/lib/mhw-mulx\libc.a(lib_a-locale.o)
                0x0004dc0c                __lc_ctype
 .data          0x0004dc18        0x0 c:/altera/12.1sp1/nios2eds/bin/gnu/h-i686-mingw32/bin/../lib/gcc/nios2-elf/4.1.2/../../../../nios2-elf/lib/mhw-mulx\libc.a(lib_a-makebuf.o)
 .data          0x0004dc18      0x408 c:/altera/12.1sp1/nios2eds/bin/gnu/h-i686-mingw32/bin/../lib/gcc/nios2-elf/4.1.2/../../../../nios2-elf/lib/mhw-mulx\libc.a(lib_a-mallocr.o)
                0x0004dc18                __malloc_av_
 .data          0x0004e020        0x0 c:/altera/12.1sp1/nios2eds/bin/gnu/h-i686-mingw32/bin/../lib/gcc/nios2-elf/4.1.2/../../../../nios2-elf/lib/mhw-mulx\libc.a(lib_a-memchr.o)
 .data          0x0004e020        0x0 c:/altera/12.1sp1/nios2eds/bin/gnu/h-i686-mingw32/bin/../lib/gcc/nios2-elf/4.1.2/../../../../nios2-elf/lib/mhw-mulx\libc.a(lib_a-memmove.o)
 .data          0x0004e020        0x0 c:/altera/12.1sp1/nios2eds/bin/gnu/h-i686-mingw32/bin/../lib/gcc/nios2-elf/4.1.2/../../../../nios2-elf/lib/mhw-mulx\libc.a(lib_a-memset.o)
 .data          0x0004e020        0x0 c:/altera/12.1sp1/nios2eds/bin/gnu/h-i686-mingw32/bin/../lib/gcc/nios2-elf/4.1.2/../../../../nios2-elf/lib/mhw-mulx\libc.a(lib_a-mprec.o)
 .data          0x0004e020        0x0 c:/altera/12.1sp1/nios2eds/bin/gnu/h-i686-mingw32/bin/../lib/gcc/nios2-elf/4.1.2/../../../../nios2-elf/lib/mhw-mulx\libc.a(lib_a-putc.o)
 .data          0x0004e020        0x0 c:/altera/12.1sp1/nios2eds/bin/gnu/h-i686-mingw32/bin/../lib/gcc/nios2-elf/4.1.2/../../../../nios2-elf/lib/mhw-mulx\libc.a(lib_a-reallocr.o)
 .data          0x0004e020        0x0 c:/altera/12.1sp1/nios2eds/bin/gnu/h-i686-mingw32/bin/../lib/gcc/nios2-elf/4.1.2/../../../../nios2-elf/lib/mhw-mulx\libc.a(lib_a-s_isinfd.o)
 .data          0x0004e020        0x0 c:/altera/12.1sp1/nios2eds/bin/gnu/h-i686-mingw32/bin/../lib/gcc/nios2-elf/4.1.2/../../../../nios2-elf/lib/mhw-mulx\libc.a(lib_a-s_isnand.o)
 .data          0x0004e020        0x0 c:/altera/12.1sp1/nios2eds/bin/gnu/h-i686-mingw32/bin/../lib/gcc/nios2-elf/4.1.2/../../../../nios2-elf/lib/mhw-mulx\libc.a(lib_a-sbrkr.o)
 .data          0x0004e020        0x0 c:/altera/12.1sp1/nios2eds/bin/gnu/h-i686-mingw32/bin/../lib/gcc/nios2-elf/4.1.2/../../../../nios2-elf/lib/mhw-mulx\libc.a(lib_a-stdio.o)
 .data          0x0004e020        0x0 c:/altera/12.1sp1/nios2eds/bin/gnu/h-i686-mingw32/bin/../lib/gcc/nios2-elf/4.1.2/../../../../nios2-elf/lib/mhw-mulx\libc.a(lib_a-strcmp.o)
 .data          0x0004e020        0x0 c:/altera/12.1sp1/nios2eds/bin/gnu/h-i686-mingw32/bin/../lib/gcc/nios2-elf/4.1.2/../../../../nios2-elf/lib/mhw-mulx\libc.a(lib_a-wbuf.o)
 .data          0x0004e020        0x0 c:/altera/12.1sp1/nios2eds/bin/gnu/h-i686-mingw32/bin/../lib/gcc/nios2-elf/4.1.2/../../../../nios2-elf/lib/mhw-mulx\libc.a(lib_a-writer.o)
 .data          0x0004e020        0x0 c:/altera/12.1sp1/nios2eds/bin/gnu/h-i686-mingw32/bin/../lib/gcc/nios2-elf/4.1.2/../../../../nios2-elf/lib/mhw-mulx\libc.a(lib_a-callocr.o)
 .data          0x0004e020        0x0 c:/altera/12.1sp1/nios2eds/bin/gnu/h-i686-mingw32/bin/../lib/gcc/nios2-elf/4.1.2/../../../../nios2-elf/lib/mhw-mulx\libc.a(lib_a-closer.o)
 .data          0x0004e020        0x0 c:/altera/12.1sp1/nios2eds/bin/gnu/h-i686-mingw32/bin/../lib/gcc/nios2-elf/4.1.2/../../../../nios2-elf/lib/mhw-mulx\libc.a(lib_a-fclose.o)
 .data          0x0004e020        0x0 c:/altera/12.1sp1/nios2eds/bin/gnu/h-i686-mingw32/bin/../lib/gcc/nios2-elf/4.1.2/../../../../nios2-elf/lib/mhw-mulx\libc.a(lib_a-fstatr.o)
 .data          0x0004e020        0x0 c:/altera/12.1sp1/nios2eds/bin/gnu/h-i686-mingw32/bin/../lib/gcc/nios2-elf/4.1.2/../../../../nios2-elf/lib/mhw-mulx\libc.a(lib_a-int_errno.o)
 .data          0x0004e020        0x0 c:/altera/12.1sp1/nios2eds/bin/gnu/h-i686-mingw32/bin/../lib/gcc/nios2-elf/4.1.2/../../../../nios2-elf/lib/mhw-mulx\libc.a(lib_a-isattyr.o)
 .data          0x0004e020        0x0 c:/altera/12.1sp1/nios2eds/bin/gnu/h-i686-mingw32/bin/../lib/gcc/nios2-elf/4.1.2/../../../../nios2-elf/lib/mhw-mulx\libc.a(lib_a-lseekr.o)
 .data          0x0004e020        0x0 c:/altera/12.1sp1/nios2eds/bin/gnu/h-i686-mingw32/bin/../lib/gcc/nios2-elf/4.1.2/../../../../nios2-elf/lib/mhw-mulx\libc.a(lib_a-readr.o)
 .data          0x0004e020        0x0 c:/altera/12.1sp1/nios2eds/bin/gnu/h-i686-mingw32/bin/../lib/gcc/nios2-elf/4.1.2/mhw-mulx\libgcc.a(_udivdi3.o)
 .data          0x0004e020        0x0 c:/altera/12.1sp1/nios2eds/bin/gnu/h-i686-mingw32/bin/../lib/gcc/nios2-elf/4.1.2/mhw-mulx\libgcc.a(_umoddi3.o)
 .data          0x0004e020        0x0 c:/altera/12.1sp1/nios2eds/bin/gnu/h-i686-mingw32/bin/../lib/gcc/nios2-elf/4.1.2/mhw-mulx\libgcc.a(_addsub_df.o)
 .data          0x0004e020        0x0 c:/altera/12.1sp1/nios2eds/bin/gnu/h-i686-mingw32/bin/../lib/gcc/nios2-elf/4.1.2/mhw-mulx\libgcc.a(_mul_df.o)
 .data          0x0004e020        0x0 c:/altera/12.1sp1/nios2eds/bin/gnu/h-i686-mingw32/bin/../lib/gcc/nios2-elf/4.1.2/mhw-mulx\libgcc.a(_div_df.o)
 .data          0x0004e020        0x0 c:/altera/12.1sp1/nios2eds/bin/gnu/h-i686-mingw32/bin/../lib/gcc/nios2-elf/4.1.2/mhw-mulx\libgcc.a(_eq_df.o)
 .data          0x0004e020        0x0 c:/altera/12.1sp1/nios2eds/bin/gnu/h-i686-mingw32/bin/../lib/gcc/nios2-elf/4.1.2/mhw-mulx\libgcc.a(_ne_df.o)
 .data          0x0004e020        0x0 c:/altera/12.1sp1/nios2eds/bin/gnu/h-i686-mingw32/bin/../lib/gcc/nios2-elf/4.1.2/mhw-mulx\libgcc.a(_gt_df.o)
 .data          0x0004e020        0x0 c:/altera/12.1sp1/nios2eds/bin/gnu/h-i686-mingw32/bin/../lib/gcc/nios2-elf/4.1.2/mhw-mulx\libgcc.a(_ge_df.o)
 .data          0x0004e020        0x0 c:/altera/12.1sp1/nios2eds/bin/gnu/h-i686-mingw32/bin/../lib/gcc/nios2-elf/4.1.2/mhw-mulx\libgcc.a(_lt_df.o)
 .data          0x0004e020        0x0 c:/altera/12.1sp1/nios2eds/bin/gnu/h-i686-mingw32/bin/../lib/gcc/nios2-elf/4.1.2/mhw-mulx\libgcc.a(_si_to_df.o)
 .data          0x0004e020        0x0 c:/altera/12.1sp1/nios2eds/bin/gnu/h-i686-mingw32/bin/../lib/gcc/nios2-elf/4.1.2/mhw-mulx\libgcc.a(_df_to_si.o)
 .data          0x0004e020        0x0 c:/altera/12.1sp1/nios2eds/bin/gnu/h-i686-mingw32/bin/../lib/gcc/nios2-elf/4.1.2/mhw-mulx\libgcc.a(_thenan_df.o)
 .data          0x0004e020        0x0 c:/altera/12.1sp1/nios2eds/bin/gnu/h-i686-mingw32/bin/../lib/gcc/nios2-elf/4.1.2/mhw-mulx\libgcc.a(_usi_to_df.o)
 .data          0x0004e020        0x0 c:/altera/12.1sp1/nios2eds/bin/gnu/h-i686-mingw32/bin/../lib/gcc/nios2-elf/4.1.2/mhw-mulx\libgcc.a(_clz.o)
 .data          0x0004e020        0x0 c:/altera/12.1sp1/nios2eds/bin/gnu/h-i686-mingw32/bin/../lib/gcc/nios2-elf/4.1.2/mhw-mulx\libgcc.a(_clzsi2.o)
 .data          0x0004e020        0x0 c:/altera/12.1sp1/nios2eds/bin/gnu/h-i686-mingw32/bin/../lib/gcc/nios2-elf/4.1.2/mhw-mulx\libgcc.a(_pack_df.o)
 .data          0x0004e020        0x0 c:/altera/12.1sp1/nios2eds/bin/gnu/h-i686-mingw32/bin/../lib/gcc/nios2-elf/4.1.2/mhw-mulx\libgcc.a(_unpack_df.o)
 .data          0x0004e020        0x0 c:/altera/12.1sp1/nios2eds/bin/gnu/h-i686-mingw32/bin/../lib/gcc/nios2-elf/4.1.2/mhw-mulx\libgcc.a(_fpcmp_parts_df.o)
 .data          0x0004e020        0x0 ../cmvcamera_bsp/\libhal_bsp.a(alt_close.o)
 .data          0x0004e020        0x0 ../cmvcamera_bsp/\libhal_bsp.a(alt_dcache_flush_all.o)
 .data          0x0004e020      0x1a8 ../cmvcamera_bsp/\libhal_bsp.a(alt_dev.o)
                0x0004e020                alt_dev_null
                0x0004e048                alt_fd_list
 .data          0x0004e1c8        0x0 ../cmvcamera_bsp/\libhal_bsp.a(alt_errno.o)
 .data          0x0004e1c8        0x0 ../cmvcamera_bsp/\libhal_bsp.a(alt_fstat.o)
 .data          0x0004e1c8        0x0 ../cmvcamera_bsp/\libhal_bsp.a(alt_isatty.o)
 .data          0x0004e1c8        0x0 ../cmvcamera_bsp/\libhal_bsp.a(alt_load.o)
 .data          0x0004e1c8        0x0 ../cmvcamera_bsp/\libhal_bsp.a(alt_lseek.o)
 .data          0x0004e1c8        0x0 ../cmvcamera_bsp/\libhal_bsp.a(alt_main.o)
 .data          0x0004e1c8        0x0 ../cmvcamera_bsp/\libhal_bsp.a(alt_malloc_lock.o)
 .data          0x0004e1c8        0x0 ../cmvcamera_bsp/\libhal_bsp.a(alt_read.o)
 .data          0x0004e1c8        0x0 ../cmvcamera_bsp/\libhal_bsp.a(alt_release_fd.o)
 .data          0x0004e1c8        0x0 ../cmvcamera_bsp/\libhal_bsp.a(alt_sbrk.o)
 .data          0x0004e1c8        0x0 ../cmvcamera_bsp/\libhal_bsp.a(alt_write.o)
 .data          0x0004e1c8     0x1060 ../cmvcamera_bsp/\libhal_bsp.a(alt_sys_init.o)
 .data          0x0004f228        0x0 ../cmvcamera_bsp/\libhal_bsp.a(altera_avalon_jtag_uart_fd.o)
 .data          0x0004f228        0x0 ../cmvcamera_bsp/\libhal_bsp.a(altera_avalon_jtag_uart_init.o)
 .data          0x0004f228        0x0 ../cmvcamera_bsp/\libhal_bsp.a(altera_avalon_jtag_uart_ioctl.o)
 .data          0x0004f228        0x0 ../cmvcamera_bsp/\libhal_bsp.a(altera_avalon_jtag_uart_read.o)
 .data          0x0004f228        0x0 ../cmvcamera_bsp/\libhal_bsp.a(altera_avalon_jtag_uart_write.o)
 .data          0x0004f228        0x0 ../cmvcamera_bsp/\libhal_bsp.a(altera_avalon_spi.o)
 .data          0x0004f228        0x0 ../cmvcamera_bsp/\libhal_bsp.a(altera_avalon_timer_sc.o)
 .data          0x0004f228        0x0 ../cmvcamera_bsp/\libhal_bsp.a(alt_alarm_start.o)
 .data          0x0004f228        0x0 ../cmvcamera_bsp/\libhal_bsp.a(alt_dev_llist_insert.o)
 .data          0x0004f228        0x0 ../cmvcamera_bsp/\libhal_bsp.a(alt_do_ctors.o)
 .data          0x0004f228        0x0 ../cmvcamera_bsp/\libhal_bsp.a(alt_do_dtors.o)
 .data          0x0004f228        0x0 ../cmvcamera_bsp/\libhal_bsp.a(alt_icache_flush_all.o)
 .data          0x0004f228        0x0 ../cmvcamera_bsp/\libhal_bsp.a(alt_iic.o)
 .data          0x0004f228        0x0 ../cmvcamera_bsp/\libhal_bsp.a(alt_iic_isr_register.o)
 .data          0x0004f228        0x0 ../cmvcamera_bsp/\libhal_bsp.a(alt_io_redirect.o)
 .data          0x0004f228        0x0 ../cmvcamera_bsp/\libhal_bsp.a(alt_irq_entry.o)
 .data          0x0004f228        0x0 ../cmvcamera_bsp/\libhal_bsp.a(alt_irq_handler.o)
 .data          0x0004f228        0x0 ../cmvcamera_bsp/\libhal_bsp.a(alt_irq_vars.o)
 .data          0x0004f228        0x0 ../cmvcamera_bsp/\libhal_bsp.a(alt_open.o)
 .data          0x0004f228        0x0 ../cmvcamera_bsp/\libhal_bsp.a(alt_tick.o)
 .data          0x0004f228        0x0 ../cmvcamera_bsp/\libhal_bsp.a(altera_nios2_qsys_irq.o)
 .data          0x0004f228        0x0 ../cmvcamera_bsp/\libhal_bsp.a(alt_exception_entry.o)
 .data          0x0004f228        0x0 ../cmvcamera_bsp/\libhal_bsp.a(alt_find_dev.o)
 .data          0x0004f228        0x0 ../cmvcamera_bsp/\libhal_bsp.a(alt_find_file.o)
 .data          0x0004f228        0x0 ../cmvcamera_bsp/\libhal_bsp.a(alt_get_fd.o)
 .data          0x0004f228        0x0 ../cmvcamera_bsp/\libhal_bsp.a(alt_icache_flush.o)
 .data          0x0004f228        0x0 c:/altera/12.1sp1/nios2eds/bin/gnu/h-i686-mingw32/bin/../lib/gcc/nios2-elf/4.1.2/../../../../nios2-elf/lib/mhw-mulx\libc.a(lib_a-atexit.o)
 .data          0x0004f228        0x0 c:/altera/12.1sp1/nios2eds/bin/gnu/h-i686-mingw32/bin/../lib/gcc/nios2-elf/4.1.2/../../../../nios2-elf/lib/mhw-mulx\libc.a(lib_a-exit.o)
 .data          0x0004f228        0x0 c:/altera/12.1sp1/nios2eds/bin/gnu/h-i686-mingw32/bin/../lib/gcc/nios2-elf/4.1.2/../../../../nios2-elf/lib/mhw-mulx\libc.a(lib_a-memcmp.o)
 .data          0x0004f228        0x0 c:/altera/12.1sp1/nios2eds/bin/gnu/h-i686-mingw32/bin/../lib/gcc/nios2-elf/4.1.2/../../../../nios2-elf/lib/mhw-mulx\libc.a(lib_a-__atexit.o)
 .data          0x0004f228        0x0 c:/altera/12.1sp1/nios2eds/bin/gnu/h-i686-mingw32/bin/../lib/gcc/nios2-elf/4.1.2/../../../../nios2-elf/lib/mhw-mulx\libc.a(lib_a-__call_atexit.o)
 .data          0x0004f228        0x0 ../cmvcamera_bsp/\libhal_bsp.a(alt_exit.o)
                0x00057228                _gp = ABSOLUTE ((. + 0x8000))
                0x00057228                PROVIDE (gp, _gp)
 *(.rwdata .rwdata.*)
 *(.sdata .sdata.* .gnu.linkonce.s.*)
 .sdata         0x0004f228        0x8 c:/altera/12.1sp1/nios2eds/bin/gnu/h-i686-mingw32/bin/../lib/gcc/nios2-elf/4.1.2/../../../../nios2-elf/lib/mhw-mulx\libc.a(lib_a-impure.o)
                0x0004f228                _impure_ptr
                0x0004f22c                _global_impure_ptr
 .sdata         0x0004f230        0x8 c:/altera/12.1sp1/nios2eds/bin/gnu/h-i686-mingw32/bin/../lib/gcc/nios2-elf/4.1.2/../../../../nios2-elf/lib/mhw-mulx\libc.a(lib_a-locale.o)
                0x0004f230                __mb_cur_max
 .sdata         0x0004f238        0x8 c:/altera/12.1sp1/nios2eds/bin/gnu/h-i686-mingw32/bin/../lib/gcc/nios2-elf/4.1.2/../../../../nios2-elf/lib/mhw-mulx\libc.a(lib_a-mallocr.o)
                0x0004f238                __malloc_trim_threshold
                0x0004f23c                __malloc_sbrk_base
 .sdata         0x0004f240       0x14 ../cmvcamera_bsp/\libhal_bsp.a(alt_dev.o)
                0x0004f240                alt_fs_list
                0x0004f248                alt_dev_list
                0x0004f250                alt_max_fd
 .sdata         0x0004f254        0x4 ../cmvcamera_bsp/\libhal_bsp.a(alt_errno.o)
                0x0004f254                alt_errno
 .sdata         0x0004f258        0x4 ../cmvcamera_bsp/\libhal_bsp.a(alt_sbrk.o)
 .sdata         0x0004f25c        0x4 ../cmvcamera_bsp/\libhal_bsp.a(alt_irq_vars.o)
                0x0004f25c                alt_priority_mask
 .sdata         0x0004f260        0x8 ../cmvcamera_bsp/\libhal_bsp.a(alt_tick.o)
                0x0004f260                alt_alarm_list
 *(.sdata2 .sdata2.* .gnu.linkonce.s2.*)
                0x0004f268                . = ALIGN (0x4)
                0x0004f268                _edata = ABSOLUTE (.)
                0x0004f268                PROVIDE (edata, ABSOLUTE (.))
                0x0004f268                PROVIDE (__ram_rwdata_end, ABSOLUTE (.))
                0x0004f268                PROVIDE (__flash_rwdata_start, LOADADDR (.rwdata))

.bss            0x00050cc4      0x2f4
                0x00050cc4                __bss_start = ABSOLUTE (.)
                0x00050cc4                PROVIDE (__sbss_start, ABSOLUTE (.))
                0x00050cc4                PROVIDE (___sbss_start, ABSOLUTE (.))
 *(.dynsbss)
 *(.sbss .sbss.* .gnu.linkonce.sb.*)
 .sbss          0x00050cc4        0x8 obj/default/hello_world.o
                0x00050cc4                dir
                0x00050cc8                i
 .sbss          0x00050ccc        0xc c:/altera/12.1sp1/nios2eds/bin/gnu/h-i686-mingw32/bin/../lib/gcc/nios2-elf/4.1.2/../../../../nios2-elf/lib/mhw-mulx\libc.a(lib_a-locale.o)
                0x00050ccc                __nlocale_changed
                0x00050cd0                __mlocale_changed
                0x00050cd4                _PathLocale
 .sbss          0x00050cd8        0xc c:/altera/12.1sp1/nios2eds/bin/gnu/h-i686-mingw32/bin/../lib/gcc/nios2-elf/4.1.2/../../../../nios2-elf/lib/mhw-mulx\libc.a(lib_a-mallocr.o)
                0x00050cd8                __malloc_top_pad
                0x00050cdc                __malloc_max_sbrked_mem
                0x00050ce0                __malloc_max_total_mem
 .sbss          0x00050ce4        0x4 c:/altera/12.1sp1/nios2eds/bin/gnu/h-i686-mingw32/bin/../lib/gcc/nios2-elf/4.1.2/../../../../nios2-elf/lib/mhw-mulx\libc.a(lib_a-int_errno.o)
                0x00050ce4                errno
 .sbss          0x00050ce8        0xc ../cmvcamera_bsp/\libhal_bsp.a(alt_main.o)
                0x00050ce8                alt_argc
                0x00050cec                alt_argv
                0x00050cf0                alt_envp
 .sbss          0x00050cf4        0x4 ../cmvcamera_bsp/\libhal_bsp.a(alt_irq_vars.o)
                0x00050cf4                alt_irq_active
 .sbss          0x00050cf8        0x8 ../cmvcamera_bsp/\libhal_bsp.a(alt_tick.o)
                0x00050cf8                _alt_tick_rate
                0x00050cfc                _alt_nticks
 *(.sbss2 .sbss2.* .gnu.linkonce.sb2.*)
 *(.scommon)
                0x00050d00                PROVIDE (__sbss_end, ABSOLUTE (.))
                0x00050d00                PROVIDE (___sbss_end, ABSOLUTE (.))
 *(.dynbss)
 *(.bss .bss.* .gnu.linkonce.b.*)
 .bss           0x00050d00        0x0 ../cmvcamera_bsp//obj/HAL/src/crt0.o
 .bss           0x00050d00        0x0 obj/default/camera.o
 .bss           0x00050d00        0x0 obj/default/hello_world.o
 .bss           0x00050d00        0x0 obj/default/mem_test.o
 .bss           0x00050d00        0x0 c:/altera/12.1sp1/nios2eds/bin/gnu/h-i686-mingw32/bin/../lib/gcc/nios2-elf/4.1.2/mhw-mulx\libgcc.a(lib2-divmod.o)
 .bss           0x00050d00        0x0 c:/altera/12.1sp1/nios2eds/bin/gnu/h-i686-mingw32/bin/../lib/gcc/nios2-elf/4.1.2/../../../../nios2-elf/lib/mhw-mulx\libc.a(lib_a-memcpy.o)
 .bss           0x00050d00        0x0 c:/altera/12.1sp1/nios2eds/bin/gnu/h-i686-mingw32/bin/../lib/gcc/nios2-elf/4.1.2/../../../../nios2-elf/lib/mhw-mulx\libc.a(lib_a-printf.o)
 .bss           0x00050d00        0x0 c:/altera/12.1sp1/nios2eds/bin/gnu/h-i686-mingw32/bin/../lib/gcc/nios2-elf/4.1.2/../../../../nios2-elf/lib/mhw-mulx\libc.a(lib_a-putchar.o)
 .bss           0x00050d00        0x0 c:/altera/12.1sp1/nios2eds/bin/gnu/h-i686-mingw32/bin/../lib/gcc/nios2-elf/4.1.2/../../../../nios2-elf/lib/mhw-mulx\libc.a(lib_a-puts.o)
 .bss           0x00050d00        0x0 c:/altera/12.1sp1/nios2eds/bin/gnu/h-i686-mingw32/bin/../lib/gcc/nios2-elf/4.1.2/../../../../nios2-elf/lib/mhw-mulx\libc.a(lib_a-strlen.o)
 .bss           0x00050d00        0x0 c:/altera/12.1sp1/nios2eds/bin/gnu/h-i686-mingw32/bin/../lib/gcc/nios2-elf/4.1.2/../../../../nios2-elf/lib/mhw-mulx\libc.a(lib_a-vfprintf.o)
 .bss           0x00050d00        0x0 c:/altera/12.1sp1/nios2eds/bin/gnu/h-i686-mingw32/bin/../lib/gcc/nios2-elf/4.1.2/../../../../nios2-elf/lib/mhw-mulx\libc.a(lib_a-wsetup.o)
 .bss           0x00050d00        0x0 c:/altera/12.1sp1/nios2eds/bin/gnu/h-i686-mingw32/bin/../lib/gcc/nios2-elf/4.1.2/../../../../nios2-elf/lib/mhw-mulx\libc.a(lib_a-dtoa.o)
 .bss           0x00050d00        0x0 c:/altera/12.1sp1/nios2eds/bin/gnu/h-i686-mingw32/bin/../lib/gcc/nios2-elf/4.1.2/../../../../nios2-elf/lib/mhw-mulx\libc.a(lib_a-fflush.o)
 .bss           0x00050d00        0x0 c:/altera/12.1sp1/nios2eds/bin/gnu/h-i686-mingw32/bin/../lib/gcc/nios2-elf/4.1.2/../../../../nios2-elf/lib/mhw-mulx\libc.a(lib_a-findfp.o)
 .bss           0x00050d00        0x0 c:/altera/12.1sp1/nios2eds/bin/gnu/h-i686-mingw32/bin/../lib/gcc/nios2-elf/4.1.2/../../../../nios2-elf/lib/mhw-mulx\libc.a(lib_a-freer.o)
 .bss           0x00050d00        0x0 c:/altera/12.1sp1/nios2eds/bin/gnu/h-i686-mingw32/bin/../lib/gcc/nios2-elf/4.1.2/../../../../nios2-elf/lib/mhw-mulx\libc.a(lib_a-fvwrite.o)
 .bss           0x00050d00        0x0 c:/altera/12.1sp1/nios2eds/bin/gnu/h-i686-mingw32/bin/../lib/gcc/nios2-elf/4.1.2/../../../../nios2-elf/lib/mhw-mulx\libc.a(lib_a-fwalk.o)
 .bss           0x00050d00        0x0 c:/altera/12.1sp1/nios2eds/bin/gnu/h-i686-mingw32/bin/../lib/gcc/nios2-elf/4.1.2/../../../../nios2-elf/lib/mhw-mulx\libc.a(lib_a-impure.o)
 .bss           0x00050d00        0x0 c:/altera/12.1sp1/nios2eds/bin/gnu/h-i686-mingw32/bin/../lib/gcc/nios2-elf/4.1.2/../../../../nios2-elf/lib/mhw-mulx\libc.a(lib_a-locale.o)
 .bss           0x00050d00        0x0 c:/altera/12.1sp1/nios2eds/bin/gnu/h-i686-mingw32/bin/../lib/gcc/nios2-elf/4.1.2/../../../../nios2-elf/lib/mhw-mulx\libc.a(lib_a-makebuf.o)
 .bss           0x00050d00       0x28 c:/altera/12.1sp1/nios2eds/bin/gnu/h-i686-mingw32/bin/../lib/gcc/nios2-elf/4.1.2/../../../../nios2-elf/lib/mhw-mulx\libc.a(lib_a-mallocr.o)
                0x00050d00                __malloc_current_mallinfo
 .bss           0x00050d28        0x0 c:/altera/12.1sp1/nios2eds/bin/gnu/h-i686-mingw32/bin/../lib/gcc/nios2-elf/4.1.2/../../../../nios2-elf/lib/mhw-mulx\libc.a(lib_a-memchr.o)
 .bss           0x00050d28        0x0 c:/altera/12.1sp1/nios2eds/bin/gnu/h-i686-mingw32/bin/../lib/gcc/nios2-elf/4.1.2/../../../../nios2-elf/lib/mhw-mulx\libc.a(lib_a-memmove.o)
 .bss           0x00050d28        0x0 c:/altera/12.1sp1/nios2eds/bin/gnu/h-i686-mingw32/bin/../lib/gcc/nios2-elf/4.1.2/../../../../nios2-elf/lib/mhw-mulx\libc.a(lib_a-memset.o)
 .bss           0x00050d28        0x0 c:/altera/12.1sp1/nios2eds/bin/gnu/h-i686-mingw32/bin/../lib/gcc/nios2-elf/4.1.2/../../../../nios2-elf/lib/mhw-mulx\libc.a(lib_a-mprec.o)
 .bss           0x00050d28        0x0 c:/altera/12.1sp1/nios2eds/bin/gnu/h-i686-mingw32/bin/../lib/gcc/nios2-elf/4.1.2/../../../../nios2-elf/lib/mhw-mulx\libc.a(lib_a-putc.o)
 .bss           0x00050d28        0x0 c:/altera/12.1sp1/nios2eds/bin/gnu/h-i686-mingw32/bin/../lib/gcc/nios2-elf/4.1.2/../../../../nios2-elf/lib/mhw-mulx\libc.a(lib_a-reallocr.o)
 .bss           0x00050d28        0x0 c:/altera/12.1sp1/nios2eds/bin/gnu/h-i686-mingw32/bin/../lib/gcc/nios2-elf/4.1.2/../../../../nios2-elf/lib/mhw-mulx\libc.a(lib_a-s_isinfd.o)
 .bss           0x00050d28        0x0 c:/altera/12.1sp1/nios2eds/bin/gnu/h-i686-mingw32/bin/../lib/gcc/nios2-elf/4.1.2/../../../../nios2-elf/lib/mhw-mulx\libc.a(lib_a-s_isnand.o)
 .bss           0x00050d28        0x0 c:/altera/12.1sp1/nios2eds/bin/gnu/h-i686-mingw32/bin/../lib/gcc/nios2-elf/4.1.2/../../../../nios2-elf/lib/mhw-mulx\libc.a(lib_a-sbrkr.o)
 .bss           0x00050d28        0x0 c:/altera/12.1sp1/nios2eds/bin/gnu/h-i686-mingw32/bin/../lib/gcc/nios2-elf/4.1.2/../../../../nios2-elf/lib/mhw-mulx\libc.a(lib_a-stdio.o)
 .bss           0x00050d28        0x0 c:/altera/12.1sp1/nios2eds/bin/gnu/h-i686-mingw32/bin/../lib/gcc/nios2-elf/4.1.2/../../../../nios2-elf/lib/mhw-mulx\libc.a(lib_a-strcmp.o)
 .bss           0x00050d28        0x0 c:/altera/12.1sp1/nios2eds/bin/gnu/h-i686-mingw32/bin/../lib/gcc/nios2-elf/4.1.2/../../../../nios2-elf/lib/mhw-mulx\libc.a(lib_a-wbuf.o)
 .bss           0x00050d28        0x0 c:/altera/12.1sp1/nios2eds/bin/gnu/h-i686-mingw32/bin/../lib/gcc/nios2-elf/4.1.2/../../../../nios2-elf/lib/mhw-mulx\libc.a(lib_a-writer.o)
 .bss           0x00050d28        0x0 c:/altera/12.1sp1/nios2eds/bin/gnu/h-i686-mingw32/bin/../lib/gcc/nios2-elf/4.1.2/../../../../nios2-elf/lib/mhw-mulx\libc.a(lib_a-callocr.o)
 .bss           0x00050d28        0x0 c:/altera/12.1sp1/nios2eds/bin/gnu/h-i686-mingw32/bin/../lib/gcc/nios2-elf/4.1.2/../../../../nios2-elf/lib/mhw-mulx\libc.a(lib_a-closer.o)
 .bss           0x00050d28        0x0 c:/altera/12.1sp1/nios2eds/bin/gnu/h-i686-mingw32/bin/../lib/gcc/nios2-elf/4.1.2/../../../../nios2-elf/lib/mhw-mulx\libc.a(lib_a-fclose.o)
 .bss           0x00050d28        0x0 c:/altera/12.1sp1/nios2eds/bin/gnu/h-i686-mingw32/bin/../lib/gcc/nios2-elf/4.1.2/../../../../nios2-elf/lib/mhw-mulx\libc.a(lib_a-fstatr.o)
 .bss           0x00050d28        0x0 c:/altera/12.1sp1/nios2eds/bin/gnu/h-i686-mingw32/bin/../lib/gcc/nios2-elf/4.1.2/../../../../nios2-elf/lib/mhw-mulx\libc.a(lib_a-int_errno.o)
 .bss           0x00050d28        0x0 c:/altera/12.1sp1/nios2eds/bin/gnu/h-i686-mingw32/bin/../lib/gcc/nios2-elf/4.1.2/../../../../nios2-elf/lib/mhw-mulx\libc.a(lib_a-isattyr.o)
 .bss           0x00050d28        0x0 c:/altera/12.1sp1/nios2eds/bin/gnu/h-i686-mingw32/bin/../lib/gcc/nios2-elf/4.1.2/../../../../nios2-elf/lib/mhw-mulx\libc.a(lib_a-lseekr.o)
 .bss           0x00050d28        0x0 c:/altera/12.1sp1/nios2eds/bin/gnu/h-i686-mingw32/bin/../lib/gcc/nios2-elf/4.1.2/../../../../nios2-elf/lib/mhw-mulx\libc.a(lib_a-readr.o)
 .bss           0x00050d28        0x0 c:/altera/12.1sp1/nios2eds/bin/gnu/h-i686-mingw32/bin/../lib/gcc/nios2-elf/4.1.2/mhw-mulx\libgcc.a(_udivdi3.o)
 .bss           0x00050d28        0x0 c:/altera/12.1sp1/nios2eds/bin/gnu/h-i686-mingw32/bin/../lib/gcc/nios2-elf/4.1.2/mhw-mulx\libgcc.a(_umoddi3.o)
 .bss           0x00050d28        0x0 c:/altera/12.1sp1/nios2eds/bin/gnu/h-i686-mingw32/bin/../lib/gcc/nios2-elf/4.1.2/mhw-mulx\libgcc.a(_addsub_df.o)
 .bss           0x00050d28        0x0 c:/altera/12.1sp1/nios2eds/bin/gnu/h-i686-mingw32/bin/../lib/gcc/nios2-elf/4.1.2/mhw-mulx\libgcc.a(_mul_df.o)
 .bss           0x00050d28        0x0 c:/altera/12.1sp1/nios2eds/bin/gnu/h-i686-mingw32/bin/../lib/gcc/nios2-elf/4.1.2/mhw-mulx\libgcc.a(_div_df.o)
 .bss           0x00050d28        0x0 c:/altera/12.1sp1/nios2eds/bin/gnu/h-i686-mingw32/bin/../lib/gcc/nios2-elf/4.1.2/mhw-mulx\libgcc.a(_eq_df.o)
 .bss           0x00050d28        0x0 c:/altera/12.1sp1/nios2eds/bin/gnu/h-i686-mingw32/bin/../lib/gcc/nios2-elf/4.1.2/mhw-mulx\libgcc.a(_ne_df.o)
 .bss           0x00050d28        0x0 c:/altera/12.1sp1/nios2eds/bin/gnu/h-i686-mingw32/bin/../lib/gcc/nios2-elf/4.1.2/mhw-mulx\libgcc.a(_gt_df.o)
 .bss           0x00050d28        0x0 c:/altera/12.1sp1/nios2eds/bin/gnu/h-i686-mingw32/bin/../lib/gcc/nios2-elf/4.1.2/mhw-mulx\libgcc.a(_ge_df.o)
 .bss           0x00050d28        0x0 c:/altera/12.1sp1/nios2eds/bin/gnu/h-i686-mingw32/bin/../lib/gcc/nios2-elf/4.1.2/mhw-mulx\libgcc.a(_lt_df.o)
 .bss           0x00050d28        0x0 c:/altera/12.1sp1/nios2eds/bin/gnu/h-i686-mingw32/bin/../lib/gcc/nios2-elf/4.1.2/mhw-mulx\libgcc.a(_si_to_df.o)
 .bss           0x00050d28        0x0 c:/altera/12.1sp1/nios2eds/bin/gnu/h-i686-mingw32/bin/../lib/gcc/nios2-elf/4.1.2/mhw-mulx\libgcc.a(_df_to_si.o)
 .bss           0x00050d28        0x0 c:/altera/12.1sp1/nios2eds/bin/gnu/h-i686-mingw32/bin/../lib/gcc/nios2-elf/4.1.2/mhw-mulx\libgcc.a(_thenan_df.o)
 .bss           0x00050d28        0x0 c:/altera/12.1sp1/nios2eds/bin/gnu/h-i686-mingw32/bin/../lib/gcc/nios2-elf/4.1.2/mhw-mulx\libgcc.a(_usi_to_df.o)
 .bss           0x00050d28        0x0 c:/altera/12.1sp1/nios2eds/bin/gnu/h-i686-mingw32/bin/../lib/gcc/nios2-elf/4.1.2/mhw-mulx\libgcc.a(_clz.o)
 .bss           0x00050d28        0x0 c:/altera/12.1sp1/nios2eds/bin/gnu/h-i686-mingw32/bin/../lib/gcc/nios2-elf/4.1.2/mhw-mulx\libgcc.a(_clzsi2.o)
 .bss           0x00050d28        0x0 c:/altera/12.1sp1/nios2eds/bin/gnu/h-i686-mingw32/bin/../lib/gcc/nios2-elf/4.1.2/mhw-mulx\libgcc.a(_pack_df.o)
 .bss           0x00050d28        0x0 c:/altera/12.1sp1/nios2eds/bin/gnu/h-i686-mingw32/bin/../lib/gcc/nios2-elf/4.1.2/mhw-mulx\libgcc.a(_unpack_df.o)
 .bss           0x00050d28        0x0 c:/altera/12.1sp1/nios2eds/bin/gnu/h-i686-mingw32/bin/../lib/gcc/nios2-elf/4.1.2/mhw-mulx\libgcc.a(_fpcmp_parts_df.o)
 .bss           0x00050d28        0x0 ../cmvcamera_bsp/\libhal_bsp.a(alt_close.o)
 .bss           0x00050d28        0x0 ../cmvcamera_bsp/\libhal_bsp.a(alt_dcache_flush_all.o)
 .bss           0x00050d28        0x0 ../cmvcamera_bsp/\libhal_bsp.a(alt_dev.o)
 .bss           0x00050d28        0x0 ../cmvcamera_bsp/\libhal_bsp.a(alt_errno.o)
 .bss           0x00050d28        0x0 ../cmvcamera_bsp/\libhal_bsp.a(alt_fstat.o)
 .bss           0x00050d28        0x0 ../cmvcamera_bsp/\libhal_bsp.a(alt_isatty.o)
 .bss           0x00050d28        0x0 ../cmvcamera_bsp/\libhal_bsp.a(alt_load.o)
 .bss           0x00050d28        0x0 ../cmvcamera_bsp/\libhal_bsp.a(alt_lseek.o)
 .bss           0x00050d28        0x0 ../cmvcamera_bsp/\libhal_bsp.a(alt_main.o)
 .bss           0x00050d28        0x0 ../cmvcamera_bsp/\libhal_bsp.a(alt_malloc_lock.o)
 .bss           0x00050d28        0x0 ../cmvcamera_bsp/\libhal_bsp.a(alt_read.o)
 .bss           0x00050d28        0x0 ../cmvcamera_bsp/\libhal_bsp.a(alt_release_fd.o)
 .bss           0x00050d28        0x0 ../cmvcamera_bsp/\libhal_bsp.a(alt_sbrk.o)
 .bss           0x00050d28        0x0 ../cmvcamera_bsp/\libhal_bsp.a(alt_write.o)
 .bss           0x00050d28        0x0 ../cmvcamera_bsp/\libhal_bsp.a(alt_sys_init.o)
 .bss           0x00050d28        0x0 ../cmvcamera_bsp/\libhal_bsp.a(altera_avalon_jtag_uart_fd.o)
 .bss           0x00050d28        0x0 ../cmvcamera_bsp/\libhal_bsp.a(altera_avalon_jtag_uart_init.o)
 .bss           0x00050d28        0x0 ../cmvcamera_bsp/\libhal_bsp.a(altera_avalon_jtag_uart_ioctl.o)
 .bss           0x00050d28        0x0 ../cmvcamera_bsp/\libhal_bsp.a(altera_avalon_jtag_uart_read.o)
 .bss           0x00050d28        0x0 ../cmvcamera_bsp/\libhal_bsp.a(altera_avalon_jtag_uart_write.o)
 .bss           0x00050d28        0x0 ../cmvcamera_bsp/\libhal_bsp.a(altera_avalon_spi.o)
 .bss           0x00050d28        0x0 ../cmvcamera_bsp/\libhal_bsp.a(altera_avalon_timer_sc.o)
 .bss           0x00050d28        0x0 ../cmvcamera_bsp/\libhal_bsp.a(alt_alarm_start.o)
 .bss           0x00050d28        0x0 ../cmvcamera_bsp/\libhal_bsp.a(alt_dev_llist_insert.o)
 .bss           0x00050d28        0x0 ../cmvcamera_bsp/\libhal_bsp.a(alt_do_ctors.o)
 .bss           0x00050d28        0x0 ../cmvcamera_bsp/\libhal_bsp.a(alt_do_dtors.o)
 .bss           0x00050d28        0x0 ../cmvcamera_bsp/\libhal_bsp.a(alt_icache_flush_all.o)
 .bss           0x00050d28        0x0 ../cmvcamera_bsp/\libhal_bsp.a(alt_iic.o)
 .bss           0x00050d28        0x0 ../cmvcamera_bsp/\libhal_bsp.a(alt_iic_isr_register.o)
 .bss           0x00050d28        0x0 ../cmvcamera_bsp/\libhal_bsp.a(alt_io_redirect.o)
 .bss           0x00050d28        0x0 ../cmvcamera_bsp/\libhal_bsp.a(alt_irq_entry.o)
 .bss           0x00050d28        0x0 ../cmvcamera_bsp/\libhal_bsp.a(alt_irq_handler.o)
 .bss           0x00050d28        0x0 ../cmvcamera_bsp/\libhal_bsp.a(alt_irq_vars.o)
 .bss           0x00050d28        0x0 ../cmvcamera_bsp/\libhal_bsp.a(alt_open.o)
 .bss           0x00050d28        0x0 ../cmvcamera_bsp/\libhal_bsp.a(alt_tick.o)
 .bss           0x00050d28        0x0 ../cmvcamera_bsp/\libhal_bsp.a(altera_nios2_qsys_irq.o)
 .bss           0x00050d28        0x0 ../cmvcamera_bsp/\libhal_bsp.a(alt_exception_entry.o)
 .bss           0x00050d28        0x0 ../cmvcamera_bsp/\libhal_bsp.a(alt_find_dev.o)
 .bss           0x00050d28        0x0 ../cmvcamera_bsp/\libhal_bsp.a(alt_find_file.o)
 .bss           0x00050d28        0x0 ../cmvcamera_bsp/\libhal_bsp.a(alt_get_fd.o)
 .bss           0x00050d28        0x0 ../cmvcamera_bsp/\libhal_bsp.a(alt_icache_flush.o)
 .bss           0x00050d28        0x0 c:/altera/12.1sp1/nios2eds/bin/gnu/h-i686-mingw32/bin/../lib/gcc/nios2-elf/4.1.2/../../../../nios2-elf/lib/mhw-mulx\libc.a(lib_a-atexit.o)
 .bss           0x00050d28        0x0 c:/altera/12.1sp1/nios2eds/bin/gnu/h-i686-mingw32/bin/../lib/gcc/nios2-elf/4.1.2/../../../../nios2-elf/lib/mhw-mulx\libc.a(lib_a-exit.o)
 .bss           0x00050d28        0x0 c:/altera/12.1sp1/nios2eds/bin/gnu/h-i686-mingw32/bin/../lib/gcc/nios2-elf/4.1.2/../../../../nios2-elf/lib/mhw-mulx\libc.a(lib_a-memcmp.o)
 .bss           0x00050d28        0x0 c:/altera/12.1sp1/nios2eds/bin/gnu/h-i686-mingw32/bin/../lib/gcc/nios2-elf/4.1.2/../../../../nios2-elf/lib/mhw-mulx\libc.a(lib_a-__atexit.o)
 .bss           0x00050d28        0x0 c:/altera/12.1sp1/nios2eds/bin/gnu/h-i686-mingw32/bin/../lib/gcc/nios2-elf/4.1.2/../../../../nios2-elf/lib/mhw-mulx\libc.a(lib_a-__call_atexit.o)
 .bss           0x00050d28        0x0 ../cmvcamera_bsp/\libhal_bsp.a(alt_exit.o)
 *(COMMON)
 COMMON         0x00050d28      0x100 ../cmvcamera_bsp/\libhal_bsp.a(alt_irq_handler.o)
                0x00050d28                alt_irq
 COMMON         0x00050e28      0x190 c:/altera/12.1sp1/nios2eds/bin/gnu/h-i686-mingw32/bin/../lib/gcc/nios2-elf/4.1.2/../../../../nios2-elf/lib/mhw-mulx\libc.a(lib_a-atexit.o)
                0x00050e28                _atexit0
                0x00050fb8                . = ALIGN (0x4)
                0x00050fb8                __bss_end = ABSOLUTE (.)

.onchip_memory  0x00050fb8        0x0
                0x00050fb8                PROVIDE (_alt_partition_onchip_memory_start, ABSOLUTE (.))
 *(.onchip_memory. onchip_memory.*)
                0x00050fb8                . = ALIGN (0x4)
                0x00050fb8                PROVIDE (_alt_partition_onchip_memory_end, ABSOLUTE (.))
                0x00050fb8                _end = ABSOLUTE (.)
                0x00050fb8                end = ABSOLUTE (.)
                0x00050fb8                __alt_stack_base = ABSOLUTE (.)
                0x00050fb8                PROVIDE (_alt_partition_onchip_memory_load_addr, LOADADDR (.onchip_memory))

.mem_if_ddr2_emif
                0x40000000        0x0 load address 0x00050fb8
                0x40000000                PROVIDE (_alt_partition_mem_if_ddr2_emif_start, ABSOLUTE (.))
 *(.mem_if_ddr2_emif. mem_if_ddr2_emif.*)
                0x40000000                . = ALIGN (0x4)
                0x40000000                PROVIDE (_alt_partition_mem_if_ddr2_emif_end, ABSOLUTE (.))
                0x00050fb8                PROVIDE (_alt_partition_mem_if_ddr2_emif_load_addr, LOADADDR (.mem_if_ddr2_emif))

.stab
 *(.stab)

.stabstr
 *(.stabstr)

.stab.excl
 *(.stab.excl)

.stab.exclstr
 *(.stab.exclstr)

.stab.index
 *(.stab.index)

.stab.indexstr
 *(.stab.indexstr)

.comment        0x00000000       0x49
 *(.comment)
 .comment       0x00000000       0x26 obj/default/camera.o
                                 0x27 (size before relaxing)
 .comment       0x00000000       0x27 obj/default/hello_world.o
 .comment       0x00000000       0x27 obj/default/mem_test.o
 .comment       0x00000000       0x27 c:/altera/12.1sp1/nios2eds/bin/gnu/h-i686-mingw32/bin/../lib/gcc/nios2-elf/4.1.2/mhw-mulx\libgcc.a(lib2-divmod.o)
 .comment       0x00000000       0x27 c:/altera/12.1sp1/nios2eds/bin/gnu/h-i686-mingw32/bin/../lib/gcc/nios2-elf/4.1.2/../../../../nios2-elf/lib/mhw-mulx\libc.a(lib_a-memcpy.o)
 .comment       0x00000000       0x27 c:/altera/12.1sp1/nios2eds/bin/gnu/h-i686-mingw32/bin/../lib/gcc/nios2-elf/4.1.2/../../../../nios2-elf/lib/mhw-mulx\libc.a(lib_a-printf.o)
 .comment       0x00000000       0x27 c:/altera/12.1sp1/nios2eds/bin/gnu/h-i686-mingw32/bin/../lib/gcc/nios2-elf/4.1.2/../../../../nios2-elf/lib/mhw-mulx\libc.a(lib_a-putchar.o)
 .comment       0x00000000       0x27 c:/altera/12.1sp1/nios2eds/bin/gnu/h-i686-mingw32/bin/../lib/gcc/nios2-elf/4.1.2/../../../../nios2-elf/lib/mhw-mulx\libc.a(lib_a-puts.o)
 .comment       0x00000000       0x27 c:/altera/12.1sp1/nios2eds/bin/gnu/h-i686-mingw32/bin/../lib/gcc/nios2-elf/4.1.2/../../../../nios2-elf/lib/mhw-mulx\libc.a(lib_a-strlen.o)
 .comment       0x00000000       0x27 c:/altera/12.1sp1/nios2eds/bin/gnu/h-i686-mingw32/bin/../lib/gcc/nios2-elf/4.1.2/../../../../nios2-elf/lib/mhw-mulx\libc.a(lib_a-vfprintf.o)
 .comment       0x00000000       0x27 c:/altera/12.1sp1/nios2eds/bin/gnu/h-i686-mingw32/bin/../lib/gcc/nios2-elf/4.1.2/../../../../nios2-elf/lib/mhw-mulx\libc.a(lib_a-wsetup.o)
 .comment       0x00000000       0x27 c:/altera/12.1sp1/nios2eds/bin/gnu/h-i686-mingw32/bin/../lib/gcc/nios2-elf/4.1.2/../../../../nios2-elf/lib/mhw-mulx\libc.a(lib_a-dtoa.o)
 .comment       0x00000000       0x27 c:/altera/12.1sp1/nios2eds/bin/gnu/h-i686-mingw32/bin/../lib/gcc/nios2-elf/4.1.2/../../../../nios2-elf/lib/mhw-mulx\libc.a(lib_a-fflush.o)
 .comment       0x00000000       0x27 c:/altera/12.1sp1/nios2eds/bin/gnu/h-i686-mingw32/bin/../lib/gcc/nios2-elf/4.1.2/../../../../nios2-elf/lib/mhw-mulx\libc.a(lib_a-findfp.o)
 .comment       0x00000000       0x27 c:/altera/12.1sp1/nios2eds/bin/gnu/h-i686-mingw32/bin/../lib/gcc/nios2-elf/4.1.2/../../../../nios2-elf/lib/mhw-mulx\libc.a(lib_a-freer.o)
 .comment       0x00000000       0x27 c:/altera/12.1sp1/nios2eds/bin/gnu/h-i686-mingw32/bin/../lib/gcc/nios2-elf/4.1.2/../../../../nios2-elf/lib/mhw-mulx\libc.a(lib_a-fvwrite.o)
 .comment       0x00000000       0x27 c:/altera/12.1sp1/nios2eds/bin/gnu/h-i686-mingw32/bin/../lib/gcc/nios2-elf/4.1.2/../../../../nios2-elf/lib/mhw-mulx\libc.a(lib_a-fwalk.o)
 .comment       0x00000000       0x27 c:/altera/12.1sp1/nios2eds/bin/gnu/h-i686-mingw32/bin/../lib/gcc/nios2-elf/4.1.2/../../../../nios2-elf/lib/mhw-mulx\libc.a(lib_a-impure.o)
 .comment       0x00000000       0x27 c:/altera/12.1sp1/nios2eds/bin/gnu/h-i686-mingw32/bin/../lib/gcc/nios2-elf/4.1.2/../../../../nios2-elf/lib/mhw-mulx\libc.a(lib_a-locale.o)
 .comment       0x00000000       0x27 c:/altera/12.1sp1/nios2eds/bin/gnu/h-i686-mingw32/bin/../lib/gcc/nios2-elf/4.1.2/../../../../nios2-elf/lib/mhw-mulx\libc.a(lib_a-makebuf.o)
 .comment       0x00000000       0x27 c:/altera/12.1sp1/nios2eds/bin/gnu/h-i686-mingw32/bin/../lib/gcc/nios2-elf/4.1.2/../../../../nios2-elf/lib/mhw-mulx\libc.a(lib_a-mallocr.o)
 .comment       0x00000000       0x27 c:/altera/12.1sp1/nios2eds/bin/gnu/h-i686-mingw32/bin/../lib/gcc/nios2-elf/4.1.2/../../../../nios2-elf/lib/mhw-mulx\libc.a(lib_a-memchr.o)
 .comment       0x00000000       0x27 c:/altera/12.1sp1/nios2eds/bin/gnu/h-i686-mingw32/bin/../lib/gcc/nios2-elf/4.1.2/../../../../nios2-elf/lib/mhw-mulx\libc.a(lib_a-memmove.o)
 .comment       0x00000000       0x27 c:/altera/12.1sp1/nios2eds/bin/gnu/h-i686-mingw32/bin/../lib/gcc/nios2-elf/4.1.2/../../../../nios2-elf/lib/mhw-mulx\libc.a(lib_a-memset.o)
 .comment       0x00000000       0x27 c:/altera/12.1sp1/nios2eds/bin/gnu/h-i686-mingw32/bin/../lib/gcc/nios2-elf/4.1.2/../../../../nios2-elf/lib/mhw-mulx\libc.a(lib_a-mprec.o)
 .comment       0x00000000       0x27 c:/altera/12.1sp1/nios2eds/bin/gnu/h-i686-mingw32/bin/../lib/gcc/nios2-elf/4.1.2/../../../../nios2-elf/lib/mhw-mulx\libc.a(lib_a-putc.o)
 .comment       0x00000000       0x27 c:/altera/12.1sp1/nios2eds/bin/gnu/h-i686-mingw32/bin/../lib/gcc/nios2-elf/4.1.2/../../../../nios2-elf/lib/mhw-mulx\libc.a(lib_a-reallocr.o)
 .comment       0x00000000       0x27 c:/altera/12.1sp1/nios2eds/bin/gnu/h-i686-mingw32/bin/../lib/gcc/nios2-elf/4.1.2/../../../../nios2-elf/lib/mhw-mulx\libc.a(lib_a-s_isinfd.o)
 .comment       0x00000000       0x27 c:/altera/12.1sp1/nios2eds/bin/gnu/h-i686-mingw32/bin/../lib/gcc/nios2-elf/4.1.2/../../../../nios2-elf/lib/mhw-mulx\libc.a(lib_a-s_isnand.o)
 .comment       0x00000000       0x27 c:/altera/12.1sp1/nios2eds/bin/gnu/h-i686-mingw32/bin/../lib/gcc/nios2-elf/4.1.2/../../../../nios2-elf/lib/mhw-mulx\libc.a(lib_a-sbrkr.o)
 .comment       0x00000000       0x27 c:/altera/12.1sp1/nios2eds/bin/gnu/h-i686-mingw32/bin/../lib/gcc/nios2-elf/4.1.2/../../../../nios2-elf/lib/mhw-mulx\libc.a(lib_a-stdio.o)
 .comment       0x00000000       0x27 c:/altera/12.1sp1/nios2eds/bin/gnu/h-i686-mingw32/bin/../lib/gcc/nios2-elf/4.1.2/../../../../nios2-elf/lib/mhw-mulx\libc.a(lib_a-strcmp.o)
 .comment       0x00000000       0x27 c:/altera/12.1sp1/nios2eds/bin/gnu/h-i686-mingw32/bin/../lib/gcc/nios2-elf/4.1.2/../../../../nios2-elf/lib/mhw-mulx\libc.a(lib_a-wbuf.o)
 .comment       0x00000000       0x27 c:/altera/12.1sp1/nios2eds/bin/gnu/h-i686-mingw32/bin/../lib/gcc/nios2-elf/4.1.2/../../../../nios2-elf/lib/mhw-mulx\libc.a(lib_a-writer.o)
 .comment       0x00000000       0x27 c:/altera/12.1sp1/nios2eds/bin/gnu/h-i686-mingw32/bin/../lib/gcc/nios2-elf/4.1.2/../../../../nios2-elf/lib/mhw-mulx\libc.a(lib_a-callocr.o)
 .comment       0x00000000       0x27 c:/altera/12.1sp1/nios2eds/bin/gnu/h-i686-mingw32/bin/../lib/gcc/nios2-elf/4.1.2/../../../../nios2-elf/lib/mhw-mulx\libc.a(lib_a-closer.o)
 .comment       0x00000000       0x27 c:/altera/12.1sp1/nios2eds/bin/gnu/h-i686-mingw32/bin/../lib/gcc/nios2-elf/4.1.2/../../../../nios2-elf/lib/mhw-mulx\libc.a(lib_a-fclose.o)
 .comment       0x00000000       0x27 c:/altera/12.1sp1/nios2eds/bin/gnu/h-i686-mingw32/bin/../lib/gcc/nios2-elf/4.1.2/../../../../nios2-elf/lib/mhw-mulx\libc.a(lib_a-fstatr.o)
 .comment       0x00000000       0x27 c:/altera/12.1sp1/nios2eds/bin/gnu/h-i686-mingw32/bin/../lib/gcc/nios2-elf/4.1.2/../../../../nios2-elf/lib/mhw-mulx\libc.a(lib_a-int_errno.o)
 .comment       0x00000000       0x27 c:/altera/12.1sp1/nios2eds/bin/gnu/h-i686-mingw32/bin/../lib/gcc/nios2-elf/4.1.2/../../../../nios2-elf/lib/mhw-mulx\libc.a(lib_a-isattyr.o)
 .comment       0x00000000       0x27 c:/altera/12.1sp1/nios2eds/bin/gnu/h-i686-mingw32/bin/../lib/gcc/nios2-elf/4.1.2/../../../../nios2-elf/lib/mhw-mulx\libc.a(lib_a-lseekr.o)
 .comment       0x00000000       0x27 c:/altera/12.1sp1/nios2eds/bin/gnu/h-i686-mingw32/bin/../lib/gcc/nios2-elf/4.1.2/../../../../nios2-elf/lib/mhw-mulx\libc.a(lib_a-readr.o)
 .comment       0x00000000       0x27 c:/altera/12.1sp1/nios2eds/bin/gnu/h-i686-mingw32/bin/../lib/gcc/nios2-elf/4.1.2/mhw-mulx\libgcc.a(_udivdi3.o)
 .comment       0x00000000       0x27 c:/altera/12.1sp1/nios2eds/bin/gnu/h-i686-mingw32/bin/../lib/gcc/nios2-elf/4.1.2/mhw-mulx\libgcc.a(_umoddi3.o)
 .comment       0x00000000       0x27 c:/altera/12.1sp1/nios2eds/bin/gnu/h-i686-mingw32/bin/../lib/gcc/nios2-elf/4.1.2/mhw-mulx\libgcc.a(_addsub_df.o)
 .comment       0x00000000       0x27 c:/altera/12.1sp1/nios2eds/bin/gnu/h-i686-mingw32/bin/../lib/gcc/nios2-elf/4.1.2/mhw-mulx\libgcc.a(_mul_df.o)
 .comment       0x00000000       0x27 c:/altera/12.1sp1/nios2eds/bin/gnu/h-i686-mingw32/bin/../lib/gcc/nios2-elf/4.1.2/mhw-mulx\libgcc.a(_div_df.o)
 .comment       0x00000000       0x27 c:/altera/12.1sp1/nios2eds/bin/gnu/h-i686-mingw32/bin/../lib/gcc/nios2-elf/4.1.2/mhw-mulx\libgcc.a(_eq_df.o)
 .comment       0x00000000       0x27 c:/altera/12.1sp1/nios2eds/bin/gnu/h-i686-mingw32/bin/../lib/gcc/nios2-elf/4.1.2/mhw-mulx\libgcc.a(_ne_df.o)
 .comment       0x00000000       0x27 c:/altera/12.1sp1/nios2eds/bin/gnu/h-i686-mingw32/bin/../lib/gcc/nios2-elf/4.1.2/mhw-mulx\libgcc.a(_gt_df.o)
 .comment       0x00000000       0x27 c:/altera/12.1sp1/nios2eds/bin/gnu/h-i686-mingw32/bin/../lib/gcc/nios2-elf/4.1.2/mhw-mulx\libgcc.a(_ge_df.o)
 .comment       0x00000000       0x27 c:/altera/12.1sp1/nios2eds/bin/gnu/h-i686-mingw32/bin/../lib/gcc/nios2-elf/4.1.2/mhw-mulx\libgcc.a(_lt_df.o)
 .comment       0x00000000       0x27 c:/altera/12.1sp1/nios2eds/bin/gnu/h-i686-mingw32/bin/../lib/gcc/nios2-elf/4.1.2/mhw-mulx\libgcc.a(_si_to_df.o)
 .comment       0x00000000       0x27 c:/altera/12.1sp1/nios2eds/bin/gnu/h-i686-mingw32/bin/../lib/gcc/nios2-elf/4.1.2/mhw-mulx\libgcc.a(_df_to_si.o)
 .comment       0x00000000       0x27 c:/altera/12.1sp1/nios2eds/bin/gnu/h-i686-mingw32/bin/../lib/gcc/nios2-elf/4.1.2/mhw-mulx\libgcc.a(_thenan_df.o)
 .comment       0x00000000       0x27 c:/altera/12.1sp1/nios2eds/bin/gnu/h-i686-mingw32/bin/../lib/gcc/nios2-elf/4.1.2/mhw-mulx\libgcc.a(_usi_to_df.o)
 .comment       0x00000000       0x27 c:/altera/12.1sp1/nios2eds/bin/gnu/h-i686-mingw32/bin/../lib/gcc/nios2-elf/4.1.2/mhw-mulx\libgcc.a(_clz.o)
 .comment       0x00000000       0x27 c:/altera/12.1sp1/nios2eds/bin/gnu/h-i686-mingw32/bin/../lib/gcc/nios2-elf/4.1.2/mhw-mulx\libgcc.a(_clzsi2.o)
 .comment       0x00000000       0x27 c:/altera/12.1sp1/nios2eds/bin/gnu/h-i686-mingw32/bin/../lib/gcc/nios2-elf/4.1.2/mhw-mulx\libgcc.a(_pack_df.o)
 .comment       0x00000000       0x27 c:/altera/12.1sp1/nios2eds/bin/gnu/h-i686-mingw32/bin/../lib/gcc/nios2-elf/4.1.2/mhw-mulx\libgcc.a(_unpack_df.o)
 .comment       0x00000000       0x27 c:/altera/12.1sp1/nios2eds/bin/gnu/h-i686-mingw32/bin/../lib/gcc/nios2-elf/4.1.2/mhw-mulx\libgcc.a(_fpcmp_parts_df.o)
 .comment       0x00000026       0x23 ../cmvcamera_bsp/\libhal_bsp.a(alt_close.o)
                                 0x24 (size before relaxing)
 .comment       0x00000000       0x24 ../cmvcamera_bsp/\libhal_bsp.a(alt_dcache_flush_all.o)
 .comment       0x00000000       0x24 ../cmvcamera_bsp/\libhal_bsp.a(alt_dev.o)
 .comment       0x00000000       0x24 ../cmvcamera_bsp/\libhal_bsp.a(alt_errno.o)
 .comment       0x00000000       0x24 ../cmvcamera_bsp/\libhal_bsp.a(alt_fstat.o)
 .comment       0x00000000       0x24 ../cmvcamera_bsp/\libhal_bsp.a(alt_isatty.o)
 .comment       0x00000000       0x24 ../cmvcamera_bsp/\libhal_bsp.a(alt_load.o)
 .comment       0x00000000       0x24 ../cmvcamera_bsp/\libhal_bsp.a(alt_lseek.o)
 .comment       0x00000000       0x24 ../cmvcamera_bsp/\libhal_bsp.a(alt_main.o)
 .comment       0x00000000       0x24 ../cmvcamera_bsp/\libhal_bsp.a(alt_malloc_lock.o)
 .comment       0x00000000       0x24 ../cmvcamera_bsp/\libhal_bsp.a(alt_read.o)
 .comment       0x00000000       0x24 ../cmvcamera_bsp/\libhal_bsp.a(alt_release_fd.o)
 .comment       0x00000000       0x24 ../cmvcamera_bsp/\libhal_bsp.a(alt_sbrk.o)
 .comment       0x00000000       0x24 ../cmvcamera_bsp/\libhal_bsp.a(alt_write.o)
 .comment       0x00000000       0x24 ../cmvcamera_bsp/\libhal_bsp.a(alt_sys_init.o)
 .comment       0x00000000       0x24 ../cmvcamera_bsp/\libhal_bsp.a(altera_avalon_jtag_uart_fd.o)
 .comment       0x00000000       0x24 ../cmvcamera_bsp/\libhal_bsp.a(altera_avalon_jtag_uart_init.o)
 .comment       0x00000000       0x24 ../cmvcamera_bsp/\libhal_bsp.a(altera_avalon_jtag_uart_ioctl.o)
 .comment       0x00000000       0x24 ../cmvcamera_bsp/\libhal_bsp.a(altera_avalon_jtag_uart_read.o)
 .comment       0x00000000       0x24 ../cmvcamera_bsp/\libhal_bsp.a(altera_avalon_jtag_uart_write.o)
 .comment       0x00000000       0x24 ../cmvcamera_bsp/\libhal_bsp.a(altera_avalon_spi.o)
 .comment       0x00000000       0x24 ../cmvcamera_bsp/\libhal_bsp.a(altera_avalon_timer_sc.o)
 .comment       0x00000000       0x24 ../cmvcamera_bsp/\libhal_bsp.a(alt_alarm_start.o)
 .comment       0x00000000       0x24 ../cmvcamera_bsp/\libhal_bsp.a(alt_dev_llist_insert.o)
 .comment       0x00000000       0x24 ../cmvcamera_bsp/\libhal_bsp.a(alt_do_ctors.o)
 .comment       0x00000000       0x24 ../cmvcamera_bsp/\libhal_bsp.a(alt_do_dtors.o)
 .comment       0x00000000       0x24 ../cmvcamera_bsp/\libhal_bsp.a(alt_icache_flush_all.o)
 .comment       0x00000000       0x24 ../cmvcamera_bsp/\libhal_bsp.a(alt_iic.o)
 .comment       0x00000000       0x24 ../cmvcamera_bsp/\libhal_bsp.a(alt_iic_isr_register.o)
 .comment       0x00000000       0x24 ../cmvcamera_bsp/\libhal_bsp.a(alt_io_redirect.o)
 .comment       0x00000000       0x24 ../cmvcamera_bsp/\libhal_bsp.a(alt_irq_handler.o)
 .comment       0x00000000       0x24 ../cmvcamera_bsp/\libhal_bsp.a(alt_irq_vars.o)
 .comment       0x00000000       0x24 ../cmvcamera_bsp/\libhal_bsp.a(alt_open.o)
 .comment       0x00000000       0x24 ../cmvcamera_bsp/\libhal_bsp.a(alt_tick.o)
 .comment       0x00000000       0x24 ../cmvcamera_bsp/\libhal_bsp.a(altera_nios2_qsys_irq.o)
 .comment       0x00000000       0x24 ../cmvcamera_bsp/\libhal_bsp.a(alt_find_dev.o)
 .comment       0x00000000       0x24 ../cmvcamera_bsp/\libhal_bsp.a(alt_find_file.o)
 .comment       0x00000000       0x24 ../cmvcamera_bsp/\libhal_bsp.a(alt_get_fd.o)
 .comment       0x00000000       0x24 ../cmvcamera_bsp/\libhal_bsp.a(alt_icache_flush.o)
 .comment       0x00000000       0x27 c:/altera/12.1sp1/nios2eds/bin/gnu/h-i686-mingw32/bin/../lib/gcc/nios2-elf/4.1.2/../../../../nios2-elf/lib/mhw-mulx\libc.a(lib_a-atexit.o)
 .comment       0x00000000       0x27 c:/altera/12.1sp1/nios2eds/bin/gnu/h-i686-mingw32/bin/../lib/gcc/nios2-elf/4.1.2/../../../../nios2-elf/lib/mhw-mulx\libc.a(lib_a-exit.o)
 .comment       0x00000000       0x27 c:/altera/12.1sp1/nios2eds/bin/gnu/h-i686-mingw32/bin/../lib/gcc/nios2-elf/4.1.2/../../../../nios2-elf/lib/mhw-mulx\libc.a(lib_a-memcmp.o)
 .comment       0x00000000       0x27 c:/altera/12.1sp1/nios2eds/bin/gnu/h-i686-mingw32/bin/../lib/gcc/nios2-elf/4.1.2/../../../../nios2-elf/lib/mhw-mulx\libc.a(lib_a-__atexit.o)
 .comment       0x00000000       0x27 c:/altera/12.1sp1/nios2eds/bin/gnu/h-i686-mingw32/bin/../lib/gcc/nios2-elf/4.1.2/../../../../nios2-elf/lib/mhw-mulx\libc.a(lib_a-__call_atexit.o)
 .comment       0x00000000       0x24 ../cmvcamera_bsp/\libhal_bsp.a(alt_exit.o)

.debug
 *(.debug)

.line
 *(.line)

.debug_srcinfo
 *(.debug_srcinfo)

.debug_sfnames
 *(.debug_sfnames)

.debug_aranges  0x00000000      0xd18
 *(.debug_aranges)
 .debug_aranges
                0x00000000       0x28 ../cmvcamera_bsp//obj/HAL/src/crt0.o
 .debug_aranges
                0x00000028       0x20 obj/default/camera.o
 .debug_aranges
                0x00000048       0x20 obj/default/hello_world.o
 .debug_aranges
                0x00000068       0x20 obj/default/mem_test.o
 .debug_aranges
                0x00000088       0x20 c:/altera/12.1sp1/nios2eds/bin/gnu/h-i686-mingw32/bin/../lib/gcc/nios2-elf/4.1.2/mhw-mulx\libgcc.a(lib2-divmod.o)
 .debug_aranges
                0x000000a8       0x20 c:/altera/12.1sp1/nios2eds/bin/gnu/h-i686-mingw32/bin/../lib/gcc/nios2-elf/4.1.2/../../../../nios2-elf/lib/mhw-mulx\libc.a(lib_a-memcpy.o)
 .debug_aranges
                0x000000c8       0x20 c:/altera/12.1sp1/nios2eds/bin/gnu/h-i686-mingw32/bin/../lib/gcc/nios2-elf/4.1.2/../../../../nios2-elf/lib/mhw-mulx\libc.a(lib_a-printf.o)
 .debug_aranges
                0x000000e8       0x20 c:/altera/12.1sp1/nios2eds/bin/gnu/h-i686-mingw32/bin/../lib/gcc/nios2-elf/4.1.2/../../../../nios2-elf/lib/mhw-mulx\libc.a(lib_a-putchar.o)
 .debug_aranges
                0x00000108       0x20 c:/altera/12.1sp1/nios2eds/bin/gnu/h-i686-mingw32/bin/../lib/gcc/nios2-elf/4.1.2/../../../../nios2-elf/lib/mhw-mulx\libc.a(lib_a-puts.o)
 .debug_aranges
                0x00000128       0x20 c:/altera/12.1sp1/nios2eds/bin/gnu/h-i686-mingw32/bin/../lib/gcc/nios2-elf/4.1.2/../../../../nios2-elf/lib/mhw-mulx\libc.a(lib_a-strlen.o)
 .debug_aranges
                0x00000148       0x20 c:/altera/12.1sp1/nios2eds/bin/gnu/h-i686-mingw32/bin/../lib/gcc/nios2-elf/4.1.2/../../../../nios2-elf/lib/mhw-mulx\libc.a(lib_a-vfprintf.o)
 .debug_aranges
                0x00000168       0x20 c:/altera/12.1sp1/nios2eds/bin/gnu/h-i686-mingw32/bin/../lib/gcc/nios2-elf/4.1.2/../../../../nios2-elf/lib/mhw-mulx\libc.a(lib_a-wsetup.o)
 .debug_aranges
                0x00000188       0x20 c:/altera/12.1sp1/nios2eds/bin/gnu/h-i686-mingw32/bin/../lib/gcc/nios2-elf/4.1.2/../../../../nios2-elf/lib/mhw-mulx\libc.a(lib_a-dtoa.o)
 .debug_aranges
                0x000001a8       0x20 c:/altera/12.1sp1/nios2eds/bin/gnu/h-i686-mingw32/bin/../lib/gcc/nios2-elf/4.1.2/../../../../nios2-elf/lib/mhw-mulx\libc.a(lib_a-fflush.o)
 .debug_aranges
                0x000001c8       0x20 c:/altera/12.1sp1/nios2eds/bin/gnu/h-i686-mingw32/bin/../lib/gcc/nios2-elf/4.1.2/../../../../nios2-elf/lib/mhw-mulx\libc.a(lib_a-findfp.o)
 .debug_aranges
                0x000001e8       0x20 c:/altera/12.1sp1/nios2eds/bin/gnu/h-i686-mingw32/bin/../lib/gcc/nios2-elf/4.1.2/../../../../nios2-elf/lib/mhw-mulx\libc.a(lib_a-freer.o)
 .debug_aranges
                0x00000208       0x20 c:/altera/12.1sp1/nios2eds/bin/gnu/h-i686-mingw32/bin/../lib/gcc/nios2-elf/4.1.2/../../../../nios2-elf/lib/mhw-mulx\libc.a(lib_a-fvwrite.o)
 .debug_aranges
                0x00000228       0x20 c:/altera/12.1sp1/nios2eds/bin/gnu/h-i686-mingw32/bin/../lib/gcc/nios2-elf/4.1.2/../../../../nios2-elf/lib/mhw-mulx\libc.a(lib_a-fwalk.o)
 .debug_aranges
                0x00000248       0x20 c:/altera/12.1sp1/nios2eds/bin/gnu/h-i686-mingw32/bin/../lib/gcc/nios2-elf/4.1.2/../../../../nios2-elf/lib/mhw-mulx\libc.a(lib_a-locale.o)
 .debug_aranges
                0x00000268       0x20 c:/altera/12.1sp1/nios2eds/bin/gnu/h-i686-mingw32/bin/../lib/gcc/nios2-elf/4.1.2/../../../../nios2-elf/lib/mhw-mulx\libc.a(lib_a-makebuf.o)
 .debug_aranges
                0x00000288       0x20 c:/altera/12.1sp1/nios2eds/bin/gnu/h-i686-mingw32/bin/../lib/gcc/nios2-elf/4.1.2/../../../../nios2-elf/lib/mhw-mulx\libc.a(lib_a-mallocr.o)
 .debug_aranges
                0x000002a8       0x20 c:/altera/12.1sp1/nios2eds/bin/gnu/h-i686-mingw32/bin/../lib/gcc/nios2-elf/4.1.2/../../../../nios2-elf/lib/mhw-mulx\libc.a(lib_a-memchr.o)
 .debug_aranges
                0x000002c8       0x20 c:/altera/12.1sp1/nios2eds/bin/gnu/h-i686-mingw32/bin/../lib/gcc/nios2-elf/4.1.2/../../../../nios2-elf/lib/mhw-mulx\libc.a(lib_a-memmove.o)
 .debug_aranges
                0x000002e8       0x20 c:/altera/12.1sp1/nios2eds/bin/gnu/h-i686-mingw32/bin/../lib/gcc/nios2-elf/4.1.2/../../../../nios2-elf/lib/mhw-mulx\libc.a(lib_a-memset.o)
 .debug_aranges
                0x00000308       0x20 c:/altera/12.1sp1/nios2eds/bin/gnu/h-i686-mingw32/bin/../lib/gcc/nios2-elf/4.1.2/../../../../nios2-elf/lib/mhw-mulx\libc.a(lib_a-mprec.o)
 .debug_aranges
                0x00000328       0x20 c:/altera/12.1sp1/nios2eds/bin/gnu/h-i686-mingw32/bin/../lib/gcc/nios2-elf/4.1.2/../../../../nios2-elf/lib/mhw-mulx\libc.a(lib_a-putc.o)
 .debug_aranges
                0x00000348       0x20 c:/altera/12.1sp1/nios2eds/bin/gnu/h-i686-mingw32/bin/../lib/gcc/nios2-elf/4.1.2/../../../../nios2-elf/lib/mhw-mulx\libc.a(lib_a-reallocr.o)
 .debug_aranges
                0x00000368       0x20 c:/altera/12.1sp1/nios2eds/bin/gnu/h-i686-mingw32/bin/../lib/gcc/nios2-elf/4.1.2/../../../../nios2-elf/lib/mhw-mulx\libc.a(lib_a-s_isinfd.o)
 .debug_aranges
                0x00000388       0x20 c:/altera/12.1sp1/nios2eds/bin/gnu/h-i686-mingw32/bin/../lib/gcc/nios2-elf/4.1.2/../../../../nios2-elf/lib/mhw-mulx\libc.a(lib_a-s_isnand.o)
 .debug_aranges
                0x000003a8       0x20 c:/altera/12.1sp1/nios2eds/bin/gnu/h-i686-mingw32/bin/../lib/gcc/nios2-elf/4.1.2/../../../../nios2-elf/lib/mhw-mulx\libc.a(lib_a-sbrkr.o)
 .debug_aranges
                0x000003c8       0x20 c:/altera/12.1sp1/nios2eds/bin/gnu/h-i686-mingw32/bin/../lib/gcc/nios2-elf/4.1.2/../../../../nios2-elf/lib/mhw-mulx\libc.a(lib_a-stdio.o)
 .debug_aranges
                0x000003e8       0x20 c:/altera/12.1sp1/nios2eds/bin/gnu/h-i686-mingw32/bin/../lib/gcc/nios2-elf/4.1.2/../../../../nios2-elf/lib/mhw-mulx\libc.a(lib_a-strcmp.o)
 .debug_aranges
                0x00000408       0x20 c:/altera/12.1sp1/nios2eds/bin/gnu/h-i686-mingw32/bin/../lib/gcc/nios2-elf/4.1.2/../../../../nios2-elf/lib/mhw-mulx\libc.a(lib_a-wbuf.o)
 .debug_aranges
                0x00000428       0x20 c:/altera/12.1sp1/nios2eds/bin/gnu/h-i686-mingw32/bin/../lib/gcc/nios2-elf/4.1.2/../../../../nios2-elf/lib/mhw-mulx\libc.a(lib_a-writer.o)
 .debug_aranges
                0x00000448       0x20 c:/altera/12.1sp1/nios2eds/bin/gnu/h-i686-mingw32/bin/../lib/gcc/nios2-elf/4.1.2/../../../../nios2-elf/lib/mhw-mulx\libc.a(lib_a-callocr.o)
 .debug_aranges
                0x00000468       0x20 c:/altera/12.1sp1/nios2eds/bin/gnu/h-i686-mingw32/bin/../lib/gcc/nios2-elf/4.1.2/../../../../nios2-elf/lib/mhw-mulx\libc.a(lib_a-closer.o)
 .debug_aranges
                0x00000488       0x20 c:/altera/12.1sp1/nios2eds/bin/gnu/h-i686-mingw32/bin/../lib/gcc/nios2-elf/4.1.2/../../../../nios2-elf/lib/mhw-mulx\libc.a(lib_a-fclose.o)
 .debug_aranges
                0x000004a8       0x20 c:/altera/12.1sp1/nios2eds/bin/gnu/h-i686-mingw32/bin/../lib/gcc/nios2-elf/4.1.2/../../../../nios2-elf/lib/mhw-mulx\libc.a(lib_a-fstatr.o)
 .debug_aranges
                0x000004c8       0x20 c:/altera/12.1sp1/nios2eds/bin/gnu/h-i686-mingw32/bin/../lib/gcc/nios2-elf/4.1.2/../../../../nios2-elf/lib/mhw-mulx\libc.a(lib_a-isattyr.o)
 .debug_aranges
                0x000004e8       0x20 c:/altera/12.1sp1/nios2eds/bin/gnu/h-i686-mingw32/bin/../lib/gcc/nios2-elf/4.1.2/../../../../nios2-elf/lib/mhw-mulx\libc.a(lib_a-lseekr.o)
 .debug_aranges
                0x00000508       0x20 c:/altera/12.1sp1/nios2eds/bin/gnu/h-i686-mingw32/bin/../lib/gcc/nios2-elf/4.1.2/../../../../nios2-elf/lib/mhw-mulx\libc.a(lib_a-readr.o)
 .debug_aranges
                0x00000528       0x20 c:/altera/12.1sp1/nios2eds/bin/gnu/h-i686-mingw32/bin/../lib/gcc/nios2-elf/4.1.2/mhw-mulx\libgcc.a(_udivdi3.o)
 .debug_aranges
                0x00000548       0x20 c:/altera/12.1sp1/nios2eds/bin/gnu/h-i686-mingw32/bin/../lib/gcc/nios2-elf/4.1.2/mhw-mulx\libgcc.a(_umoddi3.o)
 .debug_aranges
                0x00000568       0x20 c:/altera/12.1sp1/nios2eds/bin/gnu/h-i686-mingw32/bin/../lib/gcc/nios2-elf/4.1.2/mhw-mulx\libgcc.a(_addsub_df.o)
 .debug_aranges
                0x00000588       0x20 c:/altera/12.1sp1/nios2eds/bin/gnu/h-i686-mingw32/bin/../lib/gcc/nios2-elf/4.1.2/mhw-mulx\libgcc.a(_mul_df.o)
 .debug_aranges
                0x000005a8       0x20 c:/altera/12.1sp1/nios2eds/bin/gnu/h-i686-mingw32/bin/../lib/gcc/nios2-elf/4.1.2/mhw-mulx\libgcc.a(_div_df.o)
 .debug_aranges
                0x000005c8       0x20 c:/altera/12.1sp1/nios2eds/bin/gnu/h-i686-mingw32/bin/../lib/gcc/nios2-elf/4.1.2/mhw-mulx\libgcc.a(_eq_df.o)
 .debug_aranges
                0x000005e8       0x20 c:/altera/12.1sp1/nios2eds/bin/gnu/h-i686-mingw32/bin/../lib/gcc/nios2-elf/4.1.2/mhw-mulx\libgcc.a(_ne_df.o)
 .debug_aranges
                0x00000608       0x20 c:/altera/12.1sp1/nios2eds/bin/gnu/h-i686-mingw32/bin/../lib/gcc/nios2-elf/4.1.2/mhw-mulx\libgcc.a(_gt_df.o)
 .debug_aranges
                0x00000628       0x20 c:/altera/12.1sp1/nios2eds/bin/gnu/h-i686-mingw32/bin/../lib/gcc/nios2-elf/4.1.2/mhw-mulx\libgcc.a(_ge_df.o)
 .debug_aranges
                0x00000648       0x20 c:/altera/12.1sp1/nios2eds/bin/gnu/h-i686-mingw32/bin/../lib/gcc/nios2-elf/4.1.2/mhw-mulx\libgcc.a(_lt_df.o)
 .debug_aranges
                0x00000668       0x20 c:/altera/12.1sp1/nios2eds/bin/gnu/h-i686-mingw32/bin/../lib/gcc/nios2-elf/4.1.2/mhw-mulx\libgcc.a(_si_to_df.o)
 .debug_aranges
                0x00000688       0x20 c:/altera/12.1sp1/nios2eds/bin/gnu/h-i686-mingw32/bin/../lib/gcc/nios2-elf/4.1.2/mhw-mulx\libgcc.a(_df_to_si.o)
 .debug_aranges
                0x000006a8       0x20 c:/altera/12.1sp1/nios2eds/bin/gnu/h-i686-mingw32/bin/../lib/gcc/nios2-elf/4.1.2/mhw-mulx\libgcc.a(_usi_to_df.o)
 .debug_aranges
                0x000006c8       0x20 c:/altera/12.1sp1/nios2eds/bin/gnu/h-i686-mingw32/bin/../lib/gcc/nios2-elf/4.1.2/mhw-mulx\libgcc.a(_clzsi2.o)
 .debug_aranges
                0x000006e8       0x20 c:/altera/12.1sp1/nios2eds/bin/gnu/h-i686-mingw32/bin/../lib/gcc/nios2-elf/4.1.2/mhw-mulx\libgcc.a(_pack_df.o)
 .debug_aranges
                0x00000708       0x20 c:/altera/12.1sp1/nios2eds/bin/gnu/h-i686-mingw32/bin/../lib/gcc/nios2-elf/4.1.2/mhw-mulx\libgcc.a(_unpack_df.o)
 .debug_aranges
                0x00000728       0x20 c:/altera/12.1sp1/nios2eds/bin/gnu/h-i686-mingw32/bin/../lib/gcc/nios2-elf/4.1.2/mhw-mulx\libgcc.a(_fpcmp_parts_df.o)
 .debug_aranges
                0x00000748       0x20 ../cmvcamera_bsp/\libhal_bsp.a(alt_close.o)
 .debug_aranges
                0x00000768       0x20 ../cmvcamera_bsp/\libhal_bsp.a(alt_dcache_flush_all.o)
 .debug_aranges
                0x00000788       0x20 ../cmvcamera_bsp/\libhal_bsp.a(alt_dev.o)
 .debug_aranges
                0x000007a8       0x20 ../cmvcamera_bsp/\libhal_bsp.a(alt_fstat.o)
 .debug_aranges
                0x000007c8       0x20 ../cmvcamera_bsp/\libhal_bsp.a(alt_isatty.o)
 .debug_aranges
                0x000007e8       0x20 ../cmvcamera_bsp/\libhal_bsp.a(alt_load.o)
 .debug_aranges
                0x00000808       0x20 ../cmvcamera_bsp/\libhal_bsp.a(alt_lseek.o)
 .debug_aranges