------------------------------------------------------------
TimeQuest Timing Analyzer Summary
------------------------------------------------------------

Type  : Slow 900mV 85C Model Setup 'inst|mem_if_ddr2_emif|pll0|upll_memphy|auto_generated|pll1|clk[0]'
Slack : -1.980
TNS   : -2735.862

Type  : Slow 900mV 85C Model Setup 'inst8|gen_pll_inst|altpll_component|auto_generated|pll1|clk[0]'
Slack : -1.352
TNS   : -55.206

Type  : Slow 900mV 85C Model Setup 'inst7|ALTLVDS_RX_component|auto_generated|pll|clk[2]'
Slack : -0.058
TNS   : -0.094

Type  : Slow 900mV 85C Model Setup 'M1_DDR2_clk[0]'
Slack : 0.081
TNS   : 0.000

Type  : Slow 900mV 85C Model Setup 'M1_DDR2_clk[1]'
Slack : 0.094
TNS   : 0.000

Type  : Slow 900mV 85C Model Setup 'inst|mem_if_ddr2_emif|pll0|upll_memphy|auto_generated|pll1|clk[2]'
Slack : 1.000
TNS   : 0.000

Type  : Slow 900mV 85C Model Setup 'inst|mem_if_ddr2_emif|pll0|upll_memphy|auto_generated|pll1|clk[3]'
Slack : 1.186
TNS   : 0.000

Type  : Slow 900mV 85C Model Setup 'inst|mem_if_ddr2_emif|DE4_QSYS_mem_if_ddr2_emif_p0_leveling_clk'
Slack : 1.691
TNS   : 0.000

Type  : Slow 900mV 85C Model Setup 'inst|mem_if_ddr2_emif|pll0|upll_memphy|auto_generated|pll1|clk[5]'
Slack : 2.485
TNS   : 0.000

Type  : Slow 900mV 85C Model Setup 'clk100'
Slack : 2.985
TNS   : 0.000

Type  : Slow 900mV 85C Model Setup 'inst|mem_if_ddr2_emif|pll0|upll_memphy|auto_generated|pll1|clk[6]'
Slack : 6.342
TNS   : 0.000

Type  : Slow 900mV 85C Model Setup 'inst3|altpll_component|auto_generated|pll1|clk[3]'
Slack : 10.185
TNS   : 0.000

Type  : Slow 900mV 85C Model Setup 'altera_reserved_tck'
Slack : 46.928
TNS   : 0.000

Type  : Slow 900mV 85C Model Setup 'inst3|altpll_component|auto_generated|pll1|clk[2]'
Slack : 9995.820
TNS   : 0.000

Type  : Slow 900mV 85C Model Hold 'inst7|ALTLVDS_RX_component|auto_generated|pll|clk[2]'
Slack : -1.081
TNS   : -3.061

Type  : Slow 900mV 85C Model Hold 'inst|mem_if_ddr2_emif|DE4_QSYS_mem_if_ddr2_emif_p0_leveling_clk'
Slack : 0.085
TNS   : 0.000

Type  : Slow 900mV 85C Model Hold 'inst|mem_if_ddr2_emif|pll0|upll_memphy|auto_generated|pll1|clk[0]'
Slack : 0.164
TNS   : 0.000

Type  : Slow 900mV 85C Model Hold 'inst8|gen_pll_inst|altpll_component|auto_generated|pll1|clk[0]'
Slack : 0.174
TNS   : 0.000

Type  : Slow 900mV 85C Model Hold 'inst3|altpll_component|auto_generated|pll1|clk[3]'
Slack : 0.219
TNS   : 0.000

Type  : Slow 900mV 85C Model Hold 'inst|mem_if_ddr2_emif|pll0|upll_memphy|auto_generated|pll1|clk[3]'
Slack : 0.234
TNS   : 0.000

Type  : Slow 900mV 85C Model Hold 'inst|mem_if_ddr2_emif|pll0|upll_memphy|auto_generated|pll1|clk[5]'
Slack : 0.238
TNS   : 0.000

Type  : Slow 900mV 85C Model Hold 'inst|mem_if_ddr2_emif|pll0|upll_memphy|auto_generated|pll1|clk[6]'
Slack : 0.238
TNS   : 0.000

Type  : Slow 900mV 85C Model Hold 'clk100'
Slack : 0.263
TNS   : 0.000

Type  : Slow 900mV 85C Model Hold 'altera_reserved_tck'
Slack : 0.265
TNS   : 0.000

Type  : Slow 900mV 85C Model Hold 'inst3|altpll_component|auto_generated|pll1|clk[2]'
Slack : 0.325
TNS   : 0.000

Type  : Slow 900mV 85C Model Hold 'M1_DDR2_clk[1]'
Slack : 0.676
TNS   : 0.000

Type  : Slow 900mV 85C Model Hold 'M1_DDR2_clk[0]'
Slack : 0.690
TNS   : 0.000

Type  : Slow 900mV 85C Model Hold 'inst|mem_if_ddr2_emif|pll0|upll_memphy|auto_generated|pll1|clk[2]'
Slack : 1.036
TNS   : 0.000

Type  : Slow 900mV 85C Model Recovery 'inst8|gen_pll_inst|altpll_component|auto_generated|pll1|clk[0]'
Slack : -3.664
TNS   : -355.115

Type  : Slow 900mV 85C Model Recovery 'inst7|ALTLVDS_RX_component|auto_generated|pll|clk[2]'
Slack : -3.160
TNS   : -3.745

Type  : Slow 900mV 85C Model Recovery 'inst|mem_if_ddr2_emif|pll0|upll_memphy|auto_generated|pll1|clk[0]'
Slack : -3.152
TNS   : -2288.002

Type  : Slow 900mV 85C Model Recovery 'inst|mem_if_ddr2_emif|pll0|upll_memphy|auto_generated|pll1|clk[3]'
Slack : 2.708
TNS   : 0.000

Type  : Slow 900mV 85C Model Recovery 'inst|mem_if_ddr2_emif|pll0|upll_memphy|auto_generated|pll1|clk[5]'
Slack : 4.179
TNS   : 0.000

Type  : Slow 900mV 85C Model Recovery 'inst3|altpll_component|auto_generated|pll1|clk[3]'
Slack : 11.353
TNS   : 0.000

Type  : Slow 900mV 85C Model Recovery 'inst|mem_if_ddr2_emif|pll0|upll_memphy|auto_generated|pll1|clk[6]'
Slack : 37.033
TNS   : 0.000

Type  : Slow 900mV 85C Model Recovery 'altera_reserved_tck'
Slack : 47.787
TNS   : 0.000

Type  : Slow 900mV 85C Model Removal 'inst7|ALTLVDS_RX_component|auto_generated|pll|clk[2]'
Slack : -1.010
TNS   : -13.130

Type  : Slow 900mV 85C Model Removal 'inst8|gen_pll_inst|altpll_component|auto_generated|pll1|clk[0]'
Slack : 0.299
TNS   : 0.000

Type  : Slow 900mV 85C Model Removal 'inst|mem_if_ddr2_emif|pll0|upll_memphy|auto_generated|pll1|clk[0]'
Slack : 0.464
TNS   : 0.000

Type  : Slow 900mV 85C Model Removal 'altera_reserved_tck'
Slack : 0.554
TNS   : 0.000

Type  : Slow 900mV 85C Model Removal 'inst|mem_if_ddr2_emif|pll0|upll_memphy|auto_generated|pll1|clk[6]'
Slack : 1.211
TNS   : 0.000

Type  : Slow 900mV 85C Model Removal 'inst|mem_if_ddr2_emif|pll0|upll_memphy|auto_generated|pll1|clk[3]'
Slack : 1.340
TNS   : 0.000

Type  : Slow 900mV 85C Model Removal 'inst|mem_if_ddr2_emif|pll0|upll_memphy|auto_generated|pll1|clk[5]'
Slack : 4.970
TNS   : 0.000

Type  : Slow 900mV 85C Model Removal 'inst3|altpll_component|auto_generated|pll1|clk[3]'
Slack : 7.399
TNS   : 0.000

Type  : Slow 900mV 85C Model Minimum Pulse Width 'clk100'
Slack : 0.000
TNS   : 0.000

Type  : Slow 900mV 85C Model Minimum Pulse Width 'inst|mem_if_ddr2_emif|pll0|upll_memphy|auto_generated|pll1|clk[2]'
Slack : 0.503
TNS   : 0.000

Type  : Slow 900mV 85C Model Minimum Pulse Width 'inst|mem_if_ddr2_emif|DE4_QSYS_mem_if_ddr2_emif_p0_leveling_clk'
Slack : 0.642
TNS   : 0.000

Type  : Slow 900mV 85C Model Minimum Pulse Width 'inst|mem_if_ddr2_emif|pll0|upll_memphy|auto_generated|pll1|clk[1]'
Slack : 0.661
TNS   : 0.000

Type  : Slow 900mV 85C Model Minimum Pulse Width 'inst7|ALTLVDS_RX_component|auto_generated|pll|clk[0]'
Slack : 0.750
TNS   : 0.000

Type  : Slow 900mV 85C Model Minimum Pulse Width 'inst|mem_if_ddr2_emif|pll0|upll_memphy|auto_generated|pll1|clk[0]'
Slack : 1.154
TNS   : 0.000

Type  : Slow 900mV 85C Model Minimum Pulse Width 'inst|mem_if_ddr2_emif|pll0|upll_memphy|auto_generated|pll1|clk[3]'
Slack : 1.905
TNS   : 0.000

Type  : Slow 900mV 85C Model Minimum Pulse Width 'rxclklvds'
Slack : 2.051
TNS   : 0.000

Type  : Slow 900mV 85C Model Minimum Pulse Width 'inst8|gen_pll_inst|altpll_component|auto_generated|pll1|clk[0]'
Slack : 2.333
TNS   : 0.000

Type  : Slow 900mV 85C Model Minimum Pulse Width 'inst|mem_if_ddr2_emif|pll0|upll_memphy|auto_generated|pll1|clk[5]'
Slack : 4.208
TNS   : 0.000

Type  : Slow 900mV 85C Model Minimum Pulse Width 'inst|mem_if_ddr2_emif|pll0|upll_memphy|auto_generated|pll1|clk[6]'
Slack : 6.667
TNS   : 0.000

Type  : Slow 900mV 85C Model Minimum Pulse Width 'inst3|altpll_component|auto_generated|pll1|clk[3]'
Slack : 9.207
TNS   : 0.000

Type  : Slow 900mV 85C Model Minimum Pulse Width 'inst7|ALTLVDS_RX_component|auto_generated|pll|clk[2]'
Slack : 9.629
TNS   : 0.000

Type  : Slow 900mV 85C Model Minimum Pulse Width 'CLK_M1'
Slack : 9.755
TNS   : 0.000

Type  : Slow 900mV 85C Model Minimum Pulse Width 'altera_reserved_tck'
Slack : 49.389
TNS   : 0.000

Type  : Slow 900mV 85C Model Minimum Pulse Width 'inst3|altpll_component|auto_generated|pll1|clk[2]'
Slack : 4999.463
TNS   : 0.000

Type  : Slow 900mV 0C Model Setup 'inst|mem_if_ddr2_emif|pll0|upll_memphy|auto_generated|pll1|clk[0]'
Slack : -1.723
TNS   : -1995.962

Type  : Slow 900mV 0C Model Setup 'inst8|gen_pll_inst|altpll_component|auto_generated|pll1|clk[0]'
Slack : -1.289
TNS   : -53.958

Type  : Slow 900mV 0C Model Setup 'inst7|ALTLVDS_RX_component|auto_generated|pll|clk[2]'
Slack : -0.098
TNS   : -0.189

Type  : Slow 900mV 0C Model Setup 'M1_DDR2_clk[0]'
Slack : 0.078
TNS   : 0.000

Type  : Slow 900mV 0C Model Setup 'M1_DDR2_clk[1]'
Slack : 0.089
TNS   : 0.000

Type  : Slow 900mV 0C Model Setup 'inst|mem_if_ddr2_emif|pll0|upll_memphy|auto_generated|pll1|clk[2]'
Slack : 0.984
TNS   : 0.000

Type  : Slow 900mV 0C Model Setup 'inst|mem_if_ddr2_emif|pll0|upll_memphy|auto_generated|pll1|clk[3]'
Slack : 1.293
TNS   : 0.000

Type  : Slow 900mV 0C Model Setup 'inst|mem_if_ddr2_emif|DE4_QSYS_mem_if_ddr2_emif_p0_leveling_clk'
Slack : 1.675
TNS   : 0.000

Type  : Slow 900mV 0C Model Setup 'inst|mem_if_ddr2_emif|pll0|upll_memphy|auto_generated|pll1|clk[5]'
Slack : 2.594
TNS   : 0.000

Type  : Slow 900mV 0C Model Setup 'clk100'
Slack : 3.058
TNS   : 0.000

Type  : Slow 900mV 0C Model Setup 'inst|mem_if_ddr2_emif|pll0|upll_memphy|auto_generated|pll1|clk[6]'
Slack : 6.504
TNS   : 0.000

Type  : Slow 900mV 0C Model Setup 'inst3|altpll_component|auto_generated|pll1|clk[3]'
Slack : 10.802
TNS   : 0.000

Type  : Slow 900mV 0C Model Setup 'altera_reserved_tck'
Slack : 47.056
TNS   : 0.000

Type  : Slow 900mV 0C Model Setup 'inst3|altpll_component|auto_generated|pll1|clk[2]'
Slack : 9996.007
TNS   : 0.000

Type  : Slow 900mV 0C Model Hold 'inst7|ALTLVDS_RX_component|auto_generated|pll|clk[2]'
Slack : -1.036
TNS   : -2.937

Type  : Slow 900mV 0C Model Hold 'inst|mem_if_ddr2_emif|DE4_QSYS_mem_if_ddr2_emif_p0_leveling_clk'
Slack : 0.134
TNS   : 0.000

Type  : Slow 900mV 0C Model Hold 'inst|mem_if_ddr2_emif|pll0|upll_memphy|auto_generated|pll1|clk[0]'
Slack : 0.151
TNS   : 0.000

Type  : Slow 900mV 0C Model Hold 'inst8|gen_pll_inst|altpll_component|auto_generated|pll1|clk[0]'
Slack : 0.181
TNS   : 0.000

Type  : Slow 900mV 0C Model Hold 'inst3|altpll_component|auto_generated|pll1|clk[3]'
Slack : 0.209
TNS   : 0.000

Type  : Slow 900mV 0C Model Hold 'inst|mem_if_ddr2_emif|pll0|upll_memphy|auto_generated|pll1|clk[3]'
Slack : 0.229
TNS   : 0.000

Type  : Slow 900mV 0C Model Hold 'inst|mem_if_ddr2_emif|pll0|upll_memphy|auto_generated|pll1|clk[5]'
Slack : 0.231
TNS   : 0.000

Type  : Slow 900mV 0C Model Hold 'inst|mem_if_ddr2_emif|pll0|upll_memphy|auto_generated|pll1|clk[6]'
Slack : 0.234
TNS   : 0.000

Type  : Slow 900mV 0C Model Hold 'clk100'
Slack : 0.252
TNS   : 0.000

Type  : Slow 900mV 0C Model Hold 'altera_reserved_tck'
Slack : 0.263
TNS   : 0.000

Type  : Slow 900mV 0C Model Hold 'inst3|altpll_component|auto_generated|pll1|clk[2]'
Slack : 0.317
TNS   : 0.000

Type  : Slow 900mV 0C Model Hold 'M1_DDR2_clk[1]'
Slack : 0.725
TNS   : 0.000

Type  : Slow 900mV 0C Model Hold 'M1_DDR2_clk[0]'
Slack : 0.738
TNS   : 0.000

Type  : Slow 900mV 0C Model Hold 'inst|mem_if_ddr2_emif|pll0|upll_memphy|auto_generated|pll1|clk[2]'
Slack : 1.077
TNS   : 0.000

Type  : Slow 900mV 0C Model Recovery 'inst8|gen_pll_inst|altpll_component|auto_generated|pll1|clk[0]'
Slack : -3.503
TNS   : -340.185

Type  : Slow 900mV 0C Model Recovery 'inst7|ALTLVDS_RX_component|auto_generated|pll|clk[2]'
Slack : -3.038
TNS   : -3.259

Type  : Slow 900mV 0C Model Recovery 'inst|mem_if_ddr2_emif|pll0|upll_memphy|auto_generated|pll1|clk[0]'
Slack : -2.974
TNS   : -2158.678

Type  : Slow 900mV 0C Model Recovery 'inst|mem_if_ddr2_emif|pll0|upll_memphy|auto_generated|pll1|clk[3]'
Slack : 2.833
TNS   : 0.000

Type  : Slow 900mV 0C Model Recovery 'inst|mem_if_ddr2_emif|pll0|upll_memphy|auto_generated|pll1|clk[5]'
Slack : 4.464
TNS   : 0.000

Type  : Slow 900mV 0C Model Recovery 'inst3|altpll_component|auto_generated|pll1|clk[3]'
Slack : 11.889
TNS   : 0.000

Type  : Slow 900mV 0C Model Recovery 'inst|mem_if_ddr2_emif|pll0|upll_memphy|auto_generated|pll1|clk[6]'
Slack : 37.163
TNS   : 0.000

Type  : Slow 900mV 0C Model Recovery 'altera_reserved_tck'
Slack : 47.850
TNS   : 0.000

Type  : Slow 900mV 0C Model Removal 'inst7|ALTLVDS_RX_component|auto_generated|pll|clk[2]'
Slack : -0.990
TNS   : -12.870

Type  : Slow 900mV 0C Model Removal 'inst8|gen_pll_inst|altpll_component|auto_generated|pll1|clk[0]'
Slack : 0.309
TNS   : 0.000

Type  : Slow 900mV 0C Model Removal 'inst|mem_if_ddr2_emif|pll0|upll_memphy|auto_generated|pll1|clk[0]'
Slack : 0.448
TNS   : 0.000

Type  : Slow 900mV 0C Model Removal 'altera_reserved_tck'
Slack : 0.530
TNS   : 0.000

Type  : Slow 900mV 0C Model Removal 'inst|mem_if_ddr2_emif|pll0|upll_memphy|auto_generated|pll1|clk[6]'
Slack : 1.137
TNS   : 0.000

Type  : Slow 900mV 0C Model Removal 'inst|mem_if_ddr2_emif|pll0|upll_memphy|auto_generated|pll1|clk[3]'
Slack : 1.302
TNS   : 0.000

Type  : Slow 900mV 0C Model Removal 'inst|mem_if_ddr2_emif|pll0|upll_memphy|auto_generated|pll1|clk[5]'
Slack : 4.671
TNS   : 0.000

Type  : Slow 900mV 0C Model Removal 'inst3|altpll_component|auto_generated|pll1|clk[3]'
Slack : 6.839
TNS   : 0.000

Type  : Slow 900mV 0C Model Minimum Pulse Width 'clk100'
Slack : 0.000
TNS   : 0.000

Type  : Slow 900mV 0C Model Minimum Pulse Width 'inst|mem_if_ddr2_emif|pll0|upll_memphy|auto_generated|pll1|clk[2]'
Slack : 0.510
TNS   : 0.000

Type  : Slow 900mV 0C Model Minimum Pulse Width 'inst|mem_if_ddr2_emif|DE4_QSYS_mem_if_ddr2_emif_p0_leveling_clk'
Slack : 0.662
TNS   : 0.000

Type  : Slow 900mV 0C Model Minimum Pulse Width 'inst|mem_if_ddr2_emif|pll0|upll_memphy|auto_generated|pll1|clk[1]'
Slack : 0.681
TNS   : 0.000

Type  : Slow 900mV 0C Model Minimum Pulse Width 'inst7|ALTLVDS_RX_component|auto_generated|pll|clk[0]'
Slack : 0.752
TNS   : 0.000

Type  : Slow 900mV 0C Model Minimum Pulse Width 'inst|mem_if_ddr2_emif|pll0|upll_memphy|auto_generated|pll1|clk[0]'
Slack : 1.154
TNS   : 0.000

Type  : Slow 900mV 0C Model Minimum Pulse Width 'inst|mem_if_ddr2_emif|pll0|upll_memphy|auto_generated|pll1|clk[3]'
Slack : 1.923
TNS   : 0.000

Type  : Slow 900mV 0C Model Minimum Pulse Width 'rxclklvds'
Slack : 2.048
TNS   : 0.000

Type  : Slow 900mV 0C Model Minimum Pulse Width 'inst8|gen_pll_inst|altpll_component|auto_generated|pll1|clk[0]'
Slack : 2.352
TNS   : 0.000

Type  : Slow 900mV 0C Model Minimum Pulse Width 'inst|mem_if_ddr2_emif|pll0|upll_memphy|auto_generated|pll1|clk[5]'
Slack : 4.222
TNS   : 0.000

Type  : Slow 900mV 0C Model Minimum Pulse Width 'inst|mem_if_ddr2_emif|pll0|upll_memphy|auto_generated|pll1|clk[6]'
Slack : 6.667
TNS   : 0.000

Type  : Slow 900mV 0C Model Minimum Pulse Width 'inst3|altpll_component|auto_generated|pll1|clk[3]'
Slack : 9.223
TNS   : 0.000

Type  : Slow 900mV 0C Model Minimum Pulse Width 'inst7|ALTLVDS_RX_component|auto_generated|pll|clk[2]'
Slack : 9.644
TNS   : 0.000

Type  : Slow 900mV 0C Model Minimum Pulse Width 'CLK_M1'
Slack : 9.736
TNS   : 0.000

Type  : Slow 900mV 0C Model Minimum Pulse Width 'altera_reserved_tck'
Slack : 49.431
TNS   : 0.000

Type  : Slow 900mV 0C Model Minimum Pulse Width 'inst3|altpll_component|auto_generated|pll1|clk[2]'
Slack : 4999.448
TNS   : 0.000

Type  : Fast 900mV 0C Model Setup 'inst8|gen_pll_inst|altpll_component|auto_generated|pll1|clk[0]'
Slack : -0.785
TNS   : -30.006

Type  : Fast 900mV 0C Model Setup 'inst7|ALTLVDS_RX_component|auto_generated|pll|clk[2]'
Slack : -0.102
TNS   : -0.253

Type  : Fast 900mV 0C Model Setup 'M1_DDR2_clk[1]'
Slack : 0.050
TNS   : 0.000

Type  : Fast 900mV 0C Model Setup 'M1_DDR2_clk[0]'
Slack : 0.052
TNS   : 0.000

Type  : Fast 900mV 0C Model Setup 'inst|mem_if_ddr2_emif|pll0|upll_memphy|auto_generated|pll1|clk[0]'
Slack : 0.729
TNS   : 0.000

Type  : Fast 900mV 0C Model Setup 'inst|mem_if_ddr2_emif|pll0|upll_memphy|auto_generated|pll1|clk[2]'
Slack : 0.867
TNS   : 0.000

Type  : Fast 900mV 0C Model Setup 'inst|mem_if_ddr2_emif|DE4_QSYS_mem_if_ddr2_emif_p0_leveling_clk'
Slack : 1.544
TNS   : 0.000

Type  : Fast 900mV 0C Model Setup 'inst|mem_if_ddr2_emif|pll0|upll_memphy|auto_generated|pll1|clk[3]'
Slack : 2.239
TNS   : 0.000

Type  : Fast 900mV 0C Model Setup 'clk100'
Slack : 3.243
TNS   : 0.000

Type  : Fast 900mV 0C Model Setup 'inst|mem_if_ddr2_emif|pll0|upll_memphy|auto_generated|pll1|clk[5]'
Slack : 3.469
TNS   : 0.000

Type  : Fast 900mV 0C Model Setup 'inst|mem_if_ddr2_emif|pll0|upll_memphy|auto_generated|pll1|clk[6]'
Slack : 7.965
TNS   : 0.000

Type  : Fast 900mV 0C Model Setup 'inst3|altpll_component|auto_generated|pll1|clk[3]'
Slack : 13.584
TNS   : 0.000

Type  : Fast 900mV 0C Model Setup 'altera_reserved_tck'
Slack : 48.399
TNS   : 0.000

Type  : Fast 900mV 0C Model Setup 'inst3|altpll_component|auto_generated|pll1|clk[2]'
Slack : 9997.667
TNS   : 0.000

Type  : Fast 900mV 0C Model Hold 'inst7|ALTLVDS_RX_component|auto_generated|pll|clk[2]'
Slack : -0.606
TNS   : -1.695

Type  : Fast 900mV 0C Model Hold 'inst8|gen_pll_inst|altpll_component|auto_generated|pll1|clk[0]'
Slack : 0.094
TNS   : 0.000

Type  : Fast 900mV 0C Model Hold 'inst|mem_if_ddr2_emif|pll0|upll_memphy|auto_generated|pll1|clk[0]'
Slack : 0.100
TNS   : 0.000

Type  : Fast 900mV 0C Model Hold 'inst|mem_if_ddr2_emif|pll0|upll_memphy|auto_generated|pll1|clk[6]'
Slack : 0.117
TNS   : 0.000

Type  : Fast 900mV 0C Model Hold 'inst|mem_if_ddr2_emif|pll0|upll_memphy|auto_generated|pll1|clk[5]'
Slack : 0.126
TNS   : 0.000

Type  : Fast 900mV 0C Model Hold 'inst3|altpll_component|auto_generated|pll1|clk[3]'
Slack : 0.132
TNS   : 0.000

Type  : Fast 900mV 0C Model Hold 'inst|mem_if_ddr2_emif|pll0|upll_memphy|auto_generated|pll1|clk[3]'
Slack : 0.132
TNS   : 0.000

Type  : Fast 900mV 0C Model Hold 'clk100'
Slack : 0.144
TNS   : 0.000

Type  : Fast 900mV 0C Model Hold 'altera_reserved_tck'
Slack : 0.154
TNS   : 0.000

Type  : Fast 900mV 0C Model Hold 'inst3|altpll_component|auto_generated|pll1|clk[2]'
Slack : 0.173
TNS   : 0.000

Type  : Fast 900mV 0C Model Hold 'inst|mem_if_ddr2_emif|DE4_QSYS_mem_if_ddr2_emif_p0_leveling_clk'
Slack : 0.490
TNS   : 0.000

Type  : Fast 900mV 0C Model Hold 'M1_DDR2_clk[1]'
Slack : 0.879
TNS   : 0.000

Type  : Fast 900mV 0C Model Hold 'M1_DDR2_clk[0]'
Slack : 0.880
TNS   : 0.000

Type  : Fast 900mV 0C Model Hold 'inst|mem_if_ddr2_emif|pll0|upll_memphy|auto_generated|pll1|clk[2]'
Slack : 1.304
TNS   : 0.000

Type  : Fast 900mV 0C Model Recovery 'inst8|gen_pll_inst|altpll_component|auto_generated|pll1|clk[0]'
Slack : -2.221
TNS   : -212.724

Type  : Fast 900mV 0C Model Recovery 'inst|mem_if_ddr2_emif|pll0|upll_memphy|auto_generated|pll1|clk[0]'
Slack : -2.030
TNS   : -1473.173

Type  : Fast 900mV 0C Model Recovery 'inst7|ALTLVDS_RX_component|auto_generated|pll|clk[2]'
Slack : -1.926
TNS   : -3.356

Type  : Fast 900mV 0C Model Recovery 'inst|mem_if_ddr2_emif|pll0|upll_memphy|auto_generated|pll1|clk[3]'
Slack : 3.536
TNS   : 0.000

Type  : Fast 900mV 0C Model Recovery 'inst|mem_if_ddr2_emif|pll0|upll_memphy|auto_generated|pll1|clk[5]'
Slack : 6.382
TNS   : 0.000

Type  : Fast 900mV 0C Model Recovery 'inst3|altpll_component|auto_generated|pll1|clk[3]'
Slack : 14.533
TNS   : 0.000

Type  : Fast 900mV 0C Model Recovery 'inst|mem_if_ddr2_emif|pll0|upll_memphy|auto_generated|pll1|clk[6]'
Slack : 38.173
TNS   : 0.000

Type  : Fast 900mV 0C Model Recovery 'altera_reserved_tck'
Slack : 48.890
TNS   : 0.000

Type  : Fast 900mV 0C Model Removal 'inst7|ALTLVDS_RX_component|auto_generated|pll|clk[2]'
Slack : -0.601
TNS   : -7.813

Type  : Fast 900mV 0C Model Removal 'inst8|gen_pll_inst|altpll_component|auto_generated|pll1|clk[0]'
Slack : 0.151
TNS   : 0.000

Type  : Fast 900mV 0C Model Removal 'inst|mem_if_ddr2_emif|pll0|upll_memphy|auto_generated|pll1|clk[0]'
Slack : 0.267
TNS   : 0.000

Type  : Fast 900mV 0C Model Removal 'altera_reserved_tck'
Slack : 0.318
TNS   : 0.000

Type  : Fast 900mV 0C Model Removal 'inst|mem_if_ddr2_emif|pll0|upll_memphy|auto_generated|pll1|clk[6]'
Slack : 0.761
TNS   : 0.000

Type  : Fast 900mV 0C Model Removal 'inst|mem_if_ddr2_emif|pll0|upll_memphy|auto_generated|pll1|clk[3]'
Slack : 0.789
TNS   : 0.000

Type  : Fast 900mV 0C Model Removal 'inst|mem_if_ddr2_emif|pll0|upll_memphy|auto_generated|pll1|clk[5]'
Slack : 3.168
TNS   : 0.000

Type  : Fast 900mV 0C Model Removal 'inst3|altpll_component|auto_generated|pll1|clk[3]'
Slack : 4.740
TNS   : 0.000

Type  : Fast 900mV 0C Model Minimum Pulse Width 'clk100'
Slack : 0.000
TNS   : 0.000

Type  : Fast 900mV 0C Model Minimum Pulse Width 'inst|mem_if_ddr2_emif|pll0|upll_memphy|auto_generated|pll1|clk[2]'
Slack : 0.505
TNS   : 0.000

Type  : Fast 900mV 0C Model Minimum Pulse Width 'inst|mem_if_ddr2_emif|DE4_QSYS_mem_if_ddr2_emif_p0_leveling_clk'
Slack : 0.704
TNS   : 0.000

Type  : Fast 900mV 0C Model Minimum Pulse Width 'inst7|ALTLVDS_RX_component|auto_generated|pll|clk[0]'
Slack : 0.808
TNS   : 0.000

Type  : Fast 900mV 0C Model Minimum Pulse Width 'inst|mem_if_ddr2_emif|pll0|upll_memphy|auto_generated|pll1|clk[1]'
Slack : 0.836
TNS   : 0.000

Type  : Fast 900mV 0C Model Minimum Pulse Width 'inst|mem_if_ddr2_emif|pll0|upll_memphy|auto_generated|pll1|clk[0]'
Slack : 1.154
TNS   : 0.000

Type  : Fast 900mV 0C Model Minimum Pulse Width 'rxclklvds'
Slack : 2.072
TNS   : 0.000

Type  : Fast 900mV 0C Model Minimum Pulse Width 'inst|mem_if_ddr2_emif|pll0|upll_memphy|auto_generated|pll1|clk[3]'
Slack : 2.080
TNS   : 0.000

Type  : Fast 900mV 0C Model Minimum Pulse Width 'inst8|gen_pll_inst|altpll_component|auto_generated|pll1|clk[0]'
Slack : 2.324
TNS   : 0.000

Type  : Fast 900mV 0C Model Minimum Pulse Width 'inst|mem_if_ddr2_emif|pll0|upll_memphy|auto_generated|pll1|clk[5]'
Slack : 4.207
TNS   : 0.000

Type  : Fast 900mV 0C Model Minimum Pulse Width 'inst|mem_if_ddr2_emif|pll0|upll_memphy|auto_generated|pll1|clk[6]'
Slack : 6.667
TNS   : 0.000

Type  : Fast 900mV 0C Model Minimum Pulse Width 'inst3|altpll_component|auto_generated|pll1|clk[3]'
Slack : 9.207
TNS   : 0.000

Type  : Fast 900mV 0C Model Minimum Pulse Width 'inst7|ALTLVDS_RX_component|auto_generated|pll|clk[2]'
Slack : 9.627
TNS   : 0.000

Type  : Fast 900mV 0C Model Minimum Pulse Width 'CLK_M1'
Slack : 9.890
TNS   : 0.000

Type  : Fast 900mV 0C Model Minimum Pulse Width 'altera_reserved_tck'
Slack : 49.289
TNS   : 0.000

Type  : Fast 900mV 0C Model Minimum Pulse Width 'inst3|altpll_component|auto_generated|pll1|clk[2]'
Slack : 4999.659
TNS   : 0.000

------------------------------------------------------------
