Analysis & Synthesis report for DE4_DDR2
Mon May 13 16:00:29 2013
Quartus II 32-bit Version 12.1 Build 243 01/31/2013 Service Pack 1 SJ Full Version


---------------------
; Table of Contents ;
---------------------
  1. Legal Notice
  2. Analysis & Synthesis Summary
  3. Analysis & Synthesis Settings
  4. Parallel Compilation
  5. Analysis & Synthesis Messages
  6. Analysis & Synthesis Suppressed Messages



----------------
; Legal Notice ;
----------------
Copyright (C) 1991-2012 Altera Corporation
Your use of Altera Corporation's design tools, logic functions 
and other software and tools, and its AMPP partner logic 
functions, and any output files from any of the foregoing 
(including device programming or simulation files), and any 
associated documentation or information are expressly subject 
to the terms and conditions of the Altera Program License 
Subscription Agreement, Altera MegaCore Function License 
Agreement, or other applicable license agreement, including, 
without limitation, that your use is for the sole purpose of 
programming logic devices manufactured by Altera and sold by 
Altera or its authorized distributors.  Please refer to the 
applicable agreement for further details.



+------------------------------------------------------------------------------------+
; Analysis & Synthesis Summary                                                       ;
+-----------------------------------+------------------------------------------------+
; Analysis & Synthesis Status       ; Failed - Mon May 13 16:00:29 2013              ;
; Quartus II 32-bit Version         ; 12.1 Build 243 01/31/2013 SP 1 SJ Full Version ;
; Revision Name                     ; DE4_DDR2                                       ;
; Top-level Entity Name             ; cmv4000design                                  ;
; Family                            ; Stratix IV                                     ;
; Logic utilization                 ; N/A until Partition Merge                      ;
;     Combinational ALUTs           ; N/A until Partition Merge                      ;
;     Memory ALUTs                  ; N/A until Partition Merge                      ;
;     Dedicated logic registers     ; N/A until Partition Merge                      ;
; Total registers                   ; N/A until Partition Merge                      ;
; Total pins                        ; N/A until Partition Merge                      ;
; Total virtual pins                ; N/A until Partition Merge                      ;
; Total block memory bits           ; N/A until Partition Merge                      ;
; DSP block 18-bit elements         ; N/A until Partition Merge                      ;
; Total GXB Receiver Channel PCS    ; N/A until Partition Merge                      ;
; Total GXB Receiver Channel PMA    ; N/A until Partition Merge                      ;
; Total GXB Transmitter Channel PCS ; N/A until Partition Merge                      ;
; Total GXB Transmitter Channel PMA ; N/A until Partition Merge                      ;
; Total PLLs                        ; N/A until Partition Merge                      ;
; Total DLLs                        ; N/A until Partition Merge                      ;
+-----------------------------------+------------------------------------------------+


+---------------------------------------------------------------------------------------------------------------------------+
; Analysis & Synthesis Settings                                                                                             ;
+---------------------------------------------------------------------------------+--------------------+--------------------+
; Option                                                                          ; Setting            ; Default Value      ;
+---------------------------------------------------------------------------------+--------------------+--------------------+
; Device                                                                          ; EP4SGX230KF40C2    ;                    ;
; Top-level entity name                                                           ; cmv4000design      ; DE4_DDR2           ;
; Family name                                                                     ; Stratix IV         ; Cyclone IV GX      ;
; Use smart compilation                                                           ; On                 ; Off                ;
; Enable parallel Assembler and TimeQuest Timing Analyzer during compilation      ; On                 ; On                 ;
; Enable compact report table                                                     ; Off                ; Off                ;
; Restructure Multiplexers                                                        ; Auto               ; Auto               ;
; MLAB Add Timing Constraints For Mixed-Port Feed-Through Mode Setting Don't Care ; Off                ; Off                ;
; Create Debugging Nodes for IP Cores                                             ; Off                ; Off                ;
; Preserve fewer node names                                                       ; On                 ; On                 ;
; Disable OpenCore Plus hardware evaluation                                       ; Off                ; Off                ;
; Verilog Version                                                                 ; Verilog_2001       ; Verilog_2001       ;
; VHDL Version                                                                    ; VHDL_1993          ; VHDL_1993          ;
; State Machine Processing                                                        ; Auto               ; Auto               ;
; Safe State Machine                                                              ; Off                ; Off                ;
; Extract Verilog State Machines                                                  ; On                 ; On                 ;
; Extract VHDL State Machines                                                     ; On                 ; On                 ;
; Ignore Verilog initial constructs                                               ; Off                ; Off                ;
; Iteration limit for constant Verilog loops                                      ; 5000               ; 5000               ;
; Iteration limit for non-constant Verilog loops                                  ; 250                ; 250                ;
; Add Pass-Through Logic to Inferred RAMs                                         ; On                 ; On                 ;
; Infer RAMs from Raw Logic                                                       ; On                 ; On                 ;
; Parallel Synthesis                                                              ; On                 ; On                 ;
; DSP Block Balancing                                                             ; Auto               ; Auto               ;
; NOT Gate Push-Back                                                              ; On                 ; On                 ;
; Power-Up Don't Care                                                             ; On                 ; On                 ;
; Remove Redundant Logic Cells                                                    ; Off                ; Off                ;
; Remove Duplicate Registers                                                      ; On                 ; On                 ;
; Ignore CARRY Buffers                                                            ; Off                ; Off                ;
; Ignore CASCADE Buffers                                                          ; Off                ; Off                ;
; Ignore GLOBAL Buffers                                                           ; Off                ; Off                ;
; Ignore ROW GLOBAL Buffers                                                       ; Off                ; Off                ;
; Ignore LCELL Buffers                                                            ; Off                ; Off                ;
; Ignore SOFT Buffers                                                             ; On                 ; On                 ;
; Limit AHDL Integers to 32 Bits                                                  ; Off                ; Off                ;
; Optimization Technique                                                          ; Balanced           ; Balanced           ;
; Carry Chain Length                                                              ; 70                 ; 70                 ;
; Auto Carry Chains                                                               ; On                 ; On                 ;
; Auto Open-Drain Pins                                                            ; On                 ; On                 ;
; Perform WYSIWYG Primitive Resynthesis                                           ; Off                ; Off                ;
; Auto ROM Replacement                                                            ; On                 ; On                 ;
; Auto RAM Replacement                                                            ; On                 ; On                 ;
; Auto DSP Block Replacement                                                      ; On                 ; On                 ;
; Auto Shift Register Replacement                                                 ; Auto               ; Auto               ;
; Allow Shift Register Merging across Hierarchies                                 ; Auto               ; Auto               ;
; Auto Clock Enable Replacement                                                   ; On                 ; On                 ;
; Strict RAM Replacement                                                          ; Off                ; Off                ;
; Allow Synchronous Control Signals                                               ; On                 ; On                 ;
; Force Use of Synchronous Clear Signals                                          ; Off                ; Off                ;
; Auto RAM Block Balancing                                                        ; On                 ; On                 ;
; Auto RAM to Logic Cell Conversion                                               ; Off                ; Off                ;
; Auto Resource Sharing                                                           ; Off                ; Off                ;
; Allow Any RAM Size For Recognition                                              ; Off                ; Off                ;
; Allow Any ROM Size For Recognition                                              ; Off                ; Off                ;
; Allow Any Shift Register Size For Recognition                                   ; Off                ; Off                ;
; Use LogicLock Constraints during Resource Balancing                             ; On                 ; On                 ;
; Ignore translate_off and synthesis_off directives                               ; Off                ; Off                ;
; Timing-Driven Synthesis                                                         ; On                 ; On                 ;
; Report Parameter Settings                                                       ; On                 ; On                 ;
; Report Source Assignments                                                       ; On                 ; On                 ;
; Report Connectivity Checks                                                      ; On                 ; On                 ;
; Ignore Maximum Fan-Out Assignments                                              ; Off                ; Off                ;
; Synchronization Register Chain Length                                           ; 3                  ; 3                  ;
; PowerPlay Power Optimization                                                    ; Normal compilation ; Normal compilation ;
; HDL message level                                                               ; Level2             ; Level2             ;
; Suppress Register Optimization Related Messages                                 ; Off                ; Off                ;
; Number of Removed Registers Reported in Synthesis Report                        ; 5000               ; 5000               ;
; Number of Swept Nodes Reported in Synthesis Report                              ; 5000               ; 5000               ;
; Number of Inverted Registers Reported in Synthesis Report                       ; 100                ; 100                ;
; Clock MUX Protection                                                            ; On                 ; On                 ;
; Auto Gated Clock Conversion                                                     ; Off                ; Off                ;
; Block Design Naming                                                             ; Auto               ; Auto               ;
; SDC constraint protection                                                       ; Off                ; Off                ;
; Synthesis Effort                                                                ; Auto               ; Auto               ;
; Shift Register Replacement - Allow Asynchronous Clear Signal                    ; On                 ; On                 ;
; Pre-Mapping Resynthesis Optimization                                            ; Off                ; Off                ;
; Analysis & Synthesis Message Level                                              ; Medium             ; Medium             ;
; Disable Register Merging Across Hierarchies                                     ; Auto               ; Auto               ;
; Resource Aware Inference For Block RAM                                          ; On                 ; On                 ;
; Synthesis Seed                                                                  ; 1                  ; 1                  ;
+---------------------------------------------------------------------------------+--------------------+--------------------+


+------------------------------------------+
; Parallel Compilation                     ;
+----------------------------+-------------+
; Processors                 ; Number      ;
+----------------------------+-------------+
; Number detected on machine ; 4           ;
; Maximum allowed            ; 4           ;
;                            ;             ;
; Average used               ; 1.00        ;
; Maximum used               ; 1           ;
;                            ;             ;
; Usage by Processor         ; % Time Used ;
;     1 processor            ; 100.0%      ;
;     2-4 processors         ;   0.0%      ;
+----------------------------+-------------+


+-------------------------------+
; Analysis & Synthesis Messages ;
+-------------------------------+
Info: *******************************************************************
Info: Running Quartus II 32-bit Analysis & Synthesis
    Info: Version 12.1 Build 243 01/31/2013 Service Pack 1 SJ Full Version
    Info: Processing started: Mon May 13 16:00:20 2013
Info: Command: quartus_map --read_settings_files=on --write_settings_files=off DE4_DDR2 -c DE4_DDR2
Warning (125092): Tcl Script File plldvi.qip not found
    Info (125063): set_global_assignment -name QIP_FILE plldvi.qip
Info (20030): Parallel compilation is enabled and will use 4 of the 4 processors detected
Info (12021): Found 2 design units, including 1 entities, in source file lvds_channels_remapping.vhd
    Info (12022): Found design unit 1: lvds_channels_remapping-remapping
    Info (12023): Found entity 1: lvds_channels_remapping
Info (12021): Found 2 design units, including 0 entities, in source file configuration_pkg.vhd
    Info (12022): Found design unit 1: configuration_pkg
    Info (12022): Found design unit 2: configuration_pkg-body
Info (12021): Found 2 design units, including 1 entities, in source file lvds_sync_controller.vhd
    Info (12022): Found design unit 1: lvds_sync_controller-behavioral
    Info (12023): Found entity 1: lvds_sync_controller
Info (12021): Found 1 design units, including 1 entities, in source file vpg_source/vpg.v
    Info (12023): Found entity 1: vpg
Info (12021): Found 1 design units, including 1 entities, in source file vpg_source/vga_time_generator.v
    Info (12023): Found entity 1: vga_time_generator
Info (12021): Found 1 design units, including 1 entities, in source file vpg_source/rom_selector.v
    Info (12023): Found entity 1: rom_selector
Info (12021): Found 1 design units, including 1 entities, in source file vpg_source/rom_pll_162.v
    Info (12023): Found entity 1: rom_pll_162
Info (12021): Found 1 design units, including 1 entities, in source file vpg_source/rom_pll_148.v
    Info (12023): Found entity 1: rom_pll_148
Info (12021): Found 1 design units, including 1 entities, in source file vpg_source/rom_pll_108.v
    Info (12023): Found entity 1: rom_pll_108
Info (12021): Found 1 design units, including 1 entities, in source file vpg_source/rom_pll_74.v
    Info (12023): Found entity 1: rom_pll_74
Info (12021): Found 1 design units, including 1 entities, in source file vpg_source/rom_pll_65.v
    Info (12023): Found entity 1: rom_pll_65
Info (12021): Found 1 design units, including 1 entities, in source file vpg_source/rom_pll_27.v
    Info (12023): Found entity 1: rom_pll_27
Info (12021): Found 1 design units, including 1 entities, in source file vpg_source/rom_pll_25.v
    Info (12023): Found entity 1: rom_pll_25
Info (12021): Found 2 design units, including 2 entities, in source file vpg_source/pll_reconfig.v
    Info (12023): Found entity 1: pll_reconfig_pllrcfg_dv21
    Info (12023): Found entity 2: pll_reconfig
Info (12021): Found 1 design units, including 1 entities, in source file vpg_source/pattern_gen.v
    Info (12023): Found entity 1: pattern_gen
Info (12021): Found 1 design units, including 1 entities, in source file vpg_source/gen_pll.v
    Info (12023): Found entity 1: gen_pll
Info (12021): Found 1 design units, including 1 entities, in source file write_edid.v
    Info (12023): Found entity 1: WRITE_EDID
Info (12021): Found 1 design units, including 1 entities, in source file cmv4000design.bdf
    Info (12023): Found entity 1: cmv4000design
Info (12021): Found 2 design units, including 1 entities, in source file rx.vhd
    Info (12022): Found design unit 1: RX-arch
    Info (12023): Found entity 1: RX
Info (12021): Found 2 design units, including 1 entities, in source file stored_mastertest.vhd
    Info (12022): Found design unit 1: Stored_Mastertest-arch
    Info (12023): Found entity 1: Stored_Mastertest
Info (12021): Found 2 design units, including 1 entities, in source file rx_multiplexer.vhd
    Info (12022): Found design unit 1: RX_Multiplexer-arch
    Info (12023): Found entity 1: RX_Multiplexer
Info (12021): Found 1 design units, including 1 entities, in source file de4_qsys/synthesis/de4_qsys.v
    Info (12023): Found entity 1: DE4_QSYS
Info (12021): Found 1 design units, including 1 entities, in source file de4_qsys/synthesis/submodules/altera_irq_clock_crosser.sv
    Info (12023): Found entity 1: altera_irq_clock_crosser
Info (12021): Found 1 design units, including 1 entities, in source file de4_qsys/synthesis/submodules/de4_qsys_irq_mapper.sv
    Info (12023): Found entity 1: DE4_QSYS_irq_mapper
Info (12021): Found 1 design units, including 1 entities, in source file de4_qsys/synthesis/submodules/altera_avalon_st_handshake_clock_crosser.v
    Info (12023): Found entity 1: altera_avalon_st_handshake_clock_crosser
Info (12021): Found 1 design units, including 1 entities, in source file de4_qsys/synthesis/submodules/altera_avalon_st_clock_crosser.v
    Info (12023): Found entity 1: altera_avalon_st_clock_crosser
Info (12021): Found 1 design units, including 1 entities, in source file de4_qsys/synthesis/submodules/altera_avalon_st_pipeline_base.v
    Info (12023): Found entity 1: altera_avalon_st_pipeline_base
Info (12021): Found 1 design units, including 1 entities, in source file de4_qsys/synthesis/submodules/altera_merlin_width_adapter.sv
    Info (12023): Found entity 1: altera_merlin_width_adapter
Info (12021): Found 1 design units, including 1 entities, in source file de4_qsys/synthesis/submodules/altera_merlin_burst_uncompressor.sv
    Info (12023): Found entity 1: altera_merlin_burst_uncompressor
Info (12021): Found 1 design units, including 1 entities, in source file de4_qsys/synthesis/submodules/altera_merlin_address_alignment.sv
    Info (12023): Found entity 1: altera_merlin_address_alignment
Info (12021): Found 2 design units, including 2 entities, in source file de4_qsys/synthesis/submodules/altera_merlin_arbitrator.sv
    Info (12023): Found entity 1: altera_merlin_arbitrator
    Info (12023): Found entity 2: altera_merlin_arb_adder
Info (12021): Found 1 design units, including 1 entities, in source file de4_qsys/synthesis/submodules/de4_qsys_rsp_xbar_mux_002.sv
    Info (12023): Found entity 1: DE4_QSYS_rsp_xbar_mux_002
Info (12021): Found 1 design units, including 1 entities, in source file de4_qsys/synthesis/submodules/de4_qsys_rsp_xbar_mux_001.sv
    Info (12023): Found entity 1: DE4_QSYS_rsp_xbar_mux_001
Info (12021): Found 1 design units, including 1 entities, in source file de4_qsys/synthesis/submodules/de4_qsys_rsp_xbar_mux.sv
    Info (12023): Found entity 1: DE4_QSYS_rsp_xbar_mux
Info (12021): Found 1 design units, including 1 entities, in source file de4_qsys/synthesis/submodules/de4_qsys_rsp_xbar_demux_009.sv
    Info (12023): Found entity 1: DE4_QSYS_rsp_xbar_demux_009
Info (12021): Found 1 design units, including 1 entities, in source file de4_qsys/synthesis/submodules/de4_qsys_rsp_xbar_demux.sv
    Info (12023): Found entity 1: DE4_QSYS_rsp_xbar_demux
Info (12021): Found 1 design units, including 1 entities, in source file de4_qsys/synthesis/submodules/de4_qsys_cmd_xbar_mux_009.sv
    Info (12023): Found entity 1: DE4_QSYS_cmd_xbar_mux_009
Info (12021): Found 1 design units, including 1 entities, in source file de4_qsys/synthesis/submodules/de4_qsys_cmd_xbar_mux.sv
    Info (12023): Found entity 1: DE4_QSYS_cmd_xbar_mux
Info (12021): Found 1 design units, including 1 entities, in source file de4_qsys/synthesis/submodules/de4_qsys_cmd_xbar_demux_004.sv
    Info (12023): Found entity 1: DE4_QSYS_cmd_xbar_demux_004
Info (12021): Found 1 design units, including 1 entities, in source file de4_qsys/synthesis/submodules/de4_qsys_cmd_xbar_demux_003.sv
    Info (12023): Found entity 1: DE4_QSYS_cmd_xbar_demux_003
Info (12021): Found 1 design units, including 1 entities, in source file de4_qsys/synthesis/submodules/de4_qsys_cmd_xbar_demux_002.sv
    Info (12023): Found entity 1: DE4_QSYS_cmd_xbar_demux_002
Info (12021): Found 1 design units, including 1 entities, in source file de4_qsys/synthesis/submodules/de4_qsys_cmd_xbar_demux_001.sv
    Info (12023): Found entity 1: DE4_QSYS_cmd_xbar_demux_001
Info (12021): Found 1 design units, including 1 entities, in source file de4_qsys/synthesis/submodules/de4_qsys_cmd_xbar_demux.sv
    Info (12023): Found entity 1: DE4_QSYS_cmd_xbar_demux
Info (12021): Found 1 design units, including 1 entities, in source file de4_qsys/synthesis/submodules/altera_reset_controller.v
    Info (12023): Found entity 1: altera_reset_controller
Info (12021): Found 1 design units, including 1 entities, in source file de4_qsys/synthesis/submodules/altera_reset_synchronizer.v
    Info (12023): Found entity 1: altera_reset_synchronizer
Info (12021): Found 7 design units, including 7 entities, in source file de4_qsys/synthesis/submodules/altera_merlin_burst_adapter.sv
    Info (12023): Found entity 1: altera_merlin_burst_adapter_burstwrap_increment
    Info (12023): Found entity 2: altera_merlin_burst_adapter_adder
    Info (12023): Found entity 3: altera_merlin_burst_adapter_subtractor
    Info (12023): Found entity 4: altera_merlin_burst_adapter_min
    Info (12023): Found entity 5: altera_merlin_burst_adapter
    Info (12023): Found entity 6: altera_merlin_burst_adapter_uncompressed_only
    Info (12023): Found entity 7: altera_merlin_burst_adapter_full
Info (12021): Found 1 design units, including 1 entities, in source file de4_qsys/synthesis/submodules/altera_merlin_traffic_limiter.sv
    Info (12023): Found entity 1: altera_merlin_traffic_limiter
Info (12021): Found 2 design units, including 2 entities, in source file de4_qsys/synthesis/submodules/de4_qsys_id_router_009.sv
    Info (12023): Found entity 1: DE4_QSYS_id_router_009_default_decode
    Info (12023): Found entity 2: DE4_QSYS_id_router_009
Info (12021): Found 2 design units, including 2 entities, in source file de4_qsys/synthesis/submodules/de4_qsys_id_router_004.sv
    Info (12023): Found entity 1: DE4_QSYS_id_router_004_default_decode
    Info (12023): Found entity 2: DE4_QSYS_id_router_004
Info (12021): Found 2 design units, including 2 entities, in source file de4_qsys/synthesis/submodules/de4_qsys_id_router_002.sv
    Info (12023): Found entity 1: DE4_QSYS_id_router_002_default_decode
    Info (12023): Found entity 2: DE4_QSYS_id_router_002
Info (12021): Found 2 design units, including 2 entities, in source file de4_qsys/synthesis/submodules/de4_qsys_id_router.sv
    Info (12023): Found entity 1: DE4_QSYS_id_router_default_decode
    Info (12023): Found entity 2: DE4_QSYS_id_router
Info (12021): Found 2 design units, including 2 entities, in source file de4_qsys/synthesis/submodules/de4_qsys_addr_router_004.sv
    Info (12023): Found entity 1: DE4_QSYS_addr_router_004_default_decode
    Info (12023): Found entity 2: DE4_QSYS_addr_router_004
Info (12021): Found 2 design units, including 2 entities, in source file de4_qsys/synthesis/submodules/de4_qsys_addr_router_003.sv
    Info (12023): Found entity 1: DE4_QSYS_addr_router_003_default_decode
    Info (12023): Found entity 2: DE4_QSYS_addr_router_003
Info (12021): Found 2 design units, including 2 entities, in source file de4_qsys/synthesis/submodules/de4_qsys_addr_router_002.sv
    Info (12023): Found entity 1: DE4_QSYS_addr_router_002_default_decode
    Info (12023): Found entity 2: DE4_QSYS_addr_router_002
Info (12021): Found 2 design units, including 2 entities, in source file de4_qsys/synthesis/submodules/de4_qsys_addr_router_001.sv
    Info (12023): Found entity 1: DE4_QSYS_addr_router_001_default_decode
    Info (12023): Found entity 2: DE4_QSYS_addr_router_001
Info (12021): Found 2 design units, including 2 entities, in source file de4_qsys/synthesis/submodules/de4_qsys_addr_router.sv
    Info (12023): Found entity 1: DE4_QSYS_addr_router_default_decode
    Info (12023): Found entity 2: DE4_QSYS_addr_router
Info (12021): Found 1 design units, including 1 entities, in source file de4_qsys/synthesis/submodules/altera_avalon_sc_fifo.v
    Info (12023): Found entity 1: altera_avalon_sc_fifo
Info (12021): Found 1 design units, including 1 entities, in source file de4_qsys/synthesis/submodules/altera_merlin_slave_agent.sv
    Info (12023): Found entity 1: altera_merlin_slave_agent
Info (12021): Found 1 design units, including 1 entities, in source file de4_qsys/synthesis/submodules/altera_merlin_master_agent.sv
    Info (12023): Found entity 1: altera_merlin_master_agent
Info (12021): Found 1 design units, including 1 entities, in source file de4_qsys/synthesis/submodules/altera_merlin_slave_translator.sv
    Info (12023): Found entity 1: altera_merlin_slave_translator
Info (12021): Found 1 design units, including 1 entities, in source file de4_qsys/synthesis/submodules/altera_merlin_master_translator.sv
    Info (12023): Found entity 1: altera_merlin_master_translator
Info (12021): Found 2 design units, including 1 entities, in source file de4_qsys/synthesis/submodules/dvi_master_interface.vhd
    Info (12022): Found design unit 1: dvi_master_interface-rtl
    Info (12023): Found entity 1: dvi_master_interface
Info (12021): Found 2 design units, including 1 entities, in source file de4_qsys/synthesis/submodules/cmv_master_interface.vhd
    Info (12022): Found design unit 1: cmv_master_interface-rtl
    Info (12023): Found entity 1: cmv_master_interface
Info (12021): Found 1 design units, including 1 entities, in source file de4_qsys/synthesis/submodules/de4_qsys_no_of_cam_channels.v
    Info (12023): Found entity 1: DE4_QSYS_no_of_cam_channels
Info (12021): Found 1 design units, including 1 entities, in source file de4_qsys/synthesis/submodules/de4_qsys_spi_2.v
    Info (12023): Found entity 1: DE4_QSYS_spi_2
Info (12021): Found 1 design units, including 1 entities, in source file de4_qsys/synthesis/submodules/altera_avalon_mm_clock_crossing_bridge.v
    Info (12023): Found entity 1: altera_avalon_mm_clock_crossing_bridge
Info (12021): Found 1 design units, including 1 entities, in source file de4_qsys/synthesis/submodules/altera_avalon_dc_fifo.v
    Info (12023): Found entity 1: altera_avalon_dc_fifo
Info (12021): Found 1 design units, including 1 entities, in source file de4_qsys/synthesis/submodules/altera_dcfifo_synchronizer_bundle.v
    Info (12023): Found entity 1: altera_dcfifo_synchronizer_bundle
Info (12021): Found 1 design units, including 1 entities, in source file de4_qsys/synthesis/submodules/de4_qsys_button.v
    Info (12023): Found entity 1: DE4_QSYS_button
Info (12021): Found 1 design units, including 1 entities, in source file de4_qsys/synthesis/submodules/de4_qsys_led.v
    Info (12023): Found entity 1: DE4_QSYS_led
Info (12021): Found 1 design units, including 1 entities, in source file de4_qsys/synthesis/submodules/de4_qsys_timer.v
    Info (12023): Found entity 1: DE4_QSYS_timer
Info (12021): Found 1 design units, including 1 entities, in source file de4_qsys/synthesis/submodules/de4_qsys_sysid.v
    Info (12023): Found entity 1: DE4_QSYS_sysid
Info (12021): Found 7 design units, including 7 entities, in source file de4_qsys/synthesis/submodules/de4_qsys_jtag_uart.v
    Info (12023): Found entity 1: DE4_QSYS_jtag_uart_log_module
    Info (12023): Found entity 2: DE4_QSYS_jtag_uart_sim_scfifo_w
    Info (12023): Found entity 3: DE4_QSYS_jtag_uart_scfifo_w
    Info (12023): Found entity 4: DE4_QSYS_jtag_uart_drom_module
    Info (12023): Found entity 5: DE4_QSYS_jtag_uart_sim_scfifo_r
    Info (12023): Found entity 6: DE4_QSYS_jtag_uart_scfifo_r
    Info (12023): Found entity 7: DE4_QSYS_jtag_uart
Info (12021): Found 28 design units, including 28 entities, in source file de4_qsys/synthesis/submodules/de4_qsys_nios2_qsys.v
    Info (12023): Found entity 1: DE4_QSYS_nios2_qsys_ic_data_module
    Info (12023): Found entity 2: DE4_QSYS_nios2_qsys_ic_tag_module
    Info (12023): Found entity 3: DE4_QSYS_nios2_qsys_bht_module
    Info (12023): Found entity 4: DE4_QSYS_nios2_qsys_register_bank_a_module
    Info (12023): Found entity 5: DE4_QSYS_nios2_qsys_register_bank_b_module
    Info (12023): Found entity 6: DE4_QSYS_nios2_qsys_dc_tag_module
    Info (12023): Found entity 7: DE4_QSYS_nios2_qsys_dc_data_module
    Info (12023): Found entity 8: DE4_QSYS_nios2_qsys_dc_victim_module
    Info (12023): Found entity 9: DE4_QSYS_nios2_qsys_nios2_oci_debug
    Info (12023): Found entity 10: DE4_QSYS_nios2_qsys_ociram_lpm_dram_bdp_component_module
    Info (12023): Found entity 11: DE4_QSYS_nios2_qsys_nios2_ocimem
    Info (12023): Found entity 12: DE4_QSYS_nios2_qsys_nios2_avalon_reg
    Info (12023): Found entity 13: DE4_QSYS_nios2_qsys_nios2_oci_break
    Info (12023): Found entity 14: DE4_QSYS_nios2_qsys_nios2_oci_xbrk
    Info (12023): Found entity 15: DE4_QSYS_nios2_qsys_nios2_oci_dbrk
    Info (12023): Found entity 16: DE4_QSYS_nios2_qsys_nios2_oci_itrace
    Info (12023): Found entity 17: DE4_QSYS_nios2_qsys_nios2_oci_td_mode
    Info (12023): Found entity 18: DE4_QSYS_nios2_qsys_nios2_oci_dtrace
    Info (12023): Found entity 19: DE4_QSYS_nios2_qsys_nios2_oci_compute_tm_count
    Info (12023): Found entity 20: DE4_QSYS_nios2_qsys_nios2_oci_fifowp_inc
    Info (12023): Found entity 21: DE4_QSYS_nios2_qsys_nios2_oci_fifocount_inc
    Info (12023): Found entity 22: DE4_QSYS_nios2_qsys_nios2_oci_fifo
    Info (12023): Found entity 23: DE4_QSYS_nios2_qsys_nios2_oci_pib
    Info (12023): Found entity 24: DE4_QSYS_nios2_qsys_traceram_lpm_dram_bdp_component_module
    Info (12023): Found entity 25: DE4_QSYS_nios2_qsys_nios2_oci_im
    Info (12023): Found entity 26: DE4_QSYS_nios2_qsys_nios2_performance_monitors
    Info (12023): Found entity 27: DE4_QSYS_nios2_qsys_nios2_oci
    Info (12023): Found entity 28: DE4_QSYS_nios2_qsys
Info (12021): Found 1 design units, including 1 entities, in source file de4_qsys/synthesis/submodules/de4_qsys_nios2_qsys_jtag_debug_module_sysclk.v
    Info (12023): Found entity 1: DE4_QSYS_nios2_qsys_jtag_debug_module_sysclk
Info (12021): Found 1 design units, including 1 entities, in source file de4_qsys/synthesis/submodules/de4_qsys_nios2_qsys_jtag_debug_module_tck.v
    Info (12023): Found entity 1: DE4_QSYS_nios2_qsys_jtag_debug_module_tck
Info (12021): Found 1 design units, including 1 entities, in source file de4_qsys/synthesis/submodules/de4_qsys_nios2_qsys_jtag_debug_module_wrapper.v
    Info (12023): Found entity 1: DE4_QSYS_nios2_qsys_jtag_debug_module_wrapper
Info (12021): Found 1 design units, including 1 entities, in source file de4_qsys/synthesis/submodules/de4_qsys_nios2_qsys_mult_cell.v
    Info (12023): Found entity 1: DE4_QSYS_nios2_qsys_mult_cell
Info (12021): Found 1 design units, including 1 entities, in source file de4_qsys/synthesis/submodules/de4_qsys_nios2_qsys_oci_test_bench.v
    Info (12023): Found entity 1: DE4_QSYS_nios2_qsys_oci_test_bench
Info (12021): Found 1 design units, including 1 entities, in source file de4_qsys/synthesis/submodules/de4_qsys_nios2_qsys_test_bench.v
    Info (12023): Found entity 1: DE4_QSYS_nios2_qsys_test_bench
Info (12021): Found 1 design units, including 1 entities, in source file de4_qsys/synthesis/submodules/de4_qsys_mem_if_ddr2_emif.v
    Info (12023): Found entity 1: DE4_QSYS_mem_if_ddr2_emif
Info (12021): Found 1 design units, including 1 entities, in source file de4_qsys/synthesis/submodules/altera_mem_if_dll_stratixiv.sv
    Info (12023): Found entity 1: altera_mem_if_dll_stratixiv
Info (12021): Found 1 design units, including 1 entities, in source file de4_qsys/synthesis/submodules/altera_mem_if_oct_stratixiv.sv
    Info (12023): Found entity 1: altera_mem_if_oct_stratixiv
Info (12021): Found 1 design units, including 1 entities, in source file de4_qsys/synthesis/submodules/de4_qsys_mem_if_ddr2_emif_c0.v
    Info (12023): Found entity 1: DE4_QSYS_mem_if_ddr2_emif_c0
Info (12021): Found 1 design units, including 1 entities, in source file de4_qsys/synthesis/submodules/alt_mem_ddrx_mm_st_converter.v
    Info (12023): Found entity 1: alt_mem_ddrx_mm_st_converter
Info (12021): Found 1 design units, including 1 entities, in source file de4_qsys/synthesis/submodules/alt_mem_ddrx_addr_cmd.v
    Info (12023): Found entity 1: alt_mem_ddrx_addr_cmd
Info (12021): Found 1 design units, including 1 entities, in source file de4_qsys/synthesis/submodules/alt_mem_ddrx_addr_cmd_wrap.v
    Info (12023): Found entity 1: alt_mem_ddrx_addr_cmd_wrap
Info (12021): Found 1 design units, including 1 entities, in source file de4_qsys/synthesis/submodules/alt_mem_ddrx_ddr2_odt_gen.v
    Info (12023): Found entity 1: alt_mem_ddrx_ddr2_odt_gen
Info (12021): Found 1 design units, including 1 entities, in source file de4_qsys/synthesis/submodules/alt_mem_ddrx_ddr3_odt_gen.v
    Info (12023): Found entity 1: alt_mem_ddrx_ddr3_odt_gen
Info (12021): Found 1 design units, including 1 entities, in source file de4_qsys/synthesis/submodules/alt_mem_ddrx_lpddr2_addr_cmd.v
    Info (12023): Found entity 1: alt_mem_ddrx_lpddr2_addr_cmd
Info (12021): Found 1 design units, including 1 entities, in source file de4_qsys/synthesis/submodules/alt_mem_ddrx_odt_gen.v
    Info (12023): Found entity 1: alt_mem_ddrx_odt_gen
Info (12021): Found 1 design units, including 1 entities, in source file de4_qsys/synthesis/submodules/alt_mem_ddrx_rdwr_data_tmg.v
    Info (12023): Found entity 1: alt_mem_ddrx_rdwr_data_tmg
Info (12021): Found 1 design units, including 1 entities, in source file de4_qsys/synthesis/submodules/alt_mem_ddrx_arbiter.v
    Info (12023): Found entity 1: alt_mem_ddrx_arbiter
Info (12021): Found 1 design units, including 1 entities, in source file de4_qsys/synthesis/submodules/alt_mem_ddrx_burst_gen.v
    Info (12023): Found entity 1: alt_mem_ddrx_burst_gen
Info (12021): Found 1 design units, including 1 entities, in source file de4_qsys/synthesis/submodules/alt_mem_ddrx_cmd_gen.v
    Info (12023): Found entity 1: alt_mem_ddrx_cmd_gen
Info (12021): Found 1 design units, including 1 entities, in source file de4_qsys/synthesis/submodules/alt_mem_ddrx_csr.v
    Info (12023): Found entity 1: alt_mem_ddrx_csr
Info (12021): Found 1 design units, including 1 entities, in source file de4_qsys/synthesis/submodules/alt_mem_ddrx_buffer.v
    Info (12023): Found entity 1: alt_mem_ddrx_buffer
Info (12021): Found 1 design units, including 1 entities, in source file de4_qsys/synthesis/submodules/alt_mem_ddrx_buffer_manager.v
    Info (12023): Found entity 1: alt_mem_ddrx_buffer_manager
Info (12021): Found 1 design units, including 1 entities, in source file de4_qsys/synthesis/submodules/alt_mem_ddrx_burst_tracking.v
    Info (12023): Found entity 1: alt_mem_ddrx_burst_tracking
Info (12021): Found 1 design units, including 1 entities, in source file de4_qsys/synthesis/submodules/alt_mem_ddrx_dataid_manager.v
    Info (12023): Found entity 1: alt_mem_ddrx_dataid_manager
Info (12021): Found 1 design units, including 1 entities, in source file de4_qsys/synthesis/submodules/alt_mem_ddrx_fifo.v
    Info (12023): Found entity 1: alt_mem_ddrx_fifo
Info (12021): Found 1 design units, including 1 entities, in source file de4_qsys/synthesis/submodules/alt_mem_ddrx_list.v
    Info (12023): Found entity 1: alt_mem_ddrx_list
Info (12021): Found 1 design units, including 1 entities, in source file de4_qsys/synthesis/submodules/alt_mem_ddrx_rdata_path.v
    Info (12023): Found entity 1: alt_mem_ddrx_rdata_path
Info (12021): Found 1 design units, including 1 entities, in source file de4_qsys/synthesis/submodules/alt_mem_ddrx_wdata_path.v
    Info (12023): Found entity 1: alt_mem_ddrx_wdata_path
Info (12021): Found 1 design units, including 1 entities, in source file de4_qsys/synthesis/submodules/alt_mem_ddrx_ecc_decoder.v
    Info (12023): Found entity 1: alt_mem_ddrx_ecc_decoder
Info (12021): Found 3 design units, including 3 entities, in source file de4_qsys/synthesis/submodules/alt_mem_ddrx_ecc_decoder_32_syn.v
    Info (12023): Found entity 1: alt_mem_ddrx_ecc_decoder_32_decode
    Info (12023): Found entity 2: alt_mem_ddrx_ecc_decoder_32_altecc_decoder
    Info (12023): Found entity 3: alt_mem_ddrx_ecc_decoder_32
Info (12021): Found 3 design units, including 3 entities, in source file de4_qsys/synthesis/submodules/alt_mem_ddrx_ecc_decoder_64_syn.v
    Info (12023): Found entity 1: alt_mem_ddrx_ecc_decoder_64_decode
    Info (12023): Found entity 2: alt_mem_ddrx_ecc_decoder_64_altecc_decoder
    Info (12023): Found entity 3: alt_mem_ddrx_ecc_decoder_64
Info (12021): Found 1 design units, including 1 entities, in source file de4_qsys/synthesis/submodules/alt_mem_ddrx_ecc_encoder.v
    Info (12023): Found entity 1: alt_mem_ddrx_ecc_encoder
Info (12021): Found 2 design units, including 2 entities, in source file de4_qsys/synthesis/submodules/alt_mem_ddrx_ecc_encoder_32_syn.v
    Info (12023): Found entity 1: alt_mem_ddrx_ecc_encoder_32_altecc_encoder
    Info (12023): Found entity 2: alt_mem_ddrx_ecc_encoder_32
Info (12021): Found 2 design units, including 2 entities, in source file de4_qsys/synthesis/submodules/alt_mem_ddrx_ecc_encoder_64_syn.v
    Info (12023): Found entity 1: alt_mem_ddrx_ecc_encoder_64_altecc_encoder
    Info (12023): Found entity 2: alt_mem_ddrx_ecc_encoder_64
Info (12021): Found 1 design units, including 1 entities, in source file de4_qsys/synthesis/submodules/alt_mem_ddrx_ecc_encoder_decoder_wrapper.v
    Info (12023): Found entity 1: alt_mem_ddrx_ecc_encoder_decoder_wrapper
Info (12021): Found 1 design units, including 1 entities, in source file de4_qsys/synthesis/submodules/alt_mem_ddrx_axi_st_converter.v
    Info (12023): Found entity 1: alt_mem_ddrx_axi_st_converter
Info (12021): Found 1 design units, including 1 entities, in source file de4_qsys/synthesis/submodules/alt_mem_ddrx_input_if.v
    Info (12023): Found entity 1: alt_mem_ddrx_input_if
Info (12021): Found 1 design units, including 1 entities, in source file de4_qsys/synthesis/submodules/alt_mem_ddrx_rank_timer.v
    Info (12023): Found entity 1: alt_mem_ddrx_rank_timer
Info (12021): Found 1 design units, including 1 entities, in source file de4_qsys/synthesis/submodules/alt_mem_ddrx_sideband.v
    Info (12023): Found entity 1: alt_mem_ddrx_sideband
Info (12021): Found 1 design units, including 1 entities, in source file de4_qsys/synthesis/submodules/alt_mem_ddrx_tbp.v
    Info (12023): Found entity 1: alt_mem_ddrx_tbp
Info (12021): Found 1 design units, including 1 entities, in source file de4_qsys/synthesis/submodules/alt_mem_ddrx_timing_param.v
    Info (12023): Found entity 1: alt_mem_ddrx_timing_param
Info (12021): Found 1 design units, including 1 entities, in source file de4_qsys/synthesis/submodules/alt_mem_ddrx_controller.v
    Info (12023): Found entity 1: alt_mem_ddrx_controller
Info (12021): Found 1 design units, including 1 entities, in source file de4_qsys/synthesis/submodules/alt_mem_ddrx_controller_st_top.v
    Info (12023): Found entity 1: alt_mem_ddrx_controller_st_top
Info (12021): Found 1 design units, including 1 entities, in source file de4_qsys/synthesis/submodules/alt_mem_if_nextgen_ddr2_controller_core.sv
    Info (12023): Found entity 1: alt_mem_if_nextgen_ddr2_controller_core
Info (12021): Found 1 design units, including 1 entities, in source file de4_qsys/synthesis/submodules/de4_qsys_mem_if_ddr2_emif_s0.v
    Info (12023): Found entity 1: DE4_QSYS_mem_if_ddr2_emif_s0
Info (12021): Found 3 design units, including 3 entities, in source file de4_qsys/synthesis/submodules/altera_mem_if_sequencer_cpu_no_ifdef_params_synth_cpu_inst.v
    Info (12023): Found entity 1: altera_mem_if_sequencer_cpu_no_ifdef_params_synth_cpu_inst_register_bank_a_module
    Info (12023): Found entity 2: altera_mem_if_sequencer_cpu_no_ifdef_params_synth_cpu_inst_register_bank_b_module
    Info (12023): Found entity 3: altera_mem_if_sequencer_cpu_no_ifdef_params_synth_cpu_inst
Info (12021): Found 1 design units, including 1 entities, in source file de4_qsys/synthesis/submodules/altera_mem_if_sequencer_cpu_no_ifdef_params_synth_cpu_inst_test_bench.v
    Info (12023): Found entity 1: altera_mem_if_sequencer_cpu_no_ifdef_params_synth_cpu_inst_test_bench
Info (12021): Found 1 design units, including 1 entities, in source file de4_qsys/synthesis/submodules/altera_mem_if_sequencer_mem_no_ifdef_params.sv
    Info (12023): Found entity 1: altera_mem_if_sequencer_mem_no_ifdef_params
Info (12021): Found 2 design units, including 2 entities, in source file de4_qsys/synthesis/submodules/de4_qsys_mem_if_ddr2_emif_s0_addr_router.sv
    Info (12023): Found entity 1: DE4_QSYS_mem_if_ddr2_emif_s0_addr_router_default_decode
    Info (12023): Found entity 2: DE4_QSYS_mem_if_ddr2_emif_s0_addr_router
Info (12021): Found 2 design units, including 2 entities, in source file de4_qsys/synthesis/submodules/de4_qsys_mem_if_ddr2_emif_s0_addr_router_001.sv
    Info (12023): Found entity 1: DE4_QSYS_mem_if_ddr2_emif_s0_addr_router_001_default_decode
    Info (12023): Found entity 2: DE4_QSYS_mem_if_ddr2_emif_s0_addr_router_001
Info (12021): Found 1 design units, including 1 entities, in source file de4_qsys/synthesis/submodules/de4_qsys_mem_if_ddr2_emif_s0_cmd_xbar_demux.sv
    Info (12023): Found entity 1: DE4_QSYS_mem_if_ddr2_emif_s0_cmd_xbar_demux
Info (12021): Found 1 design units, including 1 entities, in source file de4_qsys/synthesis/submodules/de4_qsys_mem_if_ddr2_emif_s0_cmd_xbar_demux_001.sv
    Info (12023): Found entity 1: DE4_QSYS_mem_if_ddr2_emif_s0_cmd_xbar_demux_001
Info (12021): Found 1 design units, including 1 entities, in source file de4_qsys/synthesis/submodules/de4_qsys_mem_if_ddr2_emif_s0_cmd_xbar_mux_003.sv
    Info (12023): Found entity 1: DE4_QSYS_mem_if_ddr2_emif_s0_cmd_xbar_mux_003
Info (12021): Found 2 design units, including 2 entities, in source file de4_qsys/synthesis/submodules/de4_qsys_mem_if_ddr2_emif_s0_id_router.sv
    Info (12023): Found entity 1: DE4_QSYS_mem_if_ddr2_emif_s0_id_router_default_decode
    Info (12023): Found entity 2: DE4_QSYS_mem_if_ddr2_emif_s0_id_router
Info (12021): Found 2 design units, including 2 entities, in source file de4_qsys/synthesis/submodules/de4_qsys_mem_if_ddr2_emif_s0_id_router_003.sv
    Info (12023): Found entity 1: DE4_QSYS_mem_if_ddr2_emif_s0_id_router_003_default_decode
    Info (12023): Found entity 2: DE4_QSYS_mem_if_ddr2_emif_s0_id_router_003
Info (12021): Found 1 design units, including 1 entities, in source file de4_qsys/synthesis/submodules/de4_qsys_mem_if_ddr2_emif_s0_irq_mapper.sv
    Info (12023): Found entity 1: DE4_QSYS_mem_if_ddr2_emif_s0_irq_mapper
Info (12021): Found 1 design units, including 1 entities, in source file de4_qsys/synthesis/submodules/de4_qsys_mem_if_ddr2_emif_s0_rsp_xbar_demux_003.sv
    Info (12023): Found entity 1: DE4_QSYS_mem_if_ddr2_emif_s0_rsp_xbar_demux_003
Info (12021): Found 1 design units, including 1 entities, in source file de4_qsys/synthesis/submodules/de4_qsys_mem_if_ddr2_emif_s0_rsp_xbar_mux.sv
    Info (12023): Found entity 1: DE4_QSYS_mem_if_ddr2_emif_s0_rsp_xbar_mux
Info (12021): Found 1 design units, including 1 entities, in source file de4_qsys/synthesis/submodules/rw_manager_ac_rom_no_ifdef_params.v
    Info (12023): Found entity 1: rw_manager_ac_ROM_no_ifdef_params
Info (12021): Found 1 design units, including 1 entities, in source file de4_qsys/synthesis/submodules/rw_manager_ac_rom_reg.v
    Info (12023): Found entity 1: rw_manager_ac_ROM_reg
Info (12021): Found 1 design units, including 1 entities, in source file de4_qsys/synthesis/submodules/rw_manager_bitcheck.v
    Info (12023): Found entity 1: rw_manager_bitcheck
Info (12021): Found 1 design units, including 1 entities, in source file de4_qsys/synthesis/submodules/rw_manager_core.sv
    Info (12023): Found entity 1: rw_manager_core
Info (12021): Found 1 design units, including 1 entities, in source file de4_qsys/synthesis/submodules/rw_manager_datamux.v
    Info (12023): Found entity 1: rw_manager_datamux
Info (12021): Found 1 design units, including 1 entities, in source file de4_qsys/synthesis/submodules/rw_manager_data_broadcast.v
    Info (12023): Found entity 1: rw_manager_data_broadcast
Info (12021): Found 1 design units, including 1 entities, in source file de4_qsys/synthesis/submodules/rw_manager_data_decoder.v
    Info (12023): Found entity 1: rw_manager_data_decoder
Info (12021): Found 1 design units, including 1 entities, in source file de4_qsys/synthesis/submodules/rw_manager_ddr2.v
    Info (12023): Found entity 1: rw_manager_ddr2
Info (12021): Found 1 design units, including 1 entities, in source file de4_qsys/synthesis/submodules/rw_manager_di_buffer.v
    Info (12023): Found entity 1: rw_manager_di_buffer
Info (12021): Found 1 design units, including 1 entities, in source file de4_qsys/synthesis/submodules/rw_manager_di_buffer_wrap.v
    Info (12023): Found entity 1: rw_manager_di_buffer_wrap
Info (12021): Found 1 design units, including 1 entities, in source file de4_qsys/synthesis/submodules/rw_manager_dm_decoder.v
    Info (12023): Found entity 1: rw_manager_dm_decoder
Info (12021): Found 1 design units, including 1 entities, in source file de4_qsys/synthesis/submodules/rw_manager_generic.sv
    Info (12023): Found entity 1: rw_manager_generic
Info (12021): Found 1 design units, including 1 entities, in source file de4_qsys/synthesis/submodules/rw_manager_inst_rom_no_ifdef_params.v
    Info (12023): Found entity 1: rw_manager_inst_ROM_no_ifdef_params
Info (12021): Found 1 design units, including 1 entities, in source file de4_qsys/synthesis/submodules/rw_manager_inst_rom_reg.v
    Info (12023): Found entity 1: rw_manager_inst_ROM_reg
Info (12021): Found 1 design units, including 1 entities, in source file de4_qsys/synthesis/submodules/rw_manager_jumplogic.v
    Info (12023): Found entity 1: rw_manager_jumplogic
Info (12021): Found 1 design units, including 1 entities, in source file de4_qsys/synthesis/submodules/rw_manager_lfsr12.v
    Info (12023): Found entity 1: rw_manager_lfsr12
Info (12021): Found 1 design units, including 1 entities, in source file de4_qsys/synthesis/submodules/rw_manager_lfsr36.v
    Info (12023): Found entity 1: rw_manager_lfsr36
Info (12021): Found 1 design units, including 1 entities, in source file de4_qsys/synthesis/submodules/rw_manager_lfsr72.v
    Info (12023): Found entity 1: rw_manager_lfsr72
Info (12021): Found 1 design units, including 1 entities, in source file de4_qsys/synthesis/submodules/rw_manager_pattern_fifo.v
    Info (12023): Found entity 1: rw_manager_pattern_fifo
Info (12021): Found 1 design units, including 1 entities, in source file de4_qsys/synthesis/submodules/rw_manager_ram.v
    Info (12023): Found entity 1: rw_manager_ram
Info (12021): Found 1 design units, including 1 entities, in source file de4_qsys/synthesis/submodules/rw_manager_ram_csr.v
    Info (12023): Found entity 1: rw_manager_ram_csr
Info (12021): Found 1 design units, including 1 entities, in source file de4_qsys/synthesis/submodules/rw_manager_read_datapath.v
    Info (12023): Found entity 1: rw_manager_read_datapath
Info (12021): Found 1 design units, including 1 entities, in source file de4_qsys/synthesis/submodules/rw_manager_write_decoder.v
    Info (12023): Found entity 1: rw_manager_write_decoder
Info (12021): Found 1 design units, including 1 entities, in source file de4_qsys/synthesis/submodules/sequencer_data_mgr.sv
    Info (12023): Found entity 1: sequencer_data_mgr
Info (12021): Found 1 design units, including 1 entities, in source file de4_qsys/synthesis/submodules/sequencer_phy_mgr.sv
    Info (12023): Found entity 1: sequencer_phy_mgr
Info (12021): Found 1 design units, including 1 entities, in source file de4_qsys/synthesis/submodules/sequencer_reg_file.sv
    Info (12023): Found entity 1: sequencer_reg_file
Info (12021): Found 1 design units, including 1 entities, in source file de4_qsys/synthesis/submodules/sequencer_scc_acv_phase_decode.v
    Info (12023): Found entity 1: sequencer_scc_acv_phase_decode
Info (12021): Found 1 design units, including 1 entities, in source file de4_qsys/synthesis/submodules/sequencer_scc_acv_wrapper.sv
    Info (12023): Found entity 1: sequencer_scc_acv_wrapper
Info (12021): Found 1 design units, including 1 entities, in source file de4_qsys/synthesis/submodules/sequencer_scc_mgr.sv
    Info (12023): Found entity 1: sequencer_scc_mgr
Info (12021): Found 1 design units, including 1 entities, in source file de4_qsys/synthesis/submodules/sequencer_scc_reg_file.v
    Info (12023): Found entity 1: sequencer_scc_reg_file
Info (12021): Found 1 design units, including 1 entities, in source file de4_qsys/synthesis/submodules/sequencer_scc_siii_phase_decode.v
    Info (12023): Found entity 1: sequencer_scc_siii_phase_decode
Info (12021): Found 1 design units, including 1 entities, in source file de4_qsys/synthesis/submodules/sequencer_scc_siii_wrapper.sv
    Info (12023): Found entity 1: sequencer_scc_siii_wrapper
Info (12021): Found 1 design units, including 1 entities, in source file de4_qsys/synthesis/submodules/sequencer_scc_sv_phase_decode.v
    Info (12023): Found entity 1: sequencer_scc_sv_phase_decode
Info (12021): Found 1 design units, including 1 entities, in source file de4_qsys/synthesis/submodules/sequencer_scc_sv_wrapper.sv
    Info (12023): Found entity 1: sequencer_scc_sv_wrapper
Info (12021): Found 1 design units, including 1 entities, in source file de4_qsys/synthesis/submodules/afi_mux_ddrx.v
    Info (12023): Found entity 1: afi_mux_ddrx
Info (12021): Found 1 design units, including 1 entities, in source file de4_qsys/synthesis/submodules/de4_qsys_mem_if_ddr2_emif_p0_clock_pair_generator.v
    Info (12023): Found entity 1: DE4_QSYS_mem_if_ddr2_emif_p0_clock_pair_generator
Info (12021): Found 1 design units, including 1 entities, in source file de4_qsys/synthesis/submodules/de4_qsys_mem_if_ddr2_emif_p0_read_valid_selector.v
    Info (12023): Found entity 1: DE4_QSYS_mem_if_ddr2_emif_p0_read_valid_selector
Info (12021): Found 1 design units, including 1 entities, in source file de4_qsys/synthesis/submodules/de4_qsys_mem_if_ddr2_emif_p0_addr_cmd_datapath.v
    Info (12023): Found entity 1: DE4_QSYS_mem_if_ddr2_emif_p0_addr_cmd_datapath
Info (12021): Found 1 design units, including 1 entities, in source file de4_qsys/synthesis/submodules/de4_qsys_mem_if_ddr2_emif_p0_reset.v
    Info (12023): Found entity 1: DE4_QSYS_mem_if_ddr2_emif_p0_reset
Info (12021): Found 1 design units, including 1 entities, in source file de4_qsys/synthesis/submodules/de4_qsys_mem_if_ddr2_emif_p0_memphy.sv
    Info (12023): Found entity 1: DE4_QSYS_mem_if_ddr2_emif_p0_memphy
Info (12021): Found 1 design units, including 1 entities, in source file de4_qsys/synthesis/submodules/de4_qsys_mem_if_ddr2_emif_p0_reset_sync.v
    Info (12023): Found entity 1: DE4_QSYS_mem_if_ddr2_emif_p0_reset_sync
Info (12021): Found 1 design units, including 1 entities, in source file de4_qsys/synthesis/submodules/de4_qsys_mem_if_ddr2_emif_p0_new_io_pads.v
    Info (12023): Found entity 1: DE4_QSYS_mem_if_ddr2_emif_p0_new_io_pads
Info (12021): Found 1 design units, including 1 entities, in source file de4_qsys/synthesis/submodules/de4_qsys_mem_if_ddr2_emif_p0_fr_cycle_shifter.v
    Info (12023): Found entity 1: DE4_QSYS_mem_if_ddr2_emif_p0_fr_cycle_shifter
Info (12021): Found 1 design units, including 1 entities, in source file de4_qsys/synthesis/submodules/de4_qsys_mem_if_ddr2_emif_p0_fr_cycle_extender.v
    Info (12023): Found entity 1: DE4_QSYS_mem_if_ddr2_emif_p0_fr_cycle_extender
Info (12021): Found 1 design units, including 1 entities, in source file de4_qsys/synthesis/submodules/de4_qsys_mem_if_ddr2_emif_p0_read_datapath.sv
    Info (12023): Found entity 1: DE4_QSYS_mem_if_ddr2_emif_p0_read_datapath
Info (12021): Found 1 design units, including 1 entities, in source file de4_qsys/synthesis/submodules/de4_qsys_mem_if_ddr2_emif_p0_write_datapath.v
    Info (12023): Found entity 1: DE4_QSYS_mem_if_ddr2_emif_p0_write_datapath
Info (12021): Found 1 design units, including 1 entities, in source file de4_qsys/synthesis/submodules/de4_qsys_mem_if_ddr2_emif_p0_simple_ddio_out.sv
    Info (12023): Found entity 1: DE4_QSYS_mem_if_ddr2_emif_p0_simple_ddio_out
Info (12021): Found 1 design units, including 1 entities, in source file de4_qsys/synthesis/submodules/de4_qsys_mem_if_ddr2_emif_p0_phy_csr.sv
    Info (12023): Found entity 1: DE4_QSYS_mem_if_ddr2_emif_p0_phy_csr
Info (12021): Found 1 design units, including 1 entities, in source file de4_qsys/synthesis/submodules/de4_qsys_mem_if_ddr2_emif_p0_iss_probe.v
    Info (12023): Found entity 1: DE4_QSYS_mem_if_ddr2_emif_p0_iss_probe
Info (12021): Found 1 design units, including 1 entities, in source file de4_qsys/synthesis/submodules/de4_qsys_mem_if_ddr2_emif_p0_addr_cmd_pads.v
    Info (12023): Found entity 1: DE4_QSYS_mem_if_ddr2_emif_p0_addr_cmd_pads
Info (12021): Found 1 design units, including 1 entities, in source file de4_qsys/synthesis/submodules/de4_qsys_mem_if_ddr2_emif_p0_flop_mem.v
    Info (12023): Found entity 1: DE4_QSYS_mem_if_ddr2_emif_p0_flop_mem
Info (12021): Found 1 design units, including 1 entities, in source file de4_qsys/synthesis/submodules/de4_qsys_mem_if_ddr2_emif_p0.sv
    Info (12023): Found entity 1: DE4_QSYS_mem_if_ddr2_emif_p0
Info (12021): Found 1 design units, including 1 entities, in source file de4_qsys/synthesis/submodules/de4_qsys_mem_if_ddr2_emif_p0_altdqdqs.v
    Info (12023): Found entity 1: DE4_QSYS_mem_if_ddr2_emif_p0_altdqdqs
Info (12021): Found 1 design units, including 1 entities, in source file de4_qsys/synthesis/submodules/altdq_dqs2_ddio_3reg_stratixiv.sv
    Info (12023): Found entity 1: altdq_dqs2_ddio_3reg_stratixiv
Info (12021): Found 1 design units, including 1 entities, in source file de4_qsys/synthesis/submodules/de4_qsys_mem_if_ddr2_emif_pll0.sv
    Info (12023): Found entity 1: DE4_QSYS_mem_if_ddr2_emif_pll0
Info (12021): Found 1 design units, including 1 entities, in source file de4_qsys/synthesis/submodules/de4_qsys_onchip_memory.v
    Info (12023): Found entity 1: DE4_QSYS_onchip_memory
Info (12021): Found 2 design units, including 1 entities, in source file pll.vhd
    Info (12022): Found design unit 1: pll-SYN
    Info (12023): Found entity 1: pll
Info (12021): Found 2 design units, including 1 entities, in source file storage.vhd
    Info (12022): Found design unit 1: storage-SYN
    Info (12023): Found entity 1: storage
Info (12021): Found 2 design units, including 1 entities, in source file fifo.vhd
    Info (12022): Found design unit 1: fifo-SYN
    Info (12023): Found entity 1: fifo
Info (12021): Found 2 design units, including 1 entities, in source file fifocamera.vhd
    Info (12022): Found design unit 1: fifocamera-SYN
    Info (12023): Found entity 1: fifocamera
Info (12021): Found 2 design units, including 1 entities, in source file pllcamera.vhd
    Info (12022): Found design unit 1: pllcamera-SYN
    Info (12023): Found entity 1: pllcamera
Info (12021): Found 2 design units, including 1 entities, in source file cmv_ram_fifo.vhd
    Info (12022): Found design unit 1: cmv_ram_fifo-SYN
    Info (12023): Found entity 1: cmv_ram_fifo
Info (12021): Found 2 design units, including 1 entities, in source file ram_dvi_fifo.vhd
    Info (12022): Found design unit 1: ram_dvi_fifo-SYN
    Info (12023): Found entity 1: ram_dvi_fifo
Warning (10037): Verilog HDL or VHDL warning at DE4_QSYS_nios2_qsys.v(2066): conditional expression evaluates to a constant
Warning (10037): Verilog HDL or VHDL warning at DE4_QSYS_nios2_qsys.v(2068): conditional expression evaluates to a constant
Warning (10037): Verilog HDL or VHDL warning at DE4_QSYS_nios2_qsys.v(2224): conditional expression evaluates to a constant
Warning (10037): Verilog HDL or VHDL warning at DE4_QSYS_nios2_qsys.v(3143): conditional expression evaluates to a constant
Warning (10037): Verilog HDL or VHDL warning at DE4_QSYS_spi_2.v(401): conditional expression evaluates to a constant
Info (12127): Elaborating entity "cmv4000design" for the top level hierarchy
Error (275024): Width mismatch in port "cmv_master_DataInxDI[79..0]" of instance "inst" and type DE4_QSYS -- source is ""pixelData[159..0]""
Error (12153): Can't elaborate top-level user hierarchy
Info (144001): Generated suppressed messages file C:/semester_thesis_zeltnerj/DE4_DDR2_UniPHY_zeltnerj/DE4_DDR2.map.smsg
Error: Quartus II 32-bit Analysis & Synthesis was unsuccessful. 2 errors, 6 warnings
    Error: Peak virtual memory: 454 megabytes
    Error: Processing ended: Mon May 13 16:00:29 2013
    Error: Elapsed time: 00:00:09
    Error: Total CPU time (on all processors): 00:00:07


+------------------------------------------+
; Analysis & Synthesis Suppressed Messages ;
+------------------------------------------+
The suppressed messages can be found in C:/semester_thesis_zeltnerj/DE4_DDR2_UniPHY_zeltnerj/DE4_DDR2.map.smsg.


