------------------------------------------------------------
TimeQuest Timing Analyzer Summary
------------------------------------------------------------

Type  : Slow 900mV 85C Model Setup 'inst|mem_if_ddr2_emif|pll0|upll_memphy|auto_generated|pll1|clk[0]'
Slack : -2.924
TNS   : -1821.605

Type  : Slow 900mV 85C Model Setup 'inst7|ALTLVDS_RX_component|auto_generated|pll|clk[2]'
Slack : -1.382
TNS   : -35.093

Type  : Slow 900mV 85C Model Setup 'inst8|gen_pll_inst|altpll_component|auto_generated|pll1|clk[0]'
Slack : -1.141
TNS   : -53.437

Type  : Slow 900mV 85C Model Setup 'M1_DDR2_clk[0]'
Slack : 0.086
TNS   : 0.000

Type  : Slow 900mV 85C Model Setup 'M1_DDR2_clk[1]'
Slack : 0.099
TNS   : 0.000

Type  : Slow 900mV 85C Model Setup 'inst|mem_if_ddr2_emif|pll0|upll_memphy|auto_generated|pll1|clk[3]'
Slack : 0.727
TNS   : 0.000

Type  : Slow 900mV 85C Model Setup 'inst|mem_if_ddr2_emif|pll0|upll_memphy|auto_generated|pll1|clk[2]'
Slack : 1.000
TNS   : 0.000

Type  : Slow 900mV 85C Model Setup 'inst|mem_if_ddr2_emif|DE4_QSYS_mem_if_ddr2_emif_p0_leveling_clk'
Slack : 1.691
TNS   : 0.000

Type  : Slow 900mV 85C Model Setup 'inst|mem_if_ddr2_emif|pll0|upll_memphy|auto_generated|pll1|clk[5]'
Slack : 2.228
TNS   : 0.000

Type  : Slow 900mV 85C Model Setup 'clk100'
Slack : 2.754
TNS   : 0.000

Type  : Slow 900mV 85C Model Setup 'inst|mem_if_ddr2_emif|pll0|upll_memphy|auto_generated|pll1|clk[6]'
Slack : 5.656
TNS   : 0.000

Type  : Slow 900mV 85C Model Setup 'inst3|altpll_component|auto_generated|pll1|clk[3]'
Slack : 11.453
TNS   : 0.000

Type  : Slow 900mV 85C Model Setup 'altera_reserved_tck'
Slack : 47.729
TNS   : 0.000

Type  : Slow 900mV 85C Model Setup 'inst3|altpll_component|auto_generated|pll1|clk[2]'
Slack : 9994.757
TNS   : 0.000

Type  : Slow 900mV 85C Model Hold 'inst7|ALTLVDS_RX_component|auto_generated|pll|clk[2]'
Slack : -0.994
TNS   : -2.791

Type  : Slow 900mV 85C Model Hold 'inst8|gen_pll_inst|altpll_component|auto_generated|pll1|clk[0]'
Slack : -0.426
TNS   : -0.426

Type  : Slow 900mV 85C Model Hold 'inst|mem_if_ddr2_emif|DE4_QSYS_mem_if_ddr2_emif_p0_leveling_clk'
Slack : 0.085
TNS   : 0.000

Type  : Slow 900mV 85C Model Hold 'inst3|altpll_component|auto_generated|pll1|clk[3]'
Slack : 0.204
TNS   : 0.000

Type  : Slow 900mV 85C Model Hold 'inst|mem_if_ddr2_emif|pll0|upll_memphy|auto_generated|pll1|clk[0]'
Slack : 0.207
TNS   : 0.000

Type  : Slow 900mV 85C Model Hold 'inst|mem_if_ddr2_emif|pll0|upll_memphy|auto_generated|pll1|clk[6]'
Slack : 0.232
TNS   : 0.000

Type  : Slow 900mV 85C Model Hold 'inst|mem_if_ddr2_emif|pll0|upll_memphy|auto_generated|pll1|clk[3]'
Slack : 0.235
TNS   : 0.000

Type  : Slow 900mV 85C Model Hold 'inst|mem_if_ddr2_emif|pll0|upll_memphy|auto_generated|pll1|clk[5]'
Slack : 0.238
TNS   : 0.000

Type  : Slow 900mV 85C Model Hold 'clk100'
Slack : 0.265
TNS   : 0.000

Type  : Slow 900mV 85C Model Hold 'altera_reserved_tck'
Slack : 0.307
TNS   : 0.000

Type  : Slow 900mV 85C Model Hold 'inst3|altpll_component|auto_generated|pll1|clk[2]'
Slack : 0.325
TNS   : 0.000

Type  : Slow 900mV 85C Model Hold 'M1_DDR2_clk[1]'
Slack : 0.671
TNS   : 0.000

Type  : Slow 900mV 85C Model Hold 'M1_DDR2_clk[0]'
Slack : 0.685
TNS   : 0.000

Type  : Slow 900mV 85C Model Hold 'inst|mem_if_ddr2_emif|pll0|upll_memphy|auto_generated|pll1|clk[2]'
Slack : 1.036
TNS   : 0.000

Type  : Slow 900mV 85C Model Recovery 'inst|mem_if_ddr2_emif|pll0|upll_memphy|auto_generated|pll1|clk[0]'
Slack : -4.924
TNS   : -2175.919

Type  : Slow 900mV 85C Model Recovery 'inst7|ALTLVDS_RX_component|auto_generated|pll|clk[2]'
Slack : -4.546
TNS   : -7.513

Type  : Slow 900mV 85C Model Recovery 'inst8|gen_pll_inst|altpll_component|auto_generated|pll1|clk[0]'
Slack : -3.845
TNS   : -199.279

Type  : Slow 900mV 85C Model Recovery 'inst|mem_if_ddr2_emif|pll0|upll_memphy|auto_generated|pll1|clk[3]'
Slack : 2.647
TNS   : 0.000

Type  : Slow 900mV 85C Model Recovery 'inst|mem_if_ddr2_emif|pll0|upll_memphy|auto_generated|pll1|clk[5]'
Slack : 4.348
TNS   : 0.000

Type  : Slow 900mV 85C Model Recovery 'inst3|altpll_component|auto_generated|pll1|clk[3]'
Slack : 17.016
TNS   : 0.000

Type  : Slow 900mV 85C Model Recovery 'inst|mem_if_ddr2_emif|pll0|upll_memphy|auto_generated|pll1|clk[6]'
Slack : 38.183
TNS   : 0.000

Type  : Slow 900mV 85C Model Recovery 'altera_reserved_tck'
Slack : 48.619
TNS   : 0.000

Type  : Slow 900mV 85C Model Removal 'inst7|ALTLVDS_RX_component|auto_generated|pll|clk[2]'
Slack : -0.906
TNS   : -18.951

Type  : Slow 900mV 85C Model Removal 'inst8|gen_pll_inst|altpll_component|auto_generated|pll1|clk[0]'
Slack : 0.304
TNS   : 0.000

Type  : Slow 900mV 85C Model Removal 'inst|mem_if_ddr2_emif|pll0|upll_memphy|auto_generated|pll1|clk[0]'
Slack : 0.457
TNS   : 0.000

Type  : Slow 900mV 85C Model Removal 'altera_reserved_tck'
Slack : 0.566
TNS   : 0.000

Type  : Slow 900mV 85C Model Removal 'inst|mem_if_ddr2_emif|pll0|upll_memphy|auto_generated|pll1|clk[6]'
Slack : 0.720
TNS   : 0.000

Type  : Slow 900mV 85C Model Removal 'inst|mem_if_ddr2_emif|pll0|upll_memphy|auto_generated|pll1|clk[3]'
Slack : 0.788
TNS   : 0.000

Type  : Slow 900mV 85C Model Removal 'inst3|altpll_component|auto_generated|pll1|clk[3]'
Slack : 2.249
TNS   : 0.000

Type  : Slow 900mV 85C Model Removal 'inst|mem_if_ddr2_emif|pll0|upll_memphy|auto_generated|pll1|clk[5]'
Slack : 4.659
TNS   : 0.000

Type  : Slow 900mV 85C Model Minimum Pulse Width 'clk100'
Slack : 0.000
TNS   : 0.000

Type  : Slow 900mV 85C Model Minimum Pulse Width 'inst|mem_if_ddr2_emif|pll0|upll_memphy|auto_generated|pll1|clk[2]'
Slack : 0.503
TNS   : 0.000

Type  : Slow 900mV 85C Model Minimum Pulse Width 'inst|mem_if_ddr2_emif|DE4_QSYS_mem_if_ddr2_emif_p0_leveling_clk'
Slack : 0.642
TNS   : 0.000

Type  : Slow 900mV 85C Model Minimum Pulse Width 'inst|mem_if_ddr2_emif|pll0|upll_memphy|auto_generated|pll1|clk[1]'
Slack : 0.660
TNS   : 0.000

Type  : Slow 900mV 85C Model Minimum Pulse Width 'inst7|ALTLVDS_RX_component|auto_generated|pll|clk[0]'
Slack : 0.750
TNS   : 0.000

Type  : Slow 900mV 85C Model Minimum Pulse Width 'inst|mem_if_ddr2_emif|pll0|upll_memphy|auto_generated|pll1|clk[0]'
Slack : 1.706
TNS   : 0.000

Type  : Slow 900mV 85C Model Minimum Pulse Width 'inst|mem_if_ddr2_emif|pll0|upll_memphy|auto_generated|pll1|clk[3]'
Slack : 1.906
TNS   : 0.000

Type  : Slow 900mV 85C Model Minimum Pulse Width 'rxclklvds'
Slack : 2.051
TNS   : 0.000

Type  : Slow 900mV 85C Model Minimum Pulse Width 'inst8|gen_pll_inst|altpll_component|auto_generated|pll1|clk[0]'
Slack : 2.398
TNS   : 0.000

Type  : Slow 900mV 85C Model Minimum Pulse Width 'inst|mem_if_ddr2_emif|pll0|upll_memphy|auto_generated|pll1|clk[5]'
Slack : 4.205
TNS   : 0.000

Type  : Slow 900mV 85C Model Minimum Pulse Width 'inst|mem_if_ddr2_emif|pll0|upll_memphy|auto_generated|pll1|clk[6]'
Slack : 6.667
TNS   : 0.000

Type  : Slow 900mV 85C Model Minimum Pulse Width 'inst3|altpll_component|auto_generated|pll1|clk[3]'
Slack : 9.207
TNS   : 0.000

Type  : Slow 900mV 85C Model Minimum Pulse Width 'inst7|ALTLVDS_RX_component|auto_generated|pll|clk[2]'
Slack : 9.634
TNS   : 0.000

Type  : Slow 900mV 85C Model Minimum Pulse Width 'CLK_M1'
Slack : 9.755
TNS   : 0.000

Type  : Slow 900mV 85C Model Minimum Pulse Width 'altera_reserved_tck'
Slack : 49.389
TNS   : 0.000

Type  : Slow 900mV 85C Model Minimum Pulse Width 'inst3|altpll_component|auto_generated|pll1|clk[2]'
Slack : 4999.464
TNS   : 0.000

Type  : Slow 900mV 0C Model Setup 'inst|mem_if_ddr2_emif|pll0|upll_memphy|auto_generated|pll1|clk[0]'
Slack : -2.766
TNS   : -1250.016

Type  : Slow 900mV 0C Model Setup 'inst7|ALTLVDS_RX_component|auto_generated|pll|clk[2]'
Slack : -1.360
TNS   : -34.690

Type  : Slow 900mV 0C Model Setup 'inst8|gen_pll_inst|altpll_component|auto_generated|pll1|clk[0]'
Slack : -1.110
TNS   : -52.364

Type  : Slow 900mV 0C Model Setup 'M1_DDR2_clk[0]'
Slack : 0.083
TNS   : 0.000

Type  : Slow 900mV 0C Model Setup 'M1_DDR2_clk[1]'
Slack : 0.094
TNS   : 0.000

Type  : Slow 900mV 0C Model Setup 'inst|mem_if_ddr2_emif|pll0|upll_memphy|auto_generated|pll1|clk[3]'
Slack : 0.878
TNS   : 0.000

Type  : Slow 900mV 0C Model Setup 'inst|mem_if_ddr2_emif|pll0|upll_memphy|auto_generated|pll1|clk[2]'
Slack : 0.984
TNS   : 0.000

Type  : Slow 900mV 0C Model Setup 'inst|mem_if_ddr2_emif|DE4_QSYS_mem_if_ddr2_emif_p0_leveling_clk'
Slack : 1.675
TNS   : 0.000

Type  : Slow 900mV 0C Model Setup 'inst|mem_if_ddr2_emif|pll0|upll_memphy|auto_generated|pll1|clk[5]'
Slack : 2.336
TNS   : 0.000

Type  : Slow 900mV 0C Model Setup 'clk100'
Slack : 2.818
TNS   : 0.000

Type  : Slow 900mV 0C Model Setup 'inst|mem_if_ddr2_emif|pll0|upll_memphy|auto_generated|pll1|clk[6]'
Slack : 5.856
TNS   : 0.000

Type  : Slow 900mV 0C Model Setup 'inst3|altpll_component|auto_generated|pll1|clk[3]'
Slack : 11.935
TNS   : 0.000

Type  : Slow 900mV 0C Model Setup 'altera_reserved_tck'
Slack : 47.768
TNS   : 0.000

Type  : Slow 900mV 0C Model Setup 'inst3|altpll_component|auto_generated|pll1|clk[2]'
Slack : 9994.986
TNS   : 0.000

Type  : Slow 900mV 0C Model Hold 'inst7|ALTLVDS_RX_component|auto_generated|pll|clk[2]'
Slack : -0.956
TNS   : -2.736

Type  : Slow 900mV 0C Model Hold 'inst8|gen_pll_inst|altpll_component|auto_generated|pll1|clk[0]'
Slack : -0.395
TNS   : -0.395

Type  : Slow 900mV 0C Model Hold 'inst|mem_if_ddr2_emif|DE4_QSYS_mem_if_ddr2_emif_p0_leveling_clk'
Slack : 0.134
TNS   : 0.000

Type  : Slow 900mV 0C Model Hold 'inst|mem_if_ddr2_emif|pll0|upll_memphy|auto_generated|pll1|clk[0]'
Slack : 0.187
TNS   : 0.000

Type  : Slow 900mV 0C Model Hold 'inst3|altpll_component|auto_generated|pll1|clk[3]'
Slack : 0.195
TNS   : 0.000

Type  : Slow 900mV 0C Model Hold 'inst|mem_if_ddr2_emif|pll0|upll_memphy|auto_generated|pll1|clk[3]'
Slack : 0.228
TNS   : 0.000

Type  : Slow 900mV 0C Model Hold 'inst|mem_if_ddr2_emif|pll0|upll_memphy|auto_generated|pll1|clk[6]'
Slack : 0.229
TNS   : 0.000

Type  : Slow 900mV 0C Model Hold 'inst|mem_if_ddr2_emif|pll0|upll_memphy|auto_generated|pll1|clk[5]'
Slack : 0.234
TNS   : 0.000

Type  : Slow 900mV 0C Model Hold 'clk100'
Slack : 0.264
TNS   : 0.000

Type  : Slow 900mV 0C Model Hold 'altera_reserved_tck'
Slack : 0.299
TNS   : 0.000

Type  : Slow 900mV 0C Model Hold 'inst3|altpll_component|auto_generated|pll1|clk[2]'
Slack : 0.317
TNS   : 0.000

Type  : Slow 900mV 0C Model Hold 'M1_DDR2_clk[1]'
Slack : 0.719
TNS   : 0.000

Type  : Slow 900mV 0C Model Hold 'M1_DDR2_clk[0]'
Slack : 0.731
TNS   : 0.000

Type  : Slow 900mV 0C Model Hold 'inst|mem_if_ddr2_emif|pll0|upll_memphy|auto_generated|pll1|clk[2]'
Slack : 1.077
TNS   : 0.000

Type  : Slow 900mV 0C Model Recovery 'inst|mem_if_ddr2_emif|pll0|upll_memphy|auto_generated|pll1|clk[0]'
Slack : -4.657
TNS   : -2053.945

Type  : Slow 900mV 0C Model Recovery 'inst7|ALTLVDS_RX_component|auto_generated|pll|clk[2]'
Slack : -4.365
TNS   : -6.324

Type  : Slow 900mV 0C Model Recovery 'inst8|gen_pll_inst|altpll_component|auto_generated|pll1|clk[0]'
Slack : -3.676
TNS   : -192.766

Type  : Slow 900mV 0C Model Recovery 'inst|mem_if_ddr2_emif|pll0|upll_memphy|auto_generated|pll1|clk[3]'
Slack : 2.735
TNS   : 0.000

Type  : Slow 900mV 0C Model Recovery 'inst|mem_if_ddr2_emif|pll0|upll_memphy|auto_generated|pll1|clk[5]'
Slack : 4.603
TNS   : 0.000

Type  : Slow 900mV 0C Model Recovery 'inst3|altpll_component|auto_generated|pll1|clk[3]'
Slack : 17.171
TNS   : 0.000

Type  : Slow 900mV 0C Model Recovery 'inst|mem_if_ddr2_emif|pll0|upll_memphy|auto_generated|pll1|clk[6]'
Slack : 38.245
TNS   : 0.000

Type  : Slow 900mV 0C Model Recovery 'altera_reserved_tck'
Slack : 48.629
TNS   : 0.000

Type  : Slow 900mV 0C Model Removal 'inst7|ALTLVDS_RX_component|auto_generated|pll|clk[2]'
Slack : -0.900
TNS   : -18.825

Type  : Slow 900mV 0C Model Removal 'inst8|gen_pll_inst|altpll_component|auto_generated|pll1|clk[0]'
Slack : 0.316
TNS   : 0.000

Type  : Slow 900mV 0C Model Removal 'inst|mem_if_ddr2_emif|pll0|upll_memphy|auto_generated|pll1|clk[0]'
Slack : 0.442
TNS   : 0.000

Type  : Slow 900mV 0C Model Removal 'altera_reserved_tck'
Slack : 0.550
TNS   : 0.000

Type  : Slow 900mV 0C Model Removal 'inst|mem_if_ddr2_emif|pll0|upll_memphy|auto_generated|pll1|clk[6]'
Slack : 0.678
TNS   : 0.000

Type  : Slow 900mV 0C Model Removal 'inst|mem_if_ddr2_emif|pll0|upll_memphy|auto_generated|pll1|clk[3]'
Slack : 0.768
TNS   : 0.000

Type  : Slow 900mV 0C Model Removal 'inst3|altpll_component|auto_generated|pll1|clk[3]'
Slack : 2.144
TNS   : 0.000

Type  : Slow 900mV 0C Model Removal 'inst|mem_if_ddr2_emif|pll0|upll_memphy|auto_generated|pll1|clk[5]'
Slack : 4.404
TNS   : 0.000

Type  : Slow 900mV 0C Model Minimum Pulse Width 'clk100'
Slack : 0.000
TNS   : 0.000

Type  : Slow 900mV 0C Model Minimum Pulse Width 'inst|mem_if_ddr2_emif|pll0|upll_memphy|auto_generated|pll1|clk[2]'
Slack : 0.510
TNS   : 0.000

Type  : Slow 900mV 0C Model Minimum Pulse Width 'inst|mem_if_ddr2_emif|DE4_QSYS_mem_if_ddr2_emif_p0_leveling_clk'
Slack : 0.662
TNS   : 0.000

Type  : Slow 900mV 0C Model Minimum Pulse Width 'inst|mem_if_ddr2_emif|pll0|upll_memphy|auto_generated|pll1|clk[1]'
Slack : 0.680
TNS   : 0.000

Type  : Slow 900mV 0C Model Minimum Pulse Width 'inst7|ALTLVDS_RX_component|auto_generated|pll|clk[0]'
Slack : 0.752
TNS   : 0.000

Type  : Slow 900mV 0C Model Minimum Pulse Width 'inst|mem_if_ddr2_emif|pll0|upll_memphy|auto_generated|pll1|clk[0]'
Slack : 1.721
TNS   : 0.000

Type  : Slow 900mV 0C Model Minimum Pulse Width 'inst|mem_if_ddr2_emif|pll0|upll_memphy|auto_generated|pll1|clk[3]'
Slack : 1.924
TNS   : 0.000

Type  : Slow 900mV 0C Model Minimum Pulse Width 'rxclklvds'
Slack : 2.048
TNS   : 0.000

Type  : Slow 900mV 0C Model Minimum Pulse Width 'inst8|gen_pll_inst|altpll_component|auto_generated|pll1|clk[0]'
Slack : 2.412
TNS   : 0.000

Type  : Slow 900mV 0C Model Minimum Pulse Width 'inst|mem_if_ddr2_emif|pll0|upll_memphy|auto_generated|pll1|clk[5]'
Slack : 4.221
TNS   : 0.000

Type  : Slow 900mV 0C Model Minimum Pulse Width 'inst|mem_if_ddr2_emif|pll0|upll_memphy|auto_generated|pll1|clk[6]'
Slack : 6.667
TNS   : 0.000

Type  : Slow 900mV 0C Model Minimum Pulse Width 'inst3|altpll_component|auto_generated|pll1|clk[3]'
Slack : 9.222
TNS   : 0.000

Type  : Slow 900mV 0C Model Minimum Pulse Width 'inst7|ALTLVDS_RX_component|auto_generated|pll|clk[2]'
Slack : 9.649
TNS   : 0.000

Type  : Slow 900mV 0C Model Minimum Pulse Width 'CLK_M1'
Slack : 9.736
TNS   : 0.000

Type  : Slow 900mV 0C Model Minimum Pulse Width 'altera_reserved_tck'
Slack : 49.433
TNS   : 0.000

Type  : Slow 900mV 0C Model Minimum Pulse Width 'inst3|altpll_component|auto_generated|pll1|clk[2]'
Slack : 4999.448
TNS   : 0.000

Type  : Fast 900mV 0C Model Setup 'inst|mem_if_ddr2_emif|pll0|upll_memphy|auto_generated|pll1|clk[0]'
Slack : -1.878
TNS   : -70.003

Type  : Fast 900mV 0C Model Setup 'inst7|ALTLVDS_RX_component|auto_generated|pll|clk[2]'
Slack : -0.743
TNS   : -19.009

Type  : Fast 900mV 0C Model Setup 'inst8|gen_pll_inst|altpll_component|auto_generated|pll1|clk[0]'
Slack : -0.631
TNS   : -28.404

Type  : Fast 900mV 0C Model Setup 'M1_DDR2_clk[1]'
Slack : 0.054
TNS   : 0.000

Type  : Fast 900mV 0C Model Setup 'M1_DDR2_clk[0]'
Slack : 0.056
TNS   : 0.000

Type  : Fast 900mV 0C Model Setup 'inst|mem_if_ddr2_emif|pll0|upll_memphy|auto_generated|pll1|clk[2]'
Slack : 0.867
TNS   : 0.000

Type  : Fast 900mV 0C Model Setup 'inst|mem_if_ddr2_emif|DE4_QSYS_mem_if_ddr2_emif_p0_leveling_clk'
Slack : 1.544
TNS   : 0.000

Type  : Fast 900mV 0C Model Setup 'inst|mem_if_ddr2_emif|pll0|upll_memphy|auto_generated|pll1|clk[3]'
Slack : 1.957
TNS   : 0.000

Type  : Fast 900mV 0C Model Setup 'clk100'
Slack : 3.174
TNS   : 0.000

Type  : Fast 900mV 0C Model Setup 'inst|mem_if_ddr2_emif|pll0|upll_memphy|auto_generated|pll1|clk[5]'
Slack : 3.300
TNS   : 0.000

Type  : Fast 900mV 0C Model Setup 'inst|mem_if_ddr2_emif|pll0|upll_memphy|auto_generated|pll1|clk[6]'
Slack : 7.570
TNS   : 0.000

Type  : Fast 900mV 0C Model Setup 'inst3|altpll_component|auto_generated|pll1|clk[3]'
Slack : 14.522
TNS   : 0.000

Type  : Fast 900mV 0C Model Setup 'altera_reserved_tck'
Slack : 49.095
TNS   : 0.000

Type  : Fast 900mV 0C Model Setup 'inst3|altpll_component|auto_generated|pll1|clk[2]'
Slack : 9997.026
TNS   : 0.000

Type  : Fast 900mV 0C Model Hold 'inst7|ALTLVDS_RX_component|auto_generated|pll|clk[2]'
Slack : -0.614
TNS   : -1.658

Type  : Fast 900mV 0C Model Hold 'inst8|gen_pll_inst|altpll_component|auto_generated|pll1|clk[0]'
Slack : -0.468
TNS   : -0.468

Type  : Fast 900mV 0C Model Hold 'inst|mem_if_ddr2_emif|pll0|upll_memphy|auto_generated|pll1|clk[6]'
Slack : 0.106
TNS   : 0.000

Type  : Fast 900mV 0C Model Hold 'inst|mem_if_ddr2_emif|pll0|upll_memphy|auto_generated|pll1|clk[0]'
Slack : 0.120
TNS   : 0.000

Type  : Fast 900mV 0C Model Hold 'inst3|altpll_component|auto_generated|pll1|clk[3]'
Slack : 0.131
TNS   : 0.000

Type  : Fast 900mV 0C Model Hold 'inst|mem_if_ddr2_emif|pll0|upll_memphy|auto_generated|pll1|clk[3]'
Slack : 0.134
TNS   : 0.000

Type  : Fast 900mV 0C Model Hold 'inst|mem_if_ddr2_emif|pll0|upll_memphy|auto_generated|pll1|clk[5]'
Slack : 0.135
TNS   : 0.000

Type  : Fast 900mV 0C Model Hold 'clk100'
Slack : 0.154
TNS   : 0.000

Type  : Fast 900mV 0C Model Hold 'altera_reserved_tck'
Slack : 0.167
TNS   : 0.000

Type  : Fast 900mV 0C Model Hold 'inst3|altpll_component|auto_generated|pll1|clk[2]'
Slack : 0.173
TNS   : 0.000

Type  : Fast 900mV 0C Model Hold 'inst|mem_if_ddr2_emif|DE4_QSYS_mem_if_ddr2_emif_p0_leveling_clk'
Slack : 0.490
TNS   : 0.000

Type  : Fast 900mV 0C Model Hold 'M1_DDR2_clk[1]'
Slack : 0.876
TNS   : 0.000

Type  : Fast 900mV 0C Model Hold 'M1_DDR2_clk[0]'
Slack : 0.877
TNS   : 0.000

Type  : Fast 900mV 0C Model Hold 'inst|mem_if_ddr2_emif|pll0|upll_memphy|auto_generated|pll1|clk[2]'
Slack : 1.304
TNS   : 0.000

Type  : Fast 900mV 0C Model Recovery 'inst|mem_if_ddr2_emif|pll0|upll_memphy|auto_generated|pll1|clk[0]'
Slack : -3.190
TNS   : -1403.172

Type  : Fast 900mV 0C Model Recovery 'inst7|ALTLVDS_RX_component|auto_generated|pll|clk[2]'
Slack : -2.843
TNS   : -6.772

Type  : Fast 900mV 0C Model Recovery 'inst8|gen_pll_inst|altpll_component|auto_generated|pll1|clk[0]'
Slack : -2.356
TNS   : -115.452

Type  : Fast 900mV 0C Model Recovery 'inst|mem_if_ddr2_emif|pll0|upll_memphy|auto_generated|pll1|clk[3]'
Slack : 3.508
TNS   : 0.000

Type  : Fast 900mV 0C Model Recovery 'inst|mem_if_ddr2_emif|pll0|upll_memphy|auto_generated|pll1|clk[5]'
Slack : 6.540
TNS   : 0.000

Type  : Fast 900mV 0C Model Recovery 'inst3|altpll_component|auto_generated|pll1|clk[3]'
Slack : 18.165
TNS   : 0.000

Type  : Fast 900mV 0C Model Recovery 'inst|mem_if_ddr2_emif|pll0|upll_memphy|auto_generated|pll1|clk[6]'
Slack : 38.923
TNS   : 0.000

Type  : Fast 900mV 0C Model Recovery 'altera_reserved_tck'
Slack : 49.525
TNS   : 0.000

Type  : Fast 900mV 0C Model Removal 'inst7|ALTLVDS_RX_component|auto_generated|pll|clk[2]'
Slack : -0.528
TNS   : -11.033

Type  : Fast 900mV 0C Model Removal 'inst8|gen_pll_inst|altpll_component|auto_generated|pll1|clk[0]'
Slack : 0.119
TNS   : 0.000

Type  : Fast 900mV 0C Model Removal 'inst|mem_if_ddr2_emif|pll0|upll_memphy|auto_generated|pll1|clk[0]'
Slack : 0.267
TNS   : 0.000

Type  : Fast 900mV 0C Model Removal 'altera_reserved_tck'
Slack : 0.304
TNS   : 0.000

Type  : Fast 900mV 0C Model Removal 'inst|mem_if_ddr2_emif|pll0|upll_memphy|auto_generated|pll1|clk[6]'
Slack : 0.435
TNS   : 0.000

Type  : Fast 900mV 0C Model Removal 'inst|mem_if_ddr2_emif|pll0|upll_memphy|auto_generated|pll1|clk[3]'
Slack : 0.444
TNS   : 0.000

Type  : Fast 900mV 0C Model Removal 'inst3|altpll_component|auto_generated|pll1|clk[3]'
Slack : 1.401
TNS   : 0.000

Type  : Fast 900mV 0C Model Removal 'inst|mem_if_ddr2_emif|pll0|upll_memphy|auto_generated|pll1|clk[5]'
Slack : 2.905
TNS   : 0.000

Type  : Fast 900mV 0C Model Minimum Pulse Width 'clk100'
Slack : 0.000
TNS   : 0.000

Type  : Fast 900mV 0C Model Minimum Pulse Width 'inst|mem_if_ddr2_emif|pll0|upll_memphy|auto_generated|pll1|clk[2]'
Slack : 0.505
TNS   : 0.000

Type  : Fast 900mV 0C Model Minimum Pulse Width 'inst|mem_if_ddr2_emif|DE4_QSYS_mem_if_ddr2_emif_p0_leveling_clk'
Slack : 0.704
TNS   : 0.000

Type  : Fast 900mV 0C Model Minimum Pulse Width 'inst7|ALTLVDS_RX_component|auto_generated|pll|clk[0]'
Slack : 0.808
TNS   : 0.000

Type  : Fast 900mV 0C Model Minimum Pulse Width 'inst|mem_if_ddr2_emif|pll0|upll_memphy|auto_generated|pll1|clk[1]'
Slack : 0.835
TNS   : 0.000

Type  : Fast 900mV 0C Model Minimum Pulse Width 'inst|mem_if_ddr2_emif|pll0|upll_memphy|auto_generated|pll1|clk[0]'
Slack : 1.706
TNS   : 0.000

Type  : Fast 900mV 0C Model Minimum Pulse Width 'rxclklvds'
Slack : 2.072
TNS   : 0.000

Type  : Fast 900mV 0C Model Minimum Pulse Width 'inst|mem_if_ddr2_emif|pll0|upll_memphy|auto_generated|pll1|clk[3]'
Slack : 2.081
TNS   : 0.000

Type  : Fast 900mV 0C Model Minimum Pulse Width 'inst8|gen_pll_inst|altpll_component|auto_generated|pll1|clk[0]'
Slack : 2.383
TNS   : 0.000

Type  : Fast 900mV 0C Model Minimum Pulse Width 'inst|mem_if_ddr2_emif|pll0|upll_memphy|auto_generated|pll1|clk[5]'
Slack : 4.206
TNS   : 0.000

Type  : Fast 900mV 0C Model Minimum Pulse Width 'inst|mem_if_ddr2_emif|pll0|upll_memphy|auto_generated|pll1|clk[6]'
Slack : 6.667
TNS   : 0.000

Type  : Fast 900mV 0C Model Minimum Pulse Width 'inst3|altpll_component|auto_generated|pll1|clk[3]'
Slack : 9.207
TNS   : 0.000

Type  : Fast 900mV 0C Model Minimum Pulse Width 'inst7|ALTLVDS_RX_component|auto_generated|pll|clk[2]'
Slack : 9.631
TNS   : 0.000

Type  : Fast 900mV 0C Model Minimum Pulse Width 'CLK_M1'
Slack : 9.890
TNS   : 0.000

Type  : Fast 900mV 0C Model Minimum Pulse Width 'altera_reserved_tck'
Slack : 49.292
TNS   : 0.000

Type  : Fast 900mV 0C Model Minimum Pulse Width 'inst3|altpll_component|auto_generated|pll1|clk[2]'
Slack : 4999.659
TNS   : 0.000

------------------------------------------------------------
