------------------------------------------------------------
TimeQuest Timing Analyzer Summary
------------------------------------------------------------

Type  : Slow 900mV 85C Model Setup 'inst|mem_if_ddr2_emif|pll0|upll_memphy|auto_generated|pll1|clk[0]'
Slack : -2.853
TNS   : -3704.695

Type  : Slow 900mV 85C Model Setup 'inst8|gen_pll_inst|altpll_component|auto_generated|pll1|clk[0]'
Slack : -1.103
TNS   : -49.835

Type  : Slow 900mV 85C Model Setup 'inst7|ALTLVDS_RX_component|auto_generated|pll|clk[2]'
Slack : -0.120
TNS   : -0.253

Type  : Slow 900mV 85C Model Setup 'M1_DDR2_clk[0]'
Slack : 0.086
TNS   : 0.000

Type  : Slow 900mV 85C Model Setup 'M1_DDR2_clk[1]'
Slack : 0.099
TNS   : 0.000

Type  : Slow 900mV 85C Model Setup 'inst|mem_if_ddr2_emif|pll0|upll_memphy|auto_generated|pll1|clk[2]'
Slack : 1.027
TNS   : 0.000

Type  : Slow 900mV 85C Model Setup 'inst|mem_if_ddr2_emif|pll0|upll_memphy|auto_generated|pll1|clk[3]'
Slack : 1.570
TNS   : 0.000

Type  : Slow 900mV 85C Model Setup 'inst|mem_if_ddr2_emif|DE4_QSYS_mem_if_ddr2_emif_p0_leveling_clk'
Slack : 1.718
TNS   : 0.000

Type  : Slow 900mV 85C Model Setup 'inst|mem_if_ddr2_emif|pll0|upll_memphy|auto_generated|pll1|clk[5]'
Slack : 2.461
TNS   : 0.000

Type  : Slow 900mV 85C Model Setup 'clk100'
Slack : 2.840
TNS   : 0.000

Type  : Slow 900mV 85C Model Setup 'inst|mem_if_ddr2_emif|pll0|upll_memphy|auto_generated|pll1|clk[6]'
Slack : 6.309
TNS   : 0.000

Type  : Slow 900mV 85C Model Setup 'inst3|altpll_component|auto_generated|pll1|clk[3]'
Slack : 13.348
TNS   : 0.000

Type  : Slow 900mV 85C Model Setup 'altera_reserved_tck'
Slack : 47.838
TNS   : 0.000

Type  : Slow 900mV 85C Model Setup 'inst3|altpll_component|auto_generated|pll1|clk[2]'
Slack : 9994.799
TNS   : 0.000

Type  : Slow 900mV 85C Model Hold 'inst7|ALTLVDS_RX_component|auto_generated|pll|clk[2]'
Slack : -1.018
TNS   : -2.903

Type  : Slow 900mV 85C Model Hold 'inst8|gen_pll_inst|altpll_component|auto_generated|pll1|clk[0]'
Slack : 0.064
TNS   : 0.000

Type  : Slow 900mV 85C Model Hold 'inst|mem_if_ddr2_emif|DE4_QSYS_mem_if_ddr2_emif_p0_leveling_clk'
Slack : 0.085
TNS   : 0.000

Type  : Slow 900mV 85C Model Hold 'inst|mem_if_ddr2_emif|pll0|upll_memphy|auto_generated|pll1|clk[0]'
Slack : 0.175
TNS   : 0.000

Type  : Slow 900mV 85C Model Hold 'inst3|altpll_component|auto_generated|pll1|clk[3]'
Slack : 0.202
TNS   : 0.000

Type  : Slow 900mV 85C Model Hold 'inst|mem_if_ddr2_emif|pll0|upll_memphy|auto_generated|pll1|clk[5]'
Slack : 0.229
TNS   : 0.000

Type  : Slow 900mV 85C Model Hold 'inst|mem_if_ddr2_emif|pll0|upll_memphy|auto_generated|pll1|clk[3]'
Slack : 0.234
TNS   : 0.000

Type  : Slow 900mV 85C Model Hold 'inst|mem_if_ddr2_emif|pll0|upll_memphy|auto_generated|pll1|clk[6]'
Slack : 0.235
TNS   : 0.000

Type  : Slow 900mV 85C Model Hold 'clk100'
Slack : 0.269
TNS   : 0.000

Type  : Slow 900mV 85C Model Hold 'altera_reserved_tck'
Slack : 0.286
TNS   : 0.000

Type  : Slow 900mV 85C Model Hold 'inst3|altpll_component|auto_generated|pll1|clk[2]'
Slack : 0.323
TNS   : 0.000

Type  : Slow 900mV 85C Model Hold 'M1_DDR2_clk[1]'
Slack : 0.671
TNS   : 0.000

Type  : Slow 900mV 85C Model Hold 'M1_DDR2_clk[0]'
Slack : 0.685
TNS   : 0.000

Type  : Slow 900mV 85C Model Hold 'inst|mem_if_ddr2_emif|pll0|upll_memphy|auto_generated|pll1|clk[2]'
Slack : 1.036
TNS   : 0.000

Type  : Slow 900mV 85C Model Recovery 'inst|mem_if_ddr2_emif|pll0|upll_memphy|auto_generated|pll1|clk[0]'
Slack : -4.616
TNS   : -3391.852

Type  : Slow 900mV 85C Model Recovery 'inst8|gen_pll_inst|altpll_component|auto_generated|pll1|clk[0]'
Slack : -3.718
TNS   : -361.187

Type  : Slow 900mV 85C Model Recovery 'inst7|ALTLVDS_RX_component|auto_generated|pll|clk[2]'
Slack : 0.020
TNS   : 0.000

Type  : Slow 900mV 85C Model Recovery 'inst|mem_if_ddr2_emif|pll0|upll_memphy|auto_generated|pll1|clk[3]'
Slack : 3.242
TNS   : 0.000

Type  : Slow 900mV 85C Model Recovery 'inst|mem_if_ddr2_emif|pll0|upll_memphy|auto_generated|pll1|clk[5]'
Slack : 3.466
TNS   : 0.000

Type  : Slow 900mV 85C Model Recovery 'inst3|altpll_component|auto_generated|pll1|clk[3]'
Slack : 10.347
TNS   : 0.000

Type  : Slow 900mV 85C Model Recovery 'inst|mem_if_ddr2_emif|pll0|upll_memphy|auto_generated|pll1|clk[6]'
Slack : 37.976
TNS   : 0.000

Type  : Slow 900mV 85C Model Recovery 'altera_reserved_tck'
Slack : 48.201
TNS   : 0.000

Type  : Slow 900mV 85C Model Removal 'inst7|ALTLVDS_RX_component|auto_generated|pll|clk[2]'
Slack : -1.019
TNS   : -13.247

Type  : Slow 900mV 85C Model Removal 'inst8|gen_pll_inst|altpll_component|auto_generated|pll1|clk[0]'
Slack : 0.309
TNS   : 0.000

Type  : Slow 900mV 85C Model Removal 'inst|mem_if_ddr2_emif|pll0|upll_memphy|auto_generated|pll1|clk[0]'
Slack : 0.491
TNS   : 0.000

Type  : Slow 900mV 85C Model Removal 'altera_reserved_tck'
Slack : 0.523
TNS   : 0.000

Type  : Slow 900mV 85C Model Removal 'inst|mem_if_ddr2_emif|pll0|upll_memphy|auto_generated|pll1|clk[6]'
Slack : 0.601
TNS   : 0.000

Type  : Slow 900mV 85C Model Removal 'inst|mem_if_ddr2_emif|pll0|upll_memphy|auto_generated|pll1|clk[3]'
Slack : 0.624
TNS   : 0.000

Type  : Slow 900mV 85C Model Removal 'inst|mem_if_ddr2_emif|pll0|upll_memphy|auto_generated|pll1|clk[5]'
Slack : 5.662
TNS   : 0.000

Type  : Slow 900mV 85C Model Removal 'inst3|altpll_component|auto_generated|pll1|clk[3]'
Slack : 8.266
TNS   : 0.000

Type  : Slow 900mV 85C Model Minimum Pulse Width 'clk100'
Slack : 0.000
TNS   : 0.000

Type  : Slow 900mV 85C Model Minimum Pulse Width 'inst|mem_if_ddr2_emif|pll0|upll_memphy|auto_generated|pll1|clk[2]'
Slack : 0.503
TNS   : 0.000

Type  : Slow 900mV 85C Model Minimum Pulse Width 'inst|mem_if_ddr2_emif|DE4_QSYS_mem_if_ddr2_emif_p0_leveling_clk'
Slack : 0.642
TNS   : 0.000

Type  : Slow 900mV 85C Model Minimum Pulse Width 'inst|mem_if_ddr2_emif|pll0|upll_memphy|auto_generated|pll1|clk[1]'
Slack : 0.660
TNS   : 0.000

Type  : Slow 900mV 85C Model Minimum Pulse Width 'inst7|ALTLVDS_RX_component|auto_generated|pll|clk[0]'
Slack : 0.750
TNS   : 0.000

Type  : Slow 900mV 85C Model Minimum Pulse Width 'inst|mem_if_ddr2_emif|pll0|upll_memphy|auto_generated|pll1|clk[0]'
Slack : 1.154
TNS   : 0.000

Type  : Slow 900mV 85C Model Minimum Pulse Width 'inst|mem_if_ddr2_emif|pll0|upll_memphy|auto_generated|pll1|clk[3]'
Slack : 1.906
TNS   : 0.000

Type  : Slow 900mV 85C Model Minimum Pulse Width 'rxclklvds'
Slack : 2.051
TNS   : 0.000

Type  : Slow 900mV 85C Model Minimum Pulse Width 'inst8|gen_pll_inst|altpll_component|auto_generated|pll1|clk[0]'
Slack : 2.333
TNS   : 0.000

Type  : Slow 900mV 85C Model Minimum Pulse Width 'inst|mem_if_ddr2_emif|pll0|upll_memphy|auto_generated|pll1|clk[5]'
Slack : 4.214
TNS   : 0.000

Type  : Slow 900mV 85C Model Minimum Pulse Width 'inst|mem_if_ddr2_emif|pll0|upll_memphy|auto_generated|pll1|clk[6]'
Slack : 6.667
TNS   : 0.000

Type  : Slow 900mV 85C Model Minimum Pulse Width 'inst3|altpll_component|auto_generated|pll1|clk[3]'
Slack : 9.206
TNS   : 0.000

Type  : Slow 900mV 85C Model Minimum Pulse Width 'inst7|ALTLVDS_RX_component|auto_generated|pll|clk[2]'
Slack : 9.630
TNS   : 0.000

Type  : Slow 900mV 85C Model Minimum Pulse Width 'CLK_M1'
Slack : 9.755
TNS   : 0.000

Type  : Slow 900mV 85C Model Minimum Pulse Width 'altera_reserved_tck'
Slack : 49.390
TNS   : 0.000

Type  : Slow 900mV 85C Model Minimum Pulse Width 'inst3|altpll_component|auto_generated|pll1|clk[2]'
Slack : 4999.464
TNS   : 0.000

Type  : Slow 900mV 0C Model Setup 'inst|mem_if_ddr2_emif|pll0|upll_memphy|auto_generated|pll1|clk[0]'
Slack : -2.714
TNS   : -2816.956

Type  : Slow 900mV 0C Model Setup 'inst8|gen_pll_inst|altpll_component|auto_generated|pll1|clk[0]'
Slack : -1.068
TNS   : -48.787

Type  : Slow 900mV 0C Model Setup 'inst7|ALTLVDS_RX_component|auto_generated|pll|clk[2]'
Slack : -0.149
TNS   : -0.343

Type  : Slow 900mV 0C Model Setup 'M1_DDR2_clk[0]'
Slack : 0.083
TNS   : 0.000

Type  : Slow 900mV 0C Model Setup 'M1_DDR2_clk[1]'
Slack : 0.094
TNS   : 0.000

Type  : Slow 900mV 0C Model Setup 'inst|mem_if_ddr2_emif|pll0|upll_memphy|auto_generated|pll1|clk[2]'
Slack : 1.009
TNS   : 0.000

Type  : Slow 900mV 0C Model Setup 'inst|mem_if_ddr2_emif|pll0|upll_memphy|auto_generated|pll1|clk[3]'
Slack : 1.673
TNS   : 0.000

Type  : Slow 900mV 0C Model Setup 'inst|mem_if_ddr2_emif|DE4_QSYS_mem_if_ddr2_emif_p0_leveling_clk'
Slack : 1.700
TNS   : 0.000

Type  : Slow 900mV 0C Model Setup 'inst|mem_if_ddr2_emif|pll0|upll_memphy|auto_generated|pll1|clk[5]'
Slack : 2.559
TNS   : 0.000

Type  : Slow 900mV 0C Model Setup 'clk100'
Slack : 2.921
TNS   : 0.000

Type  : Slow 900mV 0C Model Setup 'inst|mem_if_ddr2_emif|pll0|upll_memphy|auto_generated|pll1|clk[6]'
Slack : 6.471
TNS   : 0.000

Type  : Slow 900mV 0C Model Setup 'inst3|altpll_component|auto_generated|pll1|clk[3]'
Slack : 13.654
TNS   : 0.000

Type  : Slow 900mV 0C Model Setup 'altera_reserved_tck'
Slack : 47.898
TNS   : 0.000

Type  : Slow 900mV 0C Model Setup 'inst3|altpll_component|auto_generated|pll1|clk[2]'
Slack : 9995.060
TNS   : 0.000

Type  : Slow 900mV 0C Model Hold 'inst7|ALTLVDS_RX_component|auto_generated|pll|clk[2]'
Slack : -0.979
TNS   : -2.798

Type  : Slow 900mV 0C Model Hold 'inst8|gen_pll_inst|altpll_component|auto_generated|pll1|clk[0]'
Slack : 0.090
TNS   : 0.000

Type  : Slow 900mV 0C Model Hold 'inst|mem_if_ddr2_emif|DE4_QSYS_mem_if_ddr2_emif_p0_leveling_clk'
Slack : 0.134
TNS   : 0.000

Type  : Slow 900mV 0C Model Hold 'inst|mem_if_ddr2_emif|pll0|upll_memphy|auto_generated|pll1|clk[0]'
Slack : 0.162
TNS   : 0.000

Type  : Slow 900mV 0C Model Hold 'inst3|altpll_component|auto_generated|pll1|clk[3]'
Slack : 0.192
TNS   : 0.000

Type  : Slow 900mV 0C Model Hold 'inst|mem_if_ddr2_emif|pll0|upll_memphy|auto_generated|pll1|clk[5]'
Slack : 0.224
TNS   : 0.000

Type  : Slow 900mV 0C Model Hold 'inst|mem_if_ddr2_emif|pll0|upll_memphy|auto_generated|pll1|clk[6]'
Slack : 0.227
TNS   : 0.000

Type  : Slow 900mV 0C Model Hold 'inst|mem_if_ddr2_emif|pll0|upll_memphy|auto_generated|pll1|clk[3]'
Slack : 0.228
TNS   : 0.000

Type  : Slow 900mV 0C Model Hold 'clk100'
Slack : 0.259
TNS   : 0.000

Type  : Slow 900mV 0C Model Hold 'altera_reserved_tck'
Slack : 0.281
TNS   : 0.000

Type  : Slow 900mV 0C Model Hold 'inst3|altpll_component|auto_generated|pll1|clk[2]'
Slack : 0.302
TNS   : 0.000

Type  : Slow 900mV 0C Model Hold 'M1_DDR2_clk[1]'
Slack : 0.719
TNS   : 0.000

Type  : Slow 900mV 0C Model Hold 'M1_DDR2_clk[0]'
Slack : 0.731
TNS   : 0.000

Type  : Slow 900mV 0C Model Hold 'inst|mem_if_ddr2_emif|pll0|upll_memphy|auto_generated|pll1|clk[2]'
Slack : 1.077
TNS   : 0.000

Type  : Slow 900mV 0C Model Recovery 'inst|mem_if_ddr2_emif|pll0|upll_memphy|auto_generated|pll1|clk[0]'
Slack : -4.351
TNS   : -3196.013

Type  : Slow 900mV 0C Model Recovery 'inst8|gen_pll_inst|altpll_component|auto_generated|pll1|clk[0]'
Slack : -3.557
TNS   : -345.831

Type  : Slow 900mV 0C Model Recovery 'inst7|ALTLVDS_RX_component|auto_generated|pll|clk[2]'
Slack : 0.053
TNS   : 0.000

Type  : Slow 900mV 0C Model Recovery 'inst|mem_if_ddr2_emif|pll0|upll_memphy|auto_generated|pll1|clk[3]'
Slack : 3.310
TNS   : 0.000

Type  : Slow 900mV 0C Model Recovery 'inst|mem_if_ddr2_emif|pll0|upll_memphy|auto_generated|pll1|clk[5]'
Slack : 3.784
TNS   : 0.000

Type  : Slow 900mV 0C Model Recovery 'inst3|altpll_component|auto_generated|pll1|clk[3]'
Slack : 10.980
TNS   : 0.000

Type  : Slow 900mV 0C Model Recovery 'inst|mem_if_ddr2_emif|pll0|upll_memphy|auto_generated|pll1|clk[6]'
Slack : 38.074
TNS   : 0.000

Type  : Slow 900mV 0C Model Recovery 'altera_reserved_tck'
Slack : 48.237
TNS   : 0.000

Type  : Slow 900mV 0C Model Removal 'inst7|ALTLVDS_RX_component|auto_generated|pll|clk[2]'
Slack : -1.006
TNS   : -13.078

Type  : Slow 900mV 0C Model Removal 'inst8|gen_pll_inst|altpll_component|auto_generated|pll1|clk[0]'
Slack : 0.326
TNS   : 0.000

Type  : Slow 900mV 0C Model Removal 'inst|mem_if_ddr2_emif|pll0|upll_memphy|auto_generated|pll1|clk[0]'
Slack : 0.471
TNS   : 0.000

Type  : Slow 900mV 0C Model Removal 'altera_reserved_tck'
Slack : 0.501
TNS   : 0.000

Type  : Slow 900mV 0C Model Removal 'inst|mem_if_ddr2_emif|pll0|upll_memphy|auto_generated|pll1|clk[6]'
Slack : 0.581
TNS   : 0.000

Type  : Slow 900mV 0C Model Removal 'inst|mem_if_ddr2_emif|pll0|upll_memphy|auto_generated|pll1|clk[3]'
Slack : 0.611
TNS   : 0.000

Type  : Slow 900mV 0C Model Removal 'inst|mem_if_ddr2_emif|pll0|upll_memphy|auto_generated|pll1|clk[5]'
Slack : 5.323
TNS   : 0.000

Type  : Slow 900mV 0C Model Removal 'inst3|altpll_component|auto_generated|pll1|clk[3]'
Slack : 7.611
TNS   : 0.000

Type  : Slow 900mV 0C Model Minimum Pulse Width 'clk100'
Slack : 0.000
TNS   : 0.000

Type  : Slow 900mV 0C Model Minimum Pulse Width 'inst|mem_if_ddr2_emif|pll0|upll_memphy|auto_generated|pll1|clk[2]'
Slack : 0.510
TNS   : 0.000

Type  : Slow 900mV 0C Model Minimum Pulse Width 'inst|mem_if_ddr2_emif|DE4_QSYS_mem_if_ddr2_emif_p0_leveling_clk'
Slack : 0.662
TNS   : 0.000

Type  : Slow 900mV 0C Model Minimum Pulse Width 'inst|mem_if_ddr2_emif|pll0|upll_memphy|auto_generated|pll1|clk[1]'
Slack : 0.680
TNS   : 0.000

Type  : Slow 900mV 0C Model Minimum Pulse Width 'inst7|ALTLVDS_RX_component|auto_generated|pll|clk[0]'
Slack : 0.752
TNS   : 0.000

Type  : Slow 900mV 0C Model Minimum Pulse Width 'inst|mem_if_ddr2_emif|pll0|upll_memphy|auto_generated|pll1|clk[0]'
Slack : 1.154
TNS   : 0.000

Type  : Slow 900mV 0C Model Minimum Pulse Width 'inst|mem_if_ddr2_emif|pll0|upll_memphy|auto_generated|pll1|clk[3]'
Slack : 1.924
TNS   : 0.000

Type  : Slow 900mV 0C Model Minimum Pulse Width 'rxclklvds'
Slack : 2.048
TNS   : 0.000

Type  : Slow 900mV 0C Model Minimum Pulse Width 'inst8|gen_pll_inst|altpll_component|auto_generated|pll1|clk[0]'
Slack : 2.351
TNS   : 0.000

Type  : Slow 900mV 0C Model Minimum Pulse Width 'inst|mem_if_ddr2_emif|pll0|upll_memphy|auto_generated|pll1|clk[5]'
Slack : 4.222
TNS   : 0.000

Type  : Slow 900mV 0C Model Minimum Pulse Width 'inst|mem_if_ddr2_emif|pll0|upll_memphy|auto_generated|pll1|clk[6]'
Slack : 6.667
TNS   : 0.000

Type  : Slow 900mV 0C Model Minimum Pulse Width 'inst3|altpll_component|auto_generated|pll1|clk[3]'
Slack : 9.223
TNS   : 0.000

Type  : Slow 900mV 0C Model Minimum Pulse Width 'inst7|ALTLVDS_RX_component|auto_generated|pll|clk[2]'
Slack : 9.643
TNS   : 0.000

Type  : Slow 900mV 0C Model Minimum Pulse Width 'CLK_M1'
Slack : 9.736
TNS   : 0.000

Type  : Slow 900mV 0C Model Minimum Pulse Width 'altera_reserved_tck'
Slack : 49.431
TNS   : 0.000

Type  : Slow 900mV 0C Model Minimum Pulse Width 'inst3|altpll_component|auto_generated|pll1|clk[2]'
Slack : 4999.449
TNS   : 0.000

Type  : Fast 900mV 0C Model Setup 'inst|mem_if_ddr2_emif|pll0|upll_memphy|auto_generated|pll1|clk[0]'
Slack : -1.838
TNS   : -107.184

Type  : Fast 900mV 0C Model Setup 'inst8|gen_pll_inst|altpll_component|auto_generated|pll1|clk[0]'
Slack : -0.577
TNS   : -26.485

Type  : Fast 900mV 0C Model Setup 'inst7|ALTLVDS_RX_component|auto_generated|pll|clk[2]'
Slack : -0.095
TNS   : -0.221

Type  : Fast 900mV 0C Model Setup 'M1_DDR2_clk[1]'
Slack : 0.054
TNS   : 0.000

Type  : Fast 900mV 0C Model Setup 'M1_DDR2_clk[0]'
Slack : 0.056
TNS   : 0.000

Type  : Fast 900mV 0C Model Setup 'inst|mem_if_ddr2_emif|pll0|upll_memphy|auto_generated|pll1|clk[2]'
Slack : 0.884
TNS   : 0.000

Type  : Fast 900mV 0C Model Setup 'inst|mem_if_ddr2_emif|DE4_QSYS_mem_if_ddr2_emif_p0_leveling_clk'
Slack : 1.561
TNS   : 0.000

Type  : Fast 900mV 0C Model Setup 'inst|mem_if_ddr2_emif|pll0|upll_memphy|auto_generated|pll1|clk[3]'
Slack : 2.427
TNS   : 0.000

Type  : Fast 900mV 0C Model Setup 'clk100'
Slack : 3.148
TNS   : 0.000

Type  : Fast 900mV 0C Model Setup 'inst|mem_if_ddr2_emif|pll0|upll_memphy|auto_generated|pll1|clk[5]'
Slack : 3.512
TNS   : 0.000

Type  : Fast 900mV 0C Model Setup 'inst|mem_if_ddr2_emif|pll0|upll_memphy|auto_generated|pll1|clk[6]'
Slack : 7.841
TNS   : 0.000

Type  : Fast 900mV 0C Model Setup 'inst3|altpll_component|auto_generated|pll1|clk[3]'
Slack : 16.056
TNS   : 0.000

Type  : Fast 900mV 0C Model Setup 'altera_reserved_tck'
Slack : 48.997
TNS   : 0.000

Type  : Fast 900mV 0C Model Setup 'inst3|altpll_component|auto_generated|pll1|clk[2]'
Slack : 9996.952
TNS   : 0.000

Type  : Fast 900mV 0C Model Hold 'inst7|ALTLVDS_RX_component|auto_generated|pll|clk[2]'
Slack : -0.614
TNS   : -1.749

Type  : Fast 900mV 0C Model Hold 'inst8|gen_pll_inst|altpll_component|auto_generated|pll1|clk[0]'
Slack : 0.012
TNS   : 0.000

Type  : Fast 900mV 0C Model Hold 'inst|mem_if_ddr2_emif|pll0|upll_memphy|auto_generated|pll1|clk[0]'
Slack : 0.102
TNS   : 0.000

Type  : Fast 900mV 0C Model Hold 'inst3|altpll_component|auto_generated|pll1|clk[3]'
Slack : 0.127
TNS   : 0.000

Type  : Fast 900mV 0C Model Hold 'inst|mem_if_ddr2_emif|pll0|upll_memphy|auto_generated|pll1|clk[5]'
Slack : 0.130
TNS   : 0.000

Type  : Fast 900mV 0C Model Hold 'inst|mem_if_ddr2_emif|pll0|upll_memphy|auto_generated|pll1|clk[3]'
Slack : 0.132
TNS   : 0.000

Type  : Fast 900mV 0C Model Hold 'inst|mem_if_ddr2_emif|pll0|upll_memphy|auto_generated|pll1|clk[6]'
Slack : 0.134
TNS   : 0.000

Type  : Fast 900mV 0C Model Hold 'clk100'
Slack : 0.147
TNS   : 0.000

Type  : Fast 900mV 0C Model Hold 'altera_reserved_tck'
Slack : 0.163
TNS   : 0.000

Type  : Fast 900mV 0C Model Hold 'inst3|altpll_component|auto_generated|pll1|clk[2]'
Slack : 0.173
TNS   : 0.000

Type  : Fast 900mV 0C Model Hold 'inst|mem_if_ddr2_emif|DE4_QSYS_mem_if_ddr2_emif_p0_leveling_clk'
Slack : 0.490
TNS   : 0.000

Type  : Fast 900mV 0C Model Hold 'M1_DDR2_clk[1]'
Slack : 0.876
TNS   : 0.000

Type  : Fast 900mV 0C Model Hold 'M1_DDR2_clk[0]'
Slack : 0.877
TNS   : 0.000

Type  : Fast 900mV 0C Model Hold 'inst|mem_if_ddr2_emif|pll0|upll_memphy|auto_generated|pll1|clk[2]'
Slack : 1.304
TNS   : 0.000

Type  : Fast 900mV 0C Model Recovery 'inst|mem_if_ddr2_emif|pll0|upll_memphy|auto_generated|pll1|clk[0]'
Slack : -2.999
TNS   : -2202.610

Type  : Fast 900mV 0C Model Recovery 'inst8|gen_pll_inst|altpll_component|auto_generated|pll1|clk[0]'
Slack : -2.271
TNS   : -217.925

Type  : Fast 900mV 0C Model Recovery 'inst7|ALTLVDS_RX_component|auto_generated|pll|clk[2]'
Slack : -0.104
TNS   : -1.352

Type  : Fast 900mV 0C Model Recovery 'inst|mem_if_ddr2_emif|pll0|upll_memphy|auto_generated|pll1|clk[3]'
Slack : 3.902
TNS   : 0.000

Type  : Fast 900mV 0C Model Recovery 'inst|mem_if_ddr2_emif|pll0|upll_memphy|auto_generated|pll1|clk[5]'
Slack : 5.908
TNS   : 0.000

Type  : Fast 900mV 0C Model Recovery 'inst3|altpll_component|auto_generated|pll1|clk[3]'
Slack : 13.924
TNS   : 0.000

Type  : Fast 900mV 0C Model Recovery 'inst|mem_if_ddr2_emif|pll0|upll_memphy|auto_generated|pll1|clk[6]'
Slack : 38.739
TNS   : 0.000

Type  : Fast 900mV 0C Model Recovery 'altera_reserved_tck'
Slack : 49.252
TNS   : 0.000

Type  : Fast 900mV 0C Model Removal 'inst7|ALTLVDS_RX_component|auto_generated|pll|clk[2]'
Slack : -0.585
TNS   : -7.605

Type  : Fast 900mV 0C Model Removal 'inst8|gen_pll_inst|altpll_component|auto_generated|pll1|clk[0]'
Slack : 0.150
TNS   : 0.000

Type  : Fast 900mV 0C Model Removal 'altera_reserved_tck'
Slack : 0.284
TNS   : 0.000

Type  : Fast 900mV 0C Model Removal 'inst|mem_if_ddr2_emif|pll0|upll_memphy|auto_generated|pll1|clk[0]'
Slack : 0.284
TNS   : 0.000

Type  : Fast 900mV 0C Model Removal 'inst|mem_if_ddr2_emif|pll0|upll_memphy|auto_generated|pll1|clk[3]'
Slack : 0.344
TNS   : 0.000

Type  : Fast 900mV 0C Model Removal 'inst|mem_if_ddr2_emif|pll0|upll_memphy|auto_generated|pll1|clk[6]'
Slack : 0.357
TNS   : 0.000

Type  : Fast 900mV 0C Model Removal 'inst|mem_if_ddr2_emif|pll0|upll_memphy|auto_generated|pll1|clk[5]'
Slack : 3.627
TNS   : 0.000

Type  : Fast 900mV 0C Model Removal 'inst3|altpll_component|auto_generated|pll1|clk[3]'
Slack : 5.274
TNS   : 0.000

Type  : Fast 900mV 0C Model Minimum Pulse Width 'clk100'
Slack : 0.000
TNS   : 0.000

Type  : Fast 900mV 0C Model Minimum Pulse Width 'inst|mem_if_ddr2_emif|pll0|upll_memphy|auto_generated|pll1|clk[2]'
Slack : 0.505
TNS   : 0.000

Type  : Fast 900mV 0C Model Minimum Pulse Width 'inst|mem_if_ddr2_emif|DE4_QSYS_mem_if_ddr2_emif_p0_leveling_clk'
Slack : 0.704
TNS   : 0.000

Type  : Fast 900mV 0C Model Minimum Pulse Width 'inst7|ALTLVDS_RX_component|auto_generated|pll|clk[0]'
Slack : 0.808
TNS   : 0.000

Type  : Fast 900mV 0C Model Minimum Pulse Width 'inst|mem_if_ddr2_emif|pll0|upll_memphy|auto_generated|pll1|clk[1]'
Slack : 0.835
TNS   : 0.000

Type  : Fast 900mV 0C Model Minimum Pulse Width 'inst|mem_if_ddr2_emif|pll0|upll_memphy|auto_generated|pll1|clk[0]'
Slack : 1.154
TNS   : 0.000

Type  : Fast 900mV 0C Model Minimum Pulse Width 'rxclklvds'
Slack : 2.072
TNS   : 0.000

Type  : Fast 900mV 0C Model Minimum Pulse Width 'inst|mem_if_ddr2_emif|pll0|upll_memphy|auto_generated|pll1|clk[3]'
Slack : 2.081
TNS   : 0.000

Type  : Fast 900mV 0C Model Minimum Pulse Width 'inst8|gen_pll_inst|altpll_component|auto_generated|pll1|clk[0]'
Slack : 2.324
TNS   : 0.000

Type  : Fast 900mV 0C Model Minimum Pulse Width 'inst|mem_if_ddr2_emif|pll0|upll_memphy|auto_generated|pll1|clk[5]'
Slack : 4.212
TNS   : 0.000

Type  : Fast 900mV 0C Model Minimum Pulse Width 'inst|mem_if_ddr2_emif|pll0|upll_memphy|auto_generated|pll1|clk[6]'
Slack : 6.667
TNS   : 0.000

Type  : Fast 900mV 0C Model Minimum Pulse Width 'inst3|altpll_component|auto_generated|pll1|clk[3]'
Slack : 9.206
TNS   : 0.000

Type  : Fast 900mV 0C Model Minimum Pulse Width 'inst7|ALTLVDS_RX_component|auto_generated|pll|clk[2]'
Slack : 9.627
TNS   : 0.000

Type  : Fast 900mV 0C Model Minimum Pulse Width 'CLK_M1'
Slack : 9.890
TNS   : 0.000

Type  : Fast 900mV 0C Model Minimum Pulse Width 'altera_reserved_tck'
Slack : 49.291
TNS   : 0.000

Type  : Fast 900mV 0C Model Minimum Pulse Width 'inst3|altpll_component|auto_generated|pll1|clk[2]'
Slack : 4999.659
TNS   : 0.000

------------------------------------------------------------
